Clock: wclk
Sources: wclk 
Generated: no
Virtual: yes
Propagated: no
Period: 10.000000

===========================================================================
report_clock_properties
============================================================================
Clock                   Period          Waveform
----------------------------------------------------
wclk                 10.000000    0.000000  5.000000

===========================================================================
report_clock_latency
============================================================================
Clock wclk
rise -> rise
    min     max
0.000000 0.000000 source latency
0.001864         network latency _591_/CLK
        0.006906 network latency _616_/CLK
---------------
0.001864 0.006906 latency
        0.005042 skew

fall -> fall
    min     max
0.000000 0.000000 source latency
0.001726         network latency _591_/CLK
        0.006379 network latency _616_/CLK
---------------
0.001726 0.006379 latency
        0.004654 skew



===========================================================================
report_clock_min_period
============================================================================
wclk period_min = 3.19 fmax = 313.22
Clock: rclk
Sources: rclk 
Generated: no
Virtual: yes
Propagated: no
Period: 14.000000

===========================================================================
report_clock_properties
============================================================================
Clock                   Period          Waveform
----------------------------------------------------
rclk                 14.000000    0.000000  7.000000

===========================================================================
report_clock_latency
============================================================================
Clock rclk
rise -> rise
    min     max
0.000000 0.000000 source latency
0.000218         network latency _542_/CLK
        0.001004 network latency _546_/CLK
---------------
0.000218 0.001004 latency
        0.000786 skew

fall -> fall
    min     max
0.000000 0.000000 source latency
0.000204         network latency _542_/CLK
        0.000937 network latency _544_/CLK
---------------
0.000204 0.000937 latency
        0.000732 skew



===========================================================================
report_clock_min_period
============================================================================
rclk period_min = 2.38 fmax = 420.60
