
===========================================================================
 report_power
============================================================================
======================= nom_tt_025C_1v80 Corner ===================================

Group                    Internal    Switching      Leakage        Total
                            Power        Power        Power        Power (Watts)
------------------------------------------------------------------------
Sequential           1.113872e-03 2.182568e-04 1.558351e-09 1.332131e-03  61.4%
Combinational        5.945020e-04 2.412615e-04 1.238316e-09 8.357647e-04  38.6%
Clock                0.000000e+00 0.000000e+00 2.851233e-10 2.851233e-10   0.0%
Macro                0.000000e+00 0.000000e+00 0.000000e+00 0.000000e+00   0.0%
Pad                  0.000000e+00 0.000000e+00 0.000000e+00 0.000000e+00   0.0%
------------------------------------------------------------------------
Total                1.708375e-03 4.595185e-04 3.081789e-09 2.167896e-03 100.0%
                            78.8%        21.2%         0.0%
Writing metric power__internal__total: 0.0017083748243749142
Writing metric power__switching__total: 0.00045951848733238876
Writing metric power__leakage__total: 3.0817894902668286e-9
Writing metric power__total: 0.002167896367609501

