Reading technology LEF file at '/home/tcsul/.volare/volare/sky130/versions/0fe599b2afb6708d281543108caf8310912f54af/sky130A/libs.ref/sky130_fd_sc_hd/techlef/sky130_fd_sc_hd__max.tlef'…
[INFO ODB-0227] LEF file: /home/tcsul/.volare/volare/sky130/versions/0fe599b2afb6708d281543108caf8310912f54af/sky130A/libs.ref/sky130_fd_sc_hd/techlef/sky130_fd_sc_hd__max.tlef, created 14 layers, 25 vias
Reading cell LEF file at '/home/tcsul/.volare/volare/sky130/versions/0fe599b2afb6708d281543108caf8310912f54af/sky130A/libs.ref/sky130_fd_sc_hd/lef/sky130_fd_sc_hd.lef'…
[WARNING ODB-0220] WARNING (LEFPARS-2008): NOWIREEXTENSIONATPIN statement is obsolete in version 5.6 or later.
The NOWIREEXTENSIONATPIN statement will be ignored. See file /home/tcsul/.volare/volare/sky130/versions/0fe599b2afb6708d281543108caf8310912f54af/sky130A/libs.ref/sky130_fd_sc_hd/lef/sky130_fd_sc_hd.lef at line 2.

[INFO ODB-0227] LEF file: /home/tcsul/.volare/volare/sky130/versions/0fe599b2afb6708d281543108caf8310912f54af/sky130A/libs.ref/sky130_fd_sc_hd/lef/sky130_fd_sc_hd.lef, created 437 library cells
Reading cell LEF file at '/home/tcsul/.volare/volare/sky130/versions/0fe599b2afb6708d281543108caf8310912f54af/sky130A/libs.ref/sky130_fd_sc_hd/lef/sky130_ef_sc_hd.lef'…
[WARNING ODB-0220] WARNING (LEFPARS-2008): NOWIREEXTENSIONATPIN statement is obsolete in version 5.6 or later.
The NOWIREEXTENSIONATPIN statement will be ignored. See file /home/tcsul/.volare/volare/sky130/versions/0fe599b2afb6708d281543108caf8310912f54af/sky130A/libs.ref/sky130_fd_sc_hd/lef/sky130_ef_sc_hd.lef at line 2.

[INFO ODB-0227] LEF file: /home/tcsul/.volare/volare/sky130/versions/0fe599b2afb6708d281543108caf8310912f54af/sky130A/libs.ref/sky130_fd_sc_hd/lef/sky130_ef_sc_hd.lef, created 4 library cells
[INFO ODB-0127] Reading DEF file: /home/tcsul/projects/fifo_project/v_files/runs/RUN_2026-08-14_16-06-50/52-odb-cellfrequencytables/async_fifo.def
[INFO ODB-0128] Design: async_fifo
[INFO ODB-0130]     Created 26 pins.
[INFO ODB-0131]     Created 1621 components and 7904 component-terminals.
[INFO ODB-0132]     Created 2 special nets and 6070 connections.
[INFO ODB-0133]     Created 503 nets and 1818 connections.
[INFO ODB-0134] Finished DEF file: /home/tcsul/projects/fifo_project/v_files/runs/RUN_2026-08-14_16-06-50/52-odb-cellfrequencytables/async_fifo.def
Using RCX ruleset '/home/tcsul/.volare/volare/sky130/versions/0fe599b2afb6708d281543108caf8310912f54af/sky130A/libs.tech/openlane/rules.openrcx.sky130A.max.calibre'…
[INFO RCX-0431] Defined process_corner CURRENT_CORNER with ext_model_index 0
[INFO RCX-0029] Defined extraction corner CURRENT_CORNER
[INFO RCX-0435] Reading extraction model file /home/tcsul/.volare/volare/sky130/versions/0fe599b2afb6708d281543108caf8310912f54af/sky130A/libs.tech/openlane/rules.openrcx.sky130A.max.calibre ...
[INFO RCX-0436] RC segment generation async_fifo (max_merge_res 50.0) ...
[INFO RCX-0040] Final 2785 rc segments
[INFO RCX-0439] Coupling Cap extraction async_fifo ...
[INFO RCX-0440] Coupling threshhold is 0.1000 fF, coupling capacitance less than 0.1000 fF will be grounded.
[INFO RCX-0442] 52% of 3827 wires extracted
[INFO RCX-0442] 100% of 3827 wires extracted
[INFO RCX-0045] Extract 503 nets, 3288 rsegs, 3288 caps, 4086 ccs
Setting global connections for newly added cells…
[INFO] Setting global connections...
Updating metrics…
Cell type report:                       Count       Area
  Fill cell                               909    6386.12
  Tap cell                                207     259.00
  Standard cell                           505    7668.60
  Total                                  1621   14313.73
Writing extracted parasitics to '/home/tcsul/projects/fifo_project/v_files/runs/RUN_2026-08-14_16-06-50/53-openroad-rcx/max/async_fifo.max.spef'…
[INFO RCX-0443] 503 nets finished
