Reading timing models for corner nom_tt_025C_1v80…
Reading timing library for the 'nom_tt_025C_1v80' corner at '/home/tcsul/.volare/volare/sky130/versions/0fe599b2afb6708d281543108caf8310912f54af/sky130A/libs.ref/sky130_fd_sc_hd/lib/sky130_fd_sc_hd__tt_025C_1v80.lib'…
Reading timing models for corner nom_ff_n40C_1v95…
Reading timing library for the 'nom_ff_n40C_1v95' corner at '/home/tcsul/.volare/volare/sky130/versions/0fe599b2afb6708d281543108caf8310912f54af/sky130A/libs.ref/sky130_fd_sc_hd/lib/sky130_fd_sc_hd__ff_n40C_1v95.lib'…
Reading timing models for corner nom_ss_100C_1v60…
Reading timing library for the 'nom_ss_100C_1v60' corner at '/home/tcsul/.volare/volare/sky130/versions/0fe599b2afb6708d281543108caf8310912f54af/sky130A/libs.ref/sky130_fd_sc_hd/lib/sky130_fd_sc_hd__ss_100C_1v60.lib'…
Reading OpenROAD database at '/home/tcsul/projects/fifo_project/v_files/runs/RUN_2026-08-14_16-06-50/27-openroad-globalplacement/async_fifo.odb'…
Reading design constraints file at '/home/tcsul/projects/fifo_project/v_files/base_async_fifo.sdc'…
[INFO] No information on clock propagation in input SDC file-- propagating all clocks.
[INFO] Setting RC values…
[INFO RSZ-0027] Inserted 12 input buffers.
[INFO RSZ-0028] Inserted 10 output buffers.
[INFO RSZ-0058] Using max wire length 6335um.
Iteration | Resized | Buffers | Nets repaired | Remaining
---------------------------------------------------------
        0 |       0 |       0 |             0 |       482
       10 |       0 |       0 |             0 |       472
       20 |       0 |       0 |             0 |       462
       30 |       0 |       0 |             0 |       452
       40 |       0 |       0 |             0 |       442
       50 |       0 |       0 |             0 |       432
       60 |       0 |       0 |             0 |       422
       70 |       0 |       0 |             0 |       412
       80 |       0 |       0 |             0 |       402
       90 |       0 |       0 |             0 |       392
      100 |       0 |       0 |             0 |       382
      110 |       0 |       0 |             0 |       372
      120 |       0 |       0 |             0 |       362
      130 |       1 |       0 |             0 |       352
      140 |      11 |       0 |             0 |       342
      150 |      21 |       0 |             0 |       332
      160 |      31 |       0 |             0 |       322
      170 |      41 |       1 |             1 |       312
      180 |      51 |       1 |             1 |       302
      190 |      59 |       1 |             1 |       292
      200 |      66 |       1 |             1 |       282
      210 |      73 |       1 |             1 |       272
      220 |      80 |       1 |             1 |       262
      230 |      87 |       1 |             1 |       252
      240 |      97 |       1 |             1 |       242
      250 |     106 |       1 |             1 |       232
      260 |     116 |       1 |             1 |       222
      270 |     124 |       1 |             1 |       212
      280 |     124 |       1 |             1 |       202
      290 |     131 |       1 |             1 |       192
      300 |     141 |       1 |             1 |       182
      310 |     151 |       1 |             1 |       172
      320 |     161 |       1 |             1 |       162
      330 |     171 |       1 |             1 |       152
      340 |     181 |       1 |             1 |       142
      350 |     191 |       1 |             1 |       132
      360 |     200 |       1 |             1 |       122
      370 |     210 |       1 |             1 |       112
      380 |     220 |       1 |             1 |       102
      390 |     230 |       1 |             1 |        92
      400 |     240 |       1 |             1 |        82
      410 |     250 |       1 |             1 |        72
      420 |     260 |       1 |             1 |        62
      430 |     270 |       1 |             1 |        52
      440 |     280 |       1 |             1 |        42
      450 |     290 |       1 |             1 |        32
      460 |     300 |       1 |             1 |        22
      470 |     309 |       1 |             1 |        12
      480 |     309 |       1 |             1 |         2
    final |     309 |       1 |             1 |         0
---------------------------------------------------------
[INFO RSZ-0034] Found 1 slew violations.
[INFO RSZ-0036] Found 1 capacitance violations.
[INFO RSZ-0038] Inserted 1 buffers in 1 nets.
[INFO RSZ-0039] Resized 309 instances.
Placement Analysis
---------------------------------
total displacement       1582.2 u
average displacement        2.1 u
max displacement            9.9 u
original HPWL            7390.1 u
legalized HPWL           9313.7 u
delta HPWL                   26 %

[INFO DPL-0020] Mirrored 118 instances
[INFO DPL-0021] HPWL before            9313.7 u
[INFO DPL-0022] HPWL after             9052.9 u
[INFO DPL-0023] HPWL delta               -2.8 %
[INFO] Setting RC values…
Setting global connections for newly added cells…
[INFO] Setting global connections...
Updating metrics…
Cell type report:                       Count       Area
  Fill cell                                88     330.32
  Tap cell                                207     259.00
  Timing Repair Buffer                     23     147.64
  Inverter                                  7      26.28
  Sequential cell                         174    3704.80
  Multi-Input combinational cell          265    3266.88
  Total                                   764    7734.92
Writing OpenROAD database to '/home/tcsul/projects/fifo_project/v_files/runs/RUN_2026-08-14_16-06-50/31-openroad-repairdesignpostgpl/async_fifo.odb'…
Writing netlist to '/home/tcsul/projects/fifo_project/v_files/runs/RUN_2026-08-14_16-06-50/31-openroad-repairdesignpostgpl/async_fifo.nl.v'…
Writing powered netlist to '/home/tcsul/projects/fifo_project/v_files/runs/RUN_2026-08-14_16-06-50/31-openroad-repairdesignpostgpl/async_fifo.pnl.v'…
Writing layout to '/home/tcsul/projects/fifo_project/v_files/runs/RUN_2026-08-14_16-06-50/31-openroad-repairdesignpostgpl/async_fifo.def'…
Writing timing constraints to '/home/tcsul/projects/fifo_project/v_files/runs/RUN_2026-08-14_16-06-50/31-openroad-repairdesignpostgpl/async_fifo.sdc'…
