                                                                     Buffers by Cell Master                                                                     
┏━━━━━━━━━━━━━━━━━━━━━━━━━━━━━━━━━━━━━━━━━━━━━━━━━━━━━━━━━━━━━━━━━━━━━━━━━━━━━━━━━━━━━━━━━━━━━━━━━━━━━━━━━━━━━━━━━━━━━━━━━━━━━━┳━━━━━━━━━━━━━━━━━━━━━━━━━━━━━━━┓
┃ Buffer                                                                                                                       ┃ Count                         ┃
┡━━━━━━━━━━━━━━━━━━━━━━━━━━━━━━━━━━━━━━━━━━━━━━━━━━━━━━━━━━━━━━━━━━━━━━━━━━━━━━━━━━━━━━━━━━━━━━━━━━━━━━━━━━━━━━━━━━━━━━━━━━━━━━╇━━━━━━━━━━━━━━━━━━━━━━━━━━━━━━━┩
│ sky130_fd_sc_hd__buf_1                                                                                                       │ 10                            │
│ sky130_fd_sc_hd__buf_8                                                                                                       │ 1                             │
│ sky130_fd_sc_hd__clkbuf_1                                                                                                    │ 2                             │
│ sky130_fd_sc_hd__clkbuf_16                                                                                                   │ 4                             │
│ sky130_fd_sc_hd__clkbuf_4                                                                                                    │ 8                             │
│ sky130_fd_sc_hd__clkbuf_8                                                                                                    │ 21                            │
└──────────────────────────────────────────────────────────────────────────────────────────────────────────────────────────────┴───────────────────────────────┘
