                                                                        Cells by Master                                                                         
┏━━━━━━━━━━━━━━━━━━━━━━━━━━━━━━━━━━━━━━━━━━━━━━━━━━━━━━━━━━━━━━━━━━━━━━━━━━━━━━━━━━━━━━━━━━━━━━━━━━━━━━━━━━━━━━━━━━━━━━━━━━━━━━━━━┳━━━━━━━━━━━━━━━━━━━━━━━━━━━━┓
┃ Cell                                                                                                                            ┃ Count                      ┃
┡━━━━━━━━━━━━━━━━━━━━━━━━━━━━━━━━━━━━━━━━━━━━━━━━━━━━━━━━━━━━━━━━━━━━━━━━━━━━━━━━━━━━━━━━━━━━━━━━━━━━━━━━━━━━━━━━━━━━━━━━━━━━━━━━━╇━━━━━━━━━━━━━━━━━━━━━━━━━━━━┩
│ sky130_ef_sc_hd__decap_12                                                                                                       │ 223                        │
│ sky130_fd_sc_hd__a21boi_2                                                                                                       │ 1                          │
│ sky130_fd_sc_hd__a21oi_1                                                                                                        │ 3                          │
│ sky130_fd_sc_hd__a221o_1                                                                                                        │ 2                          │
│ sky130_fd_sc_hd__a22o_1                                                                                                         │ 8                          │
│ sky130_fd_sc_hd__a31o_1                                                                                                         │ 1                          │
│ sky130_fd_sc_hd__a41o_1                                                                                                         │ 1                          │
│ sky130_fd_sc_hd__and2_1                                                                                                         │ 5                          │
│ sky130_fd_sc_hd__and2_2                                                                                                         │ 2                          │
│ sky130_fd_sc_hd__and2b_1                                                                                                        │ 2                          │
│ sky130_fd_sc_hd__and3_1                                                                                                         │ 2                          │
│ sky130_fd_sc_hd__and4b_4                                                                                                        │ 4                          │
│ sky130_fd_sc_hd__and4bb_4                                                                                                       │ 4                          │
│ sky130_fd_sc_hd__buf_1                                                                                                          │ 10                         │
│ sky130_fd_sc_hd__buf_8                                                                                                          │ 1                          │
│ sky130_fd_sc_hd__bufinv_16                                                                                                      │ 3                          │
│ sky130_fd_sc_hd__clkbuf_1                                                                                                       │ 2                          │
│ sky130_fd_sc_hd__clkbuf_16                                                                                                      │ 4                          │
│ sky130_fd_sc_hd__clkbuf_4                                                                                                       │ 8                          │
│ sky130_fd_sc_hd__clkbuf_8                                                                                                       │ 21                         │
│ sky130_fd_sc_hd__clkinv_2                                                                                                       │ 3                          │
│ sky130_fd_sc_hd__clkinv_4                                                                                                       │ 4                          │
│ sky130_fd_sc_hd__clkinvlp_4                                                                                                     │ 2                          │
│ sky130_fd_sc_hd__decap_3                                                                                                        │ 161                        │
│ sky130_fd_sc_hd__decap_4                                                                                                        │ 112                        │
│ sky130_fd_sc_hd__decap_6                                                                                                        │ 82                         │
│ sky130_fd_sc_hd__decap_8                                                                                                        │ 86                         │
│ sky130_fd_sc_hd__dfrtp_1                                                                                                        │ 29                         │
│ sky130_fd_sc_hd__dfrtp_2                                                                                                        │ 1                          │
│ sky130_fd_sc_hd__dfrtp_4                                                                                                        │ 8                          │
│ sky130_fd_sc_hd__dfxtp_1                                                                                                        │ 136                        │
│ sky130_fd_sc_hd__fill_1                                                                                                         │ 173                        │
│ sky130_fd_sc_hd__fill_2                                                                                                         │ 72                         │
│ sky130_fd_sc_hd__inv_2                                                                                                          │ 7                          │
│ sky130_fd_sc_hd__inv_4                                                                                                          │ 1                          │
│ sky130_fd_sc_hd__mux2_1                                                                                                         │ 137                        │
│ sky130_fd_sc_hd__mux4_1                                                                                                         │ 32                         │
│ sky130_fd_sc_hd__nand2_1                                                                                                        │ 2                          │
│ sky130_fd_sc_hd__nand2b_1                                                                                                       │ 1                          │
│ sky130_fd_sc_hd__nand4_4                                                                                                        │ 4                          │
│ sky130_fd_sc_hd__nand4b_4                                                                                                       │ 4                          │
│ sky130_fd_sc_hd__nor2_1                                                                                                         │ 9                          │
│ sky130_fd_sc_hd__nor2_2                                                                                                         │ 2                          │
│ sky130_fd_sc_hd__nor3_1                                                                                                         │ 1                          │
│ sky130_fd_sc_hd__o2111a_1                                                                                                       │ 1                          │
│ sky130_fd_sc_hd__o21a_1                                                                                                         │ 8                          │
│ sky130_fd_sc_hd__o221ai_2                                                                                                       │ 1                          │
│ sky130_fd_sc_hd__o31a_1                                                                                                         │ 1                          │
│ sky130_fd_sc_hd__or2_1                                                                                                          │ 9                          │
│ sky130_fd_sc_hd__tapvpwrvgnd_1                                                                                                  │ 207                        │
│ sky130_fd_sc_hd__xnor2_1                                                                                                        │ 12                         │
│ sky130_fd_sc_hd__xor2_1                                                                                                         │ 6                          │
└─────────────────────────────────────────────────────────────────────────────────────────────────────────────────────────────────┴────────────────────────────┘
