Reading OpenROAD database at '/home/tcsul/projects/fifo_project/v_files/runs/RUN_2026-08-14_16-06-50/17-openroad-cutrows/async_fifo.odb'…
Reading library file at '/home/tcsul/.volare/volare/sky130/versions/0fe599b2afb6708d281543108caf8310912f54af/sky130A/libs.ref/sky130_fd_sc_hd/lib/sky130_fd_sc_hd__tt_025C_1v80.lib'…
Reading design constraints file at '/home/tcsul/projects/fifo_project/v_files/base_async_fifo.sdc'…
[INFO] No information on clock propagation in input SDC file-- propagating all clocks.
[INFO TAP-0004] Inserted 88 endcaps.
[INFO TAP-0005] Inserted 207 tapcells.
Setting global connections for newly added cells…
[INFO] Setting global connections...
Updating metrics…
Cell type report:                       Count       Area
  Fill cell                                88     330.32
  Tap cell                                207     259.00
  Inverter                                  7      26.28
  Sequential cell                         174    3891.23
  Multi-Input combinational cell          265    3270.64
  Total                                   741    7777.46
Writing OpenROAD database to '/home/tcsul/projects/fifo_project/v_files/runs/RUN_2026-08-14_16-06-50/18-openroad-tapendcapinsertion/async_fifo.odb'…
Writing netlist to '/home/tcsul/projects/fifo_project/v_files/runs/RUN_2026-08-14_16-06-50/18-openroad-tapendcapinsertion/async_fifo.nl.v'…
Writing powered netlist to '/home/tcsul/projects/fifo_project/v_files/runs/RUN_2026-08-14_16-06-50/18-openroad-tapendcapinsertion/async_fifo.pnl.v'…
Writing layout to '/home/tcsul/projects/fifo_project/v_files/runs/RUN_2026-08-14_16-06-50/18-openroad-tapendcapinsertion/async_fifo.def'…
Writing timing constraints to '/home/tcsul/projects/fifo_project/v_files/runs/RUN_2026-08-14_16-06-50/18-openroad-tapendcapinsertion/async_fifo.sdc'…
