
===========================================================================
report_checks -unconstrained
===========================================================================
======================= max_tt_025C_1v80 Corner ===================================

Startpoint: _657_ (rising edge-triggered flip-flop clocked by rclk)
Endpoint: _548_ (rising edge-triggered flip-flop clocked by rclk)
Path Group: rclk
Path Type: max

Fanout         Cap        Slew       Delay        Time   Description
---------------------------------------------------------------------------------------------
                                  0.000000    0.000000   clock rclk (rise edge)
                                  0.000000    0.000000   clock source latency
     1    0.015667    0.000000    0.000000    0.000000 ^ rclk (in)
                                                         rclk (net)
                      0.001164    0.000582    0.000582 ^ clkbuf_0_rclk/A (sky130_fd_sc_hd__clkbuf_16)
     2    0.018501    0.040565    0.108362    0.108943 ^ clkbuf_0_rclk/X (sky130_fd_sc_hd__clkbuf_16)
                                                         clknet_0_rclk (net)
                      0.040572    0.000978    0.109921 ^ clkbuf_1_1__f_rclk/A (sky130_fd_sc_hd__clkbuf_16)
    16    0.045924    0.065163    0.144028    0.253949 ^ clkbuf_1_1__f_rclk/X (sky130_fd_sc_hd__clkbuf_16)
                                                         clknet_1_1__leaf_rclk (net)
                      0.065248    0.002019    0.255968 ^ _657_/CLK (sky130_fd_sc_hd__dfrtp_4)
    36    0.240820    0.666685    0.858078    1.114046 ^ _657_/Q (sky130_fd_sc_hd__dfrtp_4)
                                                         bram.raddr[0] (net)
                      0.668768    0.030579    1.144624 ^ _280_/S0 (sky130_fd_sc_hd__mux4_1)
     1    0.005763    0.100358    0.659316    1.803940 v _280_/X (sky130_fd_sc_hd__mux4_1)
                                                         _162_ (net)
                      0.100358    0.000320    1.804260 v _281_/A1 (sky130_fd_sc_hd__mux2_1)
     1    0.010865    0.092202    0.358860    2.163120 v _281_/X (sky130_fd_sc_hd__mux2_1)
                                                         _163_ (net)
                      0.092211    0.000954    2.164074 v _282_/B1 (sky130_fd_sc_hd__a22o_1)
     1    0.010720    0.074786    0.231686    2.395760 v _282_/X (sky130_fd_sc_hd__a22o_1)
                                                         _006_ (net)
                      0.074793    0.000758    2.396518 v _548_/D (sky130_fd_sc_hd__dfxtp_1)
                                              2.396518   data arrival time

                                 14.000000   14.000000   clock rclk (rise edge)
                                  0.000000   14.000000   clock source latency
     1    0.015667    0.000000    0.000000   14.000000 ^ rclk (in)
                                                         rclk (net)
                      0.001164    0.000582   14.000582 ^ clkbuf_0_rclk/A (sky130_fd_sc_hd__clkbuf_16)
     2    0.018501    0.040565    0.108361   14.108943 ^ clkbuf_0_rclk/X (sky130_fd_sc_hd__clkbuf_16)
                                                         clknet_0_rclk (net)
                      0.040571    0.000928   14.109871 ^ clkbuf_1_0__f_rclk/A (sky130_fd_sc_hd__clkbuf_16)
    12    0.051170    0.069986    0.147801   14.257672 ^ clkbuf_1_0__f_rclk/X (sky130_fd_sc_hd__clkbuf_16)
                                                         clknet_1_0__leaf_rclk (net)
                      0.070173    0.002494   14.260166 ^ _548_/CLK (sky130_fd_sc_hd__dfxtp_1)
                                  0.000000   14.260166   clock reconvergence pessimism
                                 -0.117712   14.142454   library setup time
                                             14.142454   data required time
---------------------------------------------------------------------------------------------
                                             14.142454   data required time
                                             -2.396518   data arrival time
---------------------------------------------------------------------------------------------
                                             11.745936   slack (MET)


Startpoint: _554_ (rising edge-triggered flip-flop clocked by wclk)
Endpoint: _617_ (rising edge-triggered flip-flop clocked by wclk)
Path Group: wclk
Path Type: max

Fanout         Cap        Slew       Delay        Time   Description
---------------------------------------------------------------------------------------------
                                  0.000000    0.000000   clock wclk (rise edge)
                                  0.000000    0.000000   clock source latency
     1    0.022465    0.000000    0.000000    0.000000 ^ wclk (in)
                                                         wclk (net)
                      0.003489    0.001744    0.001744 ^ clkbuf_0_wclk/A (sky130_fd_sc_hd__clkbuf_16)
    16    0.124049    0.137346    0.185460    0.187204 ^ clkbuf_0_wclk/X (sky130_fd_sc_hd__clkbuf_16)
                                                         clknet_0_wclk (net)
                      0.137636    0.005109    0.192313 ^ clkbuf_4_13_0_wclk/A (sky130_fd_sc_hd__clkbuf_8)
    10    0.035438    0.074987    0.183978    0.376291 ^ clkbuf_4_13_0_wclk/X (sky130_fd_sc_hd__clkbuf_8)
                                                         clknet_4_13_0_wclk (net)
                      0.075012    0.001312    0.377603 ^ _554_/CLK (sky130_fd_sc_hd__dfrtp_1)
     2    0.009567    0.068633    0.400868    0.778471 v _554_/Q (sky130_fd_sc_hd__dfrtp_1)
                                                         r_ptr_gray_sync[4] (net)
                      0.068633    0.000615    0.779087 v _291_/A (sky130_fd_sc_hd__xor2_1)
     3    0.012574    0.286089    0.283661    1.062748 ^ _291_/X (sky130_fd_sc_hd__xor2_1)
                                                         _171_ (net)
                      0.286092    0.000725    1.063473 ^ _292_/B (sky130_fd_sc_hd__xnor2_1)
     3    0.011163    0.279602    0.220287    1.283759 ^ _292_/Y (sky130_fd_sc_hd__xnor2_1)
                                                         _172_ (net)
                      0.279606    0.000910    1.284669 ^ _293_/B (sky130_fd_sc_hd__xnor2_1)
     1    0.004951    0.156474    0.171959    1.456628 ^ _293_/Y (sky130_fd_sc_hd__xnor2_1)
                                                         _173_ (net)
                      0.156474    0.000353    1.456981 ^ _297_/S (sky130_fd_sc_hd__mux2_1)
     2    0.007154    0.076903    0.365471    1.822452 v _297_/X (sky130_fd_sc_hd__mux2_1)
                                                         _177_ (net)
                      0.076904    0.000458    1.822910 v _329_/A1 (sky130_fd_sc_hd__a21boi_2)
     3    0.018388    0.238106    0.247581    2.070491 ^ _329_/Y (sky130_fd_sc_hd__a21boi_2)
                                                         _198_ (net)
                      0.238114    0.001168    2.071659 ^ max_cap23/A (sky130_fd_sc_hd__buf_8)
    20    0.121728    0.198983    0.256281    2.327940 ^ max_cap23/X (sky130_fd_sc_hd__buf_8)
                                                         net23 (net)
                      0.199098    0.003983    2.331924 ^ _453_/C (sky130_fd_sc_hd__and4bb_4)
     8    0.060895    0.221055    0.403681    2.735605 ^ _453_/X (sky130_fd_sc_hd__and4bb_4)
                                                         _245_ (net)
                      0.221101    0.003232    2.738837 ^ _455_/S (sky130_fd_sc_hd__mux2_1)
     1    0.003768    0.060775    0.352321    3.091158 v _455_/X (sky130_fd_sc_hd__mux2_1)
                                                         _073_ (net)
                      0.060775    0.000231    3.091390 v _617_/D (sky130_fd_sc_hd__dfxtp_1)
                                              3.091390   data arrival time

                                 10.000000   10.000000   clock wclk (rise edge)
                                  0.000000   10.000000   clock source latency
     1    0.022465    0.000000    0.000000   10.000000 ^ wclk (in)
                                                         wclk (net)
                      0.003489    0.001744   10.001744 ^ clkbuf_0_wclk/A (sky130_fd_sc_hd__clkbuf_16)
    16    0.124049    0.137346    0.185460   10.187204 ^ clkbuf_0_wclk/X (sky130_fd_sc_hd__clkbuf_16)
                                                         clknet_0_wclk (net)
                      0.137609    0.004872   10.192076 ^ clkbuf_4_7_0_wclk/A (sky130_fd_sc_hd__clkbuf_8)
    11    0.034054    0.072823    0.182084   10.374160 ^ clkbuf_4_7_0_wclk/X (sky130_fd_sc_hd__clkbuf_8)
                                                         clknet_4_7_0_wclk (net)
                      0.072856    0.001483   10.375643 ^ _617_/CLK (sky130_fd_sc_hd__dfxtp_1)
                                  0.000000   10.375643   clock reconvergence pessimism
                                 -0.110938   10.264705   library setup time
                                             10.264705   data required time
---------------------------------------------------------------------------------------------
                                             10.264705   data required time
                                             -3.091390   data arrival time
---------------------------------------------------------------------------------------------
                                              7.173316   slack (MET)




===========================================================================
report_checks --slack_max -0.01
============================================================================
======================= max_tt_025C_1v80 Corner ===================================

No paths found.


===========================================================================
 report_check_types -max_slew -max_cap -max_fanout -violators
============================================================================
======================= max_tt_025C_1v80 Corner ===================================



===========================================================================
report_parasitic_annotation -report_unannotated
============================================================================
Found 16 unannotated drivers.
 clkload0/X
 clkload1/Y
 clkload10/Y
 clkload11/Y
 clkload12/Y
 clkload13/Y
 clkload14/Y
 clkload15/Y
 clkload2/X
 clkload3/Y
 clkload4/Y
 clkload5/Y
 clkload6/Y
 clkload7/Y
 clkload8/Y
 clkload9/X
Found 0 partially unannotated drivers.

===========================================================================
max slew violation count 0
max fanout violation count 0
max cap violation count 0
============================================================================

===========================================================================
check_setup -verbose -unconstrained_endpoints -multiple_clock -no_clock -no_input_delay -loops -generated_clocks
===========================================================================
Warning: There are 12 input ports missing set_input_delay.
  ren
  rrst_n
  wdata[0]
  wdata[1]
  wdata[2]
  wdata[3]
  wdata[4]
  wdata[5]
  wdata[6]
  wdata[7]
  wen
  wrst_n
Warning: There are 10 unconstrained endpoints.
  empty
  full
  rdata[0]
  rdata[1]
  rdata[2]
  rdata[3]
  rdata[4]
  rdata[5]
  rdata[6]
  rdata[7]
