Clock: wclk
Sources: wclk 
Generated: no
Virtual: yes
Propagated: no
Period: 10.000000

===========================================================================
report_clock_properties
============================================================================
Clock                   Period          Waveform
----------------------------------------------------
wclk                 10.000000    0.000000  5.000000

===========================================================================
report_clock_latency
============================================================================
Clock wclk
rise -> rise
    min     max
0.000000 0.000000 source latency
0.373235         network latency _644_/CLK
        0.383497 network latency _695_/CLK
---------------
0.373235 0.383497 latency
        0.010262 skew

fall -> fall
    min     max
0.000000 0.000000 source latency
0.362312         network latency _644_/CLK
        0.369894 network latency _695_/CLK
---------------
0.362312 0.369894 latency
        0.007583 skew



===========================================================================
report_clock_min_period
============================================================================
wclk period_min = 2.83 fmax = 353.77
Clock: rclk
Sources: rclk 
Generated: no
Virtual: yes
Propagated: no
Period: 14.000000

===========================================================================
report_clock_properties
============================================================================
Clock                   Period          Waveform
----------------------------------------------------
rclk                 14.000000    0.000000  7.000000

===========================================================================
report_clock_latency
============================================================================
Clock rclk
rise -> rise
    min     max
0.000000 0.000000 source latency
0.255569         network latency _534_/CLK
        0.260166 network latency _548_/CLK
---------------
0.255569 0.260166 latency
        0.004597 skew

fall -> fall
    min     max
0.000000 0.000000 source latency
0.283787         network latency _534_/CLK
        0.287335 network latency _548_/CLK
---------------
0.283787 0.287335 latency
        0.003548 skew



===========================================================================
report_clock_min_period
============================================================================
rclk period_min = 2.25 fmax = 443.64
