
===========================================================================
 report_power
============================================================================
======================= max_tt_025C_1v80 Corner ===================================

Group                    Internal    Switching      Leakage        Total
                            Power        Power        Power        Power (Watts)
------------------------------------------------------------------------
Sequential           1.043146e-03 2.693070e-04 1.582645e-09 1.312455e-03  47.8%
Combinational        5.372857e-04 3.309389e-04 1.373560e-09 8.682259e-04  31.6%
Clock                3.160416e-04 2.479451e-04 1.690127e-09 5.639884e-04  20.5%
Macro                0.000000e+00 0.000000e+00 0.000000e+00 0.000000e+00   0.0%
Pad                  0.000000e+00 0.000000e+00 0.000000e+00 0.000000e+00   0.0%
------------------------------------------------------------------------
Total                1.896474e-03 8.481913e-04 4.646325e-09 2.744670e-03 100.0%
                            69.1%        30.9%         0.0%

