Clock: wclk
Sources: wclk 
Generated: no
Virtual: yes
Propagated: no
Period: 10.000000

===========================================================================
report_clock_properties
============================================================================
Clock                   Period          Waveform
----------------------------------------------------
wclk                 10.000000    0.000000  5.000000

===========================================================================
report_clock_latency
============================================================================
Clock wclk
rise -> rise
    min     max
0.000000 0.000000 source latency
0.614536         network latency _644_/CLK
        0.627582 network latency _695_/CLK
---------------
0.614536 0.627582 latency
        0.013046 skew

fall -> fall
    min     max
0.000000 0.000000 source latency
0.606639         network latency _644_/CLK
        0.617788 network latency _695_/CLK
---------------
0.606639 0.617788 latency
        0.011150 skew



===========================================================================
report_clock_min_period
============================================================================
wclk period_min = 5.65 fmax = 177.05
Clock: rclk
Sources: rclk 
Generated: no
Virtual: yes
Propagated: no
Period: 14.000000

===========================================================================
report_clock_properties
============================================================================
Clock                   Period          Waveform
----------------------------------------------------
rclk                 14.000000    0.000000  7.000000

===========================================================================
report_clock_latency
============================================================================
Clock rclk
rise -> rise
    min     max
0.000000 0.000000 source latency
0.439183         network latency _535_/CLK
        0.444177 network latency _548_/CLK
---------------
0.439183 0.444177 latency
        0.004993 skew

fall -> fall
    min     max
0.000000 0.000000 source latency
0.493679         network latency _535_/CLK
        0.498654 network latency _548_/CLK
---------------
0.493679 0.498654 latency
        0.004975 skew



===========================================================================
report_clock_min_period
============================================================================
rclk period_min = 4.52 fmax = 221.39
