
===========================================================================
 report_power
============================================================================
======================= min_ss_100C_1v60 Corner ===================================

Group                    Internal    Switching      Leakage        Total
                            Power        Power        Power        Power (Watts)
------------------------------------------------------------------------
Sequential           8.219035e-04 1.933815e-04 2.725917e-06 1.018011e-03  48.0%
Combinational        4.275410e-04 2.359889e-04 2.051202e-06 6.655810e-04  31.4%
Clock                2.597355e-04 1.776392e-04 4.015965e-07 4.377764e-04  20.6%
Macro                0.000000e+00 0.000000e+00 0.000000e+00 0.000000e+00   0.0%
Pad                  0.000000e+00 0.000000e+00 0.000000e+00 0.000000e+00   0.0%
------------------------------------------------------------------------
Total                1.509180e-03 6.070095e-04 5.178705e-06 2.121368e-03 100.0%
                            71.1%        28.6%         0.2%

