Reading OpenROAD database at '/home/tcsul/projects/fifo_project/v_files/runs/RUN_2026-08-14_16-06-50/47-odb-reportdisconnectedpins/async_fifo.odb'…
Reading library file at '/home/tcsul/.volare/volare/sky130/versions/0fe599b2afb6708d281543108caf8310912f54af/sky130A/libs.ref/sky130_fd_sc_hd/lib/sky130_fd_sc_hd__tt_025C_1v80.lib'…
Reading design constraints file at '/home/tcsul/projects/fifo_project/v_files/base_async_fifo.sdc'…
[INFO] No information on clock propagation in input SDC file-- propagating all clocks.
sky130_ef_sc_hd__decap_12 sky130_fd_sc_hd__decap_8 sky130_fd_sc_hd__decap_6 sky130_fd_sc_hd__decap_4 sky130_fd_sc_hd__decap_3 sky130_fd_sc_hd__fill*
[INFO DPL-0001] Placed 821 filler instances.
Setting global connections for newly added cells…
[INFO] Setting global connections...
Updating metrics…
Cell type report:                       Count       Area
  Fill cell                               909    6386.12
  Tap cell                                207     259.00
  Clock buffer                             23     361.60
  Timing Repair Buffer                     23     147.64
  Inverter                                  7      26.28
  Clock inverter                           13     161.40
  Sequential cell                         174    3704.80
  Multi-Input combinational cell          265    3266.88
  Total                                  1621   14313.73
Writing OpenROAD database to '/home/tcsul/projects/fifo_project/v_files/runs/RUN_2026-08-14_16-06-50/51-openroad-fillinsertion/async_fifo.odb'…
Writing netlist to '/home/tcsul/projects/fifo_project/v_files/runs/RUN_2026-08-14_16-06-50/51-openroad-fillinsertion/async_fifo.nl.v'…
Writing powered netlist to '/home/tcsul/projects/fifo_project/v_files/runs/RUN_2026-08-14_16-06-50/51-openroad-fillinsertion/async_fifo.pnl.v'…
Writing layout to '/home/tcsul/projects/fifo_project/v_files/runs/RUN_2026-08-14_16-06-50/51-openroad-fillinsertion/async_fifo.def'…
Writing timing constraints to '/home/tcsul/projects/fifo_project/v_files/runs/RUN_2026-08-14_16-06-50/51-openroad-fillinsertion/async_fifo.sdc'…
