
===========================================================================
 report_power
============================================================================
======================= nom_tt_025C_1v80 Corner ===================================

Group                    Internal    Switching      Leakage        Total
                            Power        Power        Power        Power (Watts)
------------------------------------------------------------------------
Sequential           1.115673e-03 1.852009e-04 1.558351e-09 1.300875e-03  62.6%
Combinational        5.903857e-04 1.867765e-04 1.238316e-09 7.771634e-04  37.4%
Clock                0.000000e+00 0.000000e+00 0.000000e+00 0.000000e+00   0.0%
Macro                0.000000e+00 0.000000e+00 0.000000e+00 0.000000e+00   0.0%
Pad                  0.000000e+00 0.000000e+00 0.000000e+00 0.000000e+00   0.0%
------------------------------------------------------------------------
Total                1.706058e-03 3.719773e-04 2.796663e-09 2.078038e-03 100.0%
                            82.1%        17.9%         0.0%

