Reading OpenROAD database at '/home/tcsul/projects/fifo_project/v_files/runs/RUN_2026-08-14_16-06-50/20-openroad-generatepdn/async_fifo.odb'…
Reading library file at '/home/tcsul/.volare/volare/sky130/versions/0fe599b2afb6708d281543108caf8310912f54af/sky130A/libs.ref/sky130_fd_sc_hd/lib/sky130_fd_sc_hd__tt_025C_1v80.lib'…
Reading design constraints file at '/home/tcsul/projects/fifo_project/v_files/base_async_fifo.sdc'…
[INFO] No information on clock propagation in input SDC file-- propagating all clocks.
+ global_placement -density 0.6202799999999999 -skip_io -pad_right 0 -pad_left 0 -init_wirelength_coef 0.25
[INFO GPL-0002] DBU: 1000
[INFO GPL-0003] SiteSize: (  0.460  2.720 ) um
[INFO GPL-0004] CoreBBox: (  5.520 10.880 ) ( 125.120 130.560 ) um
[INFO GPL-0006] NumInstances:               741
[INFO GPL-0007] NumPlaceInstances:          446
[INFO GPL-0008] NumFixedInstances:          295
[INFO GPL-0009] NumDummyInstances:            0
[INFO GPL-0010] NumNets:                    460
[INFO GPL-0011] NumPins:                   1716
[INFO GPL-0012] DieBBox:  (  0.000  0.000 ) ( 130.940 141.660 ) um
[INFO GPL-0013] CoreBBox: (  5.520 10.880 ) ( 125.120 130.560 ) um
[INFO GPL-0016] CoreArea:             14313.728 um^2
[INFO GPL-0017] NonPlaceInstsArea:      589.315 um^2
[INFO GPL-0018] PlaceInstsArea:        7188.144 um^2
[INFO GPL-0019] Util:                    52.375 %
[INFO GPL-0020] StdInstsArea:          7188.144 um^2
[INFO GPL-0021] MacroInstsArea:           0.000 um^2
[INFO GPL-0031] FillerInit:NumGCells:       528
[INFO GPL-0032] FillerInit:NumGNets:        460
[INFO GPL-0033] FillerInit:NumGPins:       1716
[INFO GPL-0023] TargetDensity:            0.620
[INFO GPL-0024] AvrgPlaceInstArea:       16.117 um^2
[INFO GPL-0025] IdealBinArea:            25.983 um^2
[INFO GPL-0026] IdealBinCnt:                550
[INFO GPL-0027] TotalBinArea:         14313.728 um^2
[INFO GPL-0028] BinCnt:        16     16
[INFO GPL-0029] BinSize: (  7.475  7.480 )
[INFO GPL-0030] NumBins: 256
[NesterovSolve] Iter:    1 overflow: 0.981 HPWL: 1551766
[NesterovSolve] Iter:   10 overflow: 0.962 HPWL: 1060602
[NesterovSolve] Iter:   20 overflow: 0.962 HPWL: 1054363
[NesterovSolve] Iter:   30 overflow: 0.962 HPWL: 1048142
[NesterovSolve] Iter:   40 overflow: 0.962 HPWL: 1048361
[NesterovSolve] Iter:   50 overflow: 0.962 HPWL: 1048562
[NesterovSolve] Iter:   60 overflow: 0.962 HPWL: 1049355
[NesterovSolve] Iter:   70 overflow: 0.962 HPWL: 1050693
[NesterovSolve] Iter:   80 overflow: 0.962 HPWL: 1053295
[NesterovSolve] Iter:   90 overflow: 0.962 HPWL: 1057912
[NesterovSolve] Iter:  100 overflow: 0.962 HPWL: 1065650
[NesterovSolve] Iter:  110 overflow: 0.961 HPWL: 1079756
[NesterovSolve] Iter:  120 overflow: 0.957 HPWL: 1106561
[NesterovSolve] Iter:  130 overflow: 0.952 HPWL: 1151737
[NesterovSolve] Iter:  140 overflow: 0.951 HPWL: 1253093
[NesterovSolve] Iter:  150 overflow: 0.940 HPWL: 1377313
[NesterovSolve] Iter:  160 overflow: 0.933 HPWL: 1605468
[NesterovSolve] Iter:  170 overflow: 0.890 HPWL: 2215146
[NesterovSolve] Iter:  180 overflow: 0.862 HPWL: 2501771
[NesterovSolve] Iter:  190 overflow: 0.819 HPWL: 2876586
[NesterovSolve] Iter:  200 overflow: 0.793 HPWL: 3179722
[NesterovSolve] Iter:  210 overflow: 0.752 HPWL: 3693010
[NesterovSolve] Iter:  220 overflow: 0.708 HPWL: 3983912
[NesterovSolve] Iter:  230 overflow: 0.656 HPWL: 4322046
[NesterovSolve] Iter:  240 overflow: 0.607 HPWL: 4775849
[NesterovSolve] Iter:  250 overflow: 0.555 HPWL: 5115714
[NesterovSolve] Iter:  260 overflow: 0.496 HPWL: 5412408
[NesterovSolve] Iter:  270 overflow: 0.441 HPWL: 5715164
[NesterovSolve] Iter:  280 overflow: 0.387 HPWL: 5958770
[NesterovSolve] Iter:  290 overflow: 0.334 HPWL: 6108123
[NesterovSolve] Iter:  300 overflow: 0.303 HPWL: 6115449
[NesterovSolve] Iter:  310 overflow: 0.269 HPWL: 6169056
[NesterovSolve] Iter:  320 overflow: 0.235 HPWL: 6241696
[NesterovSolve] Iter:  330 overflow: 0.206 HPWL: 6318794
[NesterovSolve] Iter:  340 overflow: 0.182 HPWL: 6342944
[NesterovSolve] Iter:  350 overflow: 0.172 HPWL: 6392918
[NesterovSolve] Iter:  360 overflow: 0.147 HPWL: 6472159
[NesterovSolve] Iter:  370 overflow: 0.114 HPWL: 6573045
[NesterovSolve] Finished with Overflow: 0.099140
[INFO] Setting RC values…
Setting global connections for newly added cells…
[INFO] Setting global connections...
Updating metrics…
Cell type report:                       Count       Area
  Fill cell                                88     330.32
  Tap cell                                207     259.00
  Inverter                                  7      26.28
  Sequential cell                         174    3891.23
  Multi-Input combinational cell          265    3270.64
  Total                                   741    7777.46
Writing OpenROAD database to '/home/tcsul/projects/fifo_project/v_files/runs/RUN_2026-08-14_16-06-50/23-openroad-globalplacementskipio/async_fifo.odb'…
Writing netlist to '/home/tcsul/projects/fifo_project/v_files/runs/RUN_2026-08-14_16-06-50/23-openroad-globalplacementskipio/async_fifo.nl.v'…
Writing powered netlist to '/home/tcsul/projects/fifo_project/v_files/runs/RUN_2026-08-14_16-06-50/23-openroad-globalplacementskipio/async_fifo.pnl.v'…
Writing layout to '/home/tcsul/projects/fifo_project/v_files/runs/RUN_2026-08-14_16-06-50/23-openroad-globalplacementskipio/async_fifo.def'…
Writing timing constraints to '/home/tcsul/projects/fifo_project/v_files/runs/RUN_2026-08-14_16-06-50/23-openroad-globalplacementskipio/async_fifo.sdc'…
