
 /----------------------------------------------------------------------------\
 |  yosys -- Yosys Open SYnthesis Suite                                       |
 |  Copyright (C) 2012 - 2024  Claire Xenia Wolf <claire@yosyshq.com>         |
 |  Distributed under an ISC-like license, type "license" to see terms        |
 \----------------------------------------------------------------------------/
 Yosys 0.46 (git sha1 e97731b9dda91fa5fa53ed87df7c34163ba59a41, clang++ 17.0.6 -fPIC -O3)
Loaded SDC plugin

1. Executing Liberty frontend: /home/tcsul/.volare/volare/sky130/versions/0fe599b2afb6708d281543108caf8310912f54af/sky130A/libs.ref/sky130_fd_sc_hd/lib/sky130_fd_sc_hd__tt_025C_1v80.lib
Imported 428 cell types from liberty file.
[INFO] Using SDC file '/home/tcsul/projects/fifo_project/v_files/runs/RUN_2026-08-14_16-06-50/06-yosys-synthesis/synthesis.abc.sdc' for ABC…

2. Executing Verilog-2005 frontend: /home/tcsul/projects/fifo_project/v_files/bin2gray.v
Parsing SystemVerilog input from `/home/tcsul/projects/fifo_project/v_files/bin2gray.v' to AST representation.
Storing AST representation for module `$abstract\bin2gray'.
Successfully finished Verilog frontend.

3. Executing Verilog-2005 frontend: /home/tcsul/projects/fifo_project/v_files/gray2bin.v
Parsing SystemVerilog input from `/home/tcsul/projects/fifo_project/v_files/gray2bin.v' to AST representation.
Storing AST representation for module `$abstract\gray2bin'.
Successfully finished Verilog frontend.

4. Executing Verilog-2005 frontend: /home/tcsul/projects/fifo_project/v_files/sync2ff.v
Parsing SystemVerilog input from `/home/tcsul/projects/fifo_project/v_files/sync2ff.v' to AST representation.
Storing AST representation for module `$abstract\sync2ff'.
Successfully finished Verilog frontend.

5. Executing Verilog-2005 frontend: /home/tcsul/projects/fifo_project/v_files/dual_port_ram.v
Parsing SystemVerilog input from `/home/tcsul/projects/fifo_project/v_files/dual_port_ram.v' to AST representation.
Storing AST representation for module `$abstract\dual_port_ram'.
Successfully finished Verilog frontend.

6. Executing Verilog-2005 frontend: /home/tcsul/projects/fifo_project/v_files/rptr_handler.v
Parsing SystemVerilog input from `/home/tcsul/projects/fifo_project/v_files/rptr_handler.v' to AST representation.
Storing AST representation for module `$abstract\rptr_handler'.
Successfully finished Verilog frontend.

7. Executing Verilog-2005 frontend: /home/tcsul/projects/fifo_project/v_files/wptr_handler.v
Parsing SystemVerilog input from `/home/tcsul/projects/fifo_project/v_files/wptr_handler.v' to AST representation.
Storing AST representation for module `$abstract\wrptr_handler'.
Successfully finished Verilog frontend.

8. Executing Verilog-2005 frontend: /home/tcsul/projects/fifo_project/v_files/async_fifo.v
Parsing SystemVerilog input from `/home/tcsul/projects/fifo_project/v_files/async_fifo.v' to AST representation.
Storing AST representation for module `$abstract\async_fifo'.
Successfully finished Verilog frontend.

9. Executing HIERARCHY pass (managing design hierarchy).

10. Executing AST frontend in derive mode using pre-parsed AST for module `\async_fifo'.
Generating RTLIL representation for module `\async_fifo'.

10.1. Analyzing design hierarchy..
Top module:  \async_fifo

10.2. Executing AST frontend in derive mode using pre-parsed AST for module `\dual_port_ram'.
Generating RTLIL representation for module `\dual_port_ram'.
Parameter \PTR_WIDTH = 5

10.3. Executing AST frontend in derive mode using pre-parsed AST for module `\rptr_handler'.
Parameter \PTR_WIDTH = 5
Generating RTLIL representation for module `$paramod\rptr_handler\PTR_WIDTH=s32'00000000000000000000000000000101'.
Parameter \PTR_WIDTH = 5

10.4. Executing AST frontend in derive mode using pre-parsed AST for module `\wrptr_handler'.
Parameter \PTR_WIDTH = 5
Generating RTLIL representation for module `$paramod\wrptr_handler\PTR_WIDTH=s32'00000000000000000000000000000101'.
Parameter \WIDTH = 5

10.5. Executing AST frontend in derive mode using pre-parsed AST for module `\sync2ff'.
Parameter \WIDTH = 5
Generating RTLIL representation for module `$paramod\sync2ff\WIDTH=s32'00000000000000000000000000000101'.
Parameter \WIDTH = 5
Found cached RTLIL representation for module `$paramod\sync2ff\WIDTH=s32'00000000000000000000000000000101'.

10.6. Analyzing design hierarchy..
Top module:  \async_fifo
Used module:     \dual_port_ram
Used module:     $paramod\rptr_handler\PTR_WIDTH=s32'00000000000000000000000000000101
Used module:     $paramod\wrptr_handler\PTR_WIDTH=s32'00000000000000000000000000000101
Used module:     $paramod\sync2ff\WIDTH=s32'00000000000000000000000000000101
Parameter \WIDTH = 5

10.7. Executing AST frontend in derive mode using pre-parsed AST for module `\gray2bin'.
Parameter \WIDTH = 5
Generating RTLIL representation for module `$paramod\gray2bin\WIDTH=s32'00000000000000000000000000000101'.

10.8. Analyzing design hierarchy..
Top module:  \async_fifo
Used module:     \dual_port_ram
Used module:     $paramod\rptr_handler\PTR_WIDTH=s32'00000000000000000000000000000101
Used module:     $paramod\wrptr_handler\PTR_WIDTH=s32'00000000000000000000000000000101
Used module:         $paramod\gray2bin\WIDTH=s32'00000000000000000000000000000101
Used module:     $paramod\sync2ff\WIDTH=s32'00000000000000000000000000000101

10.9. Analyzing design hierarchy..
Top module:  \async_fifo
Used module:     \dual_port_ram
Used module:     $paramod\rptr_handler\PTR_WIDTH=s32'00000000000000000000000000000101
Used module:     $paramod\wrptr_handler\PTR_WIDTH=s32'00000000000000000000000000000101
Used module:         $paramod\gray2bin\WIDTH=s32'00000000000000000000000000000101
Used module:     $paramod\sync2ff\WIDTH=s32'00000000000000000000000000000101
Removing unused module `$abstract\async_fifo'.
Removing unused module `$abstract\wrptr_handler'.
Removing unused module `$abstract\rptr_handler'.
Removing unused module `$abstract\dual_port_ram'.
Removing unused module `$abstract\sync2ff'.
Removing unused module `$abstract\gray2bin'.
Removing unused module `$abstract\bin2gray'.
Removed 7 unused modules.
Renaming module async_fifo to async_fifo.

11. Generating Graphviz representation of design.
Writing dot description to `/home/tcsul/projects/fifo_project/v_files/runs/RUN_2026-08-14_16-06-50/06-yosys-synthesis/hierarchy.dot'.
Dumping module async_fifo to page 1.

12. Executing TRIBUF pass.

13. Executing HIERARCHY pass (managing design hierarchy).

13.1. Analyzing design hierarchy..
Top module:  \async_fifo
Used module:     \dual_port_ram
Used module:     $paramod\rptr_handler\PTR_WIDTH=s32'00000000000000000000000000000101
Used module:     $paramod\wrptr_handler\PTR_WIDTH=s32'00000000000000000000000000000101
Used module:         $paramod\gray2bin\WIDTH=s32'00000000000000000000000000000101
Used module:     $paramod\sync2ff\WIDTH=s32'00000000000000000000000000000101

13.2. Analyzing design hierarchy..
Top module:  \async_fifo
Used module:     \dual_port_ram
Used module:     $paramod\rptr_handler\PTR_WIDTH=s32'00000000000000000000000000000101
Used module:     $paramod\wrptr_handler\PTR_WIDTH=s32'00000000000000000000000000000101
Used module:         $paramod\gray2bin\WIDTH=s32'00000000000000000000000000000101
Used module:     $paramod\sync2ff\WIDTH=s32'00000000000000000000000000000101
Removed 0 unused modules.

14. Executing PROC_CLEAN pass (remove empty switches from decision trees).
Cleaned up 0 empty switches.

15. Executing PROC_RMDEAD pass (remove dead branches from decision trees).
Marked 1 switch rules as full_case in process $proc$/home/tcsul/projects/fifo_project/v_files/wptr_handler.v:19$27 in module $paramod\wrptr_handler\PTR_WIDTH=s32'00000000000000000000000000000101.
Marked 1 switch rules as full_case in process $proc$/home/tcsul/projects/fifo_project/v_files/rptr_handler.v:18$19 in module $paramod\rptr_handler\PTR_WIDTH=s32'00000000000000000000000000000101.
Marked 1 switch rules as full_case in process $proc$/home/tcsul/projects/fifo_project/v_files/dual_port_ram.v:18$5 in module dual_port_ram.
Marked 1 switch rules as full_case in process $proc$/home/tcsul/projects/fifo_project/v_files/sync2ff.v:12$32 in module $paramod\sync2ff\WIDTH=s32'00000000000000000000000000000101.
Removed a total of 0 dead cases.

16. Executing PROC_PRUNE pass (remove redundant assignments in processes).
Removed 6 redundant assignments.
Promoted 10 assignments to connections.

17. Executing PROC_INIT pass (extract init attributes).

18. Executing PROC_ARST pass (detect async resets in processes).
Found async reset \wrst_n in `$paramod\wrptr_handler\PTR_WIDTH=s32'00000000000000000000000000000101.$proc$/home/tcsul/projects/fifo_project/v_files/wptr_handler.v:19$27'.
Found async reset \rrst_n in `$paramod\rptr_handler\PTR_WIDTH=s32'00000000000000000000000000000101.$proc$/home/tcsul/projects/fifo_project/v_files/rptr_handler.v:18$19'.
Found async reset \rst_n in `$paramod\sync2ff\WIDTH=s32'00000000000000000000000000000101.$proc$/home/tcsul/projects/fifo_project/v_files/sync2ff.v:12$32'.

19. Executing PROC_ROM pass (convert switches to ROMs).
Converted 0 switches.
<suppressed ~1 debug messages>

20. Executing PROC_MUX pass (convert decision trees to multiplexers).
Creating decoders for process `$paramod\wrptr_handler\PTR_WIDTH=s32'00000000000000000000000000000101.$proc$/home/tcsul/projects/fifo_project/v_files/wptr_handler.v:19$27'.
     1/2: $0\g_wptr[4:0]
     2/2: $0\b_wptr[4:0]
Creating decoders for process `$paramod\rptr_handler\PTR_WIDTH=s32'00000000000000000000000000000101.$proc$/home/tcsul/projects/fifo_project/v_files/rptr_handler.v:18$19'.
     1/2: $0\g_rptr[4:0]
     2/2: $0\b_rptr[4:0]
Creating decoders for process `\dual_port_ram.$proc$/home/tcsul/projects/fifo_project/v_files/dual_port_ram.v:26$12'.
Creating decoders for process `\dual_port_ram.$proc$/home/tcsul/projects/fifo_project/v_files/dual_port_ram.v:18$5'.
     1/3: $1$memwr$\mem$/home/tcsul/projects/fifo_project/v_files/dual_port_ram.v:20$4_EN[7:0]$11
     2/3: $1$memwr$\mem$/home/tcsul/projects/fifo_project/v_files/dual_port_ram.v:20$4_DATA[7:0]$10
     3/3: $1$memwr$\mem$/home/tcsul/projects/fifo_project/v_files/dual_port_ram.v:20$4_ADDR[3:0]$9
Creating decoders for process `$paramod\sync2ff\WIDTH=s32'00000000000000000000000000000101.$proc$/home/tcsul/projects/fifo_project/v_files/sync2ff.v:12$32'.
     1/2: $0\q2[4:0]
     2/2: $0\q1[4:0]
Creating decoders for process `$paramod\gray2bin\WIDTH=s32'00000000000000000000000000000101.$proc$/home/tcsul/projects/fifo_project/v_files/gray2bin.v:10$34'.

21. Executing PROC_DLATCH pass (convert process syncs to latches).
No latch inferred for signal `$paramod\gray2bin\WIDTH=s32'00000000000000000000000000000101.\bin' from process `$paramod\gray2bin\WIDTH=s32'00000000000000000000000000000101.$proc$/home/tcsul/projects/fifo_project/v_files/gray2bin.v:10$34'.
No latch inferred for signal `$paramod\gray2bin\WIDTH=s32'00000000000000000000000000000101.\i' from process `$paramod\gray2bin\WIDTH=s32'00000000000000000000000000000101.$proc$/home/tcsul/projects/fifo_project/v_files/gray2bin.v:10$34'.

22. Executing PROC_DFF pass (convert process syncs to FFs).
Creating register for signal `$paramod\wrptr_handler\PTR_WIDTH=s32'00000000000000000000000000000101.\b_wptr' using process `$paramod\wrptr_handler\PTR_WIDTH=s32'00000000000000000000000000000101.$proc$/home/tcsul/projects/fifo_project/v_files/wptr_handler.v:19$27'.
  created $adff cell `$procdff$52' with positive edge clock and positive level reset.
Creating register for signal `$paramod\wrptr_handler\PTR_WIDTH=s32'00000000000000000000000000000101.\g_wptr' using process `$paramod\wrptr_handler\PTR_WIDTH=s32'00000000000000000000000000000101.$proc$/home/tcsul/projects/fifo_project/v_files/wptr_handler.v:19$27'.
  created $adff cell `$procdff$57' with positive edge clock and positive level reset.
Creating register for signal `$paramod\rptr_handler\PTR_WIDTH=s32'00000000000000000000000000000101.\b_rptr' using process `$paramod\rptr_handler\PTR_WIDTH=s32'00000000000000000000000000000101.$proc$/home/tcsul/projects/fifo_project/v_files/rptr_handler.v:18$19'.
  created $adff cell `$procdff$62' with positive edge clock and positive level reset.
Creating register for signal `$paramod\rptr_handler\PTR_WIDTH=s32'00000000000000000000000000000101.\g_rptr' using process `$paramod\rptr_handler\PTR_WIDTH=s32'00000000000000000000000000000101.$proc$/home/tcsul/projects/fifo_project/v_files/rptr_handler.v:18$19'.
  created $adff cell `$procdff$67' with positive edge clock and positive level reset.
Creating register for signal `\dual_port_ram.\rdata' using process `\dual_port_ram.$proc$/home/tcsul/projects/fifo_project/v_files/dual_port_ram.v:26$12'.
  created $dff cell `$procdff$68' with positive edge clock.
Creating register for signal `\dual_port_ram.$memwr$\mem$/home/tcsul/projects/fifo_project/v_files/dual_port_ram.v:20$4_ADDR' using process `\dual_port_ram.$proc$/home/tcsul/projects/fifo_project/v_files/dual_port_ram.v:18$5'.
  created $dff cell `$procdff$69' with positive edge clock.
Creating register for signal `\dual_port_ram.$memwr$\mem$/home/tcsul/projects/fifo_project/v_files/dual_port_ram.v:20$4_DATA' using process `\dual_port_ram.$proc$/home/tcsul/projects/fifo_project/v_files/dual_port_ram.v:18$5'.
  created $dff cell `$procdff$70' with positive edge clock.
Creating register for signal `\dual_port_ram.$memwr$\mem$/home/tcsul/projects/fifo_project/v_files/dual_port_ram.v:20$4_EN' using process `\dual_port_ram.$proc$/home/tcsul/projects/fifo_project/v_files/dual_port_ram.v:18$5'.
  created $dff cell `$procdff$71' with positive edge clock.
Creating register for signal `$paramod\sync2ff\WIDTH=s32'00000000000000000000000000000101.\q2' using process `$paramod\sync2ff\WIDTH=s32'00000000000000000000000000000101.$proc$/home/tcsul/projects/fifo_project/v_files/sync2ff.v:12$32'.
  created $adff cell `$procdff$76' with positive edge clock and positive level reset.
Creating register for signal `$paramod\sync2ff\WIDTH=s32'00000000000000000000000000000101.\q1' using process `$paramod\sync2ff\WIDTH=s32'00000000000000000000000000000101.$proc$/home/tcsul/projects/fifo_project/v_files/sync2ff.v:12$32'.
  created $adff cell `$procdff$81' with positive edge clock and positive level reset.

23. Executing PROC_MEMWR pass (convert process memory writes to cells).

24. Executing PROC_CLEAN pass (remove empty switches from decision trees).
Removing empty process `$paramod\wrptr_handler\PTR_WIDTH=s32'00000000000000000000000000000101.$proc$/home/tcsul/projects/fifo_project/v_files/wptr_handler.v:19$27'.
Removing empty process `$paramod\rptr_handler\PTR_WIDTH=s32'00000000000000000000000000000101.$proc$/home/tcsul/projects/fifo_project/v_files/rptr_handler.v:18$19'.
Removing empty process `dual_port_ram.$proc$/home/tcsul/projects/fifo_project/v_files/dual_port_ram.v:26$12'.
Found and cleaned up 1 empty switch in `\dual_port_ram.$proc$/home/tcsul/projects/fifo_project/v_files/dual_port_ram.v:18$5'.
Removing empty process `dual_port_ram.$proc$/home/tcsul/projects/fifo_project/v_files/dual_port_ram.v:18$5'.
Removing empty process `$paramod\sync2ff\WIDTH=s32'00000000000000000000000000000101.$proc$/home/tcsul/projects/fifo_project/v_files/sync2ff.v:12$32'.
Removing empty process `$paramod\gray2bin\WIDTH=s32'00000000000000000000000000000101.$proc$/home/tcsul/projects/fifo_project/v_files/gray2bin.v:10$34'.
Cleaned up 1 empty switch.

25. Executing CHECK pass (checking for obvious problems).
Checking module async_fifo...
Checking module $paramod\wrptr_handler\PTR_WIDTH=s32'00000000000000000000000000000101...
Checking module $paramod\rptr_handler\PTR_WIDTH=s32'00000000000000000000000000000101...
Checking module dual_port_ram...
Checking module $paramod\sync2ff\WIDTH=s32'00000000000000000000000000000101...
Checking module $paramod\gray2bin\WIDTH=s32'00000000000000000000000000000101...
Found and reported 0 problems.

26. Executing OPT_EXPR pass (perform const folding).
Optimizing module async_fifo.
Optimizing module $paramod\wrptr_handler\PTR_WIDTH=s32'00000000000000000000000000000101.
<suppressed ~5 debug messages>
Optimizing module $paramod\rptr_handler\PTR_WIDTH=s32'00000000000000000000000000000101.
<suppressed ~5 debug messages>
Optimizing module dual_port_ram.
Optimizing module $paramod\sync2ff\WIDTH=s32'00000000000000000000000000000101.
<suppressed ~4 debug messages>
Optimizing module $paramod\gray2bin\WIDTH=s32'00000000000000000000000000000101.

27. Executing FLATTEN pass (flatten design).
Deleting now unused module $paramod\wrptr_handler\PTR_WIDTH=s32'00000000000000000000000000000101.
Deleting now unused module $paramod\rptr_handler\PTR_WIDTH=s32'00000000000000000000000000000101.
Deleting now unused module dual_port_ram.
Deleting now unused module $paramod\sync2ff\WIDTH=s32'00000000000000000000000000000101.
Deleting now unused module $paramod\gray2bin\WIDTH=s32'00000000000000000000000000000101.
<suppressed ~6 debug messages>

28. Executing OPT_EXPR pass (perform const folding).
Optimizing module async_fifo.

29. Executing OPT_CLEAN pass (remove unused cells and wires).
Finding unused cells or wires in module \async_fifo..
Removed 15 unused cells and 57 unused wires.
<suppressed ~17 debug messages>

30. Executing OPT_EXPR pass (perform const folding).
Optimizing module async_fifo.

31. Executing OPT_MERGE pass (detect identical cells).
Finding identical cells in module `\async_fifo'.
Removed a total of 0 cells.

32. Executing OPT_MUXTREE pass (detect dead branches in mux trees).
Running muxtree optimizer on module \async_fifo..
  Creating internal representation of mux trees.
  Evaluating internal representation of mux trees.
  Analyzing evaluation results.
Removed 0 multiplexer ports.
<suppressed ~3 debug messages>

33. Executing OPT_REDUCE pass (consolidate $*mux and $reduce_* inputs).
  Optimizing cells in module \async_fifo.
    Consolidated identical input bits for $mux cell $flatten\bram.$procmux$40:
      Old ports: A=8'00000000, B=8'11111111, Y=$flatten\bram.$0$memwr$\mem$/home/tcsul/projects/fifo_project/v_files/dual_port_ram.v:20$4_EN[7:0]$8
      New ports: A=1'0, B=1'1, Y=$flatten\bram.$0$memwr$\mem$/home/tcsul/projects/fifo_project/v_files/dual_port_ram.v:20$4_EN[7:0]$8 [0]
      New connections: $flatten\bram.$0$memwr$\mem$/home/tcsul/projects/fifo_project/v_files/dual_port_ram.v:20$4_EN[7:0]$8 [7:1] = { $flatten\bram.$0$memwr$\mem$/home/tcsul/projects/fifo_project/v_files/dual_port_ram.v:20$4_EN[7:0]$8 [0] $flatten\bram.$0$memwr$\mem$/home/tcsul/projects/fifo_project/v_files/dual_port_ram.v:20$4_EN[7:0]$8 [0] $flatten\bram.$0$memwr$\mem$/home/tcsul/projects/fifo_project/v_files/dual_port_ram.v:20$4_EN[7:0]$8 [0] $flatten\bram.$0$memwr$\mem$/home/tcsul/projects/fifo_project/v_files/dual_port_ram.v:20$4_EN[7:0]$8 [0] $flatten\bram.$0$memwr$\mem$/home/tcsul/projects/fifo_project/v_files/dual_port_ram.v:20$4_EN[7:0]$8 [0] $flatten\bram.$0$memwr$\mem$/home/tcsul/projects/fifo_project/v_files/dual_port_ram.v:20$4_EN[7:0]$8 [0] $flatten\bram.$0$memwr$\mem$/home/tcsul/projects/fifo_project/v_files/dual_port_ram.v:20$4_EN[7:0]$8 [0] }
  Optimizing cells in module \async_fifo.
Performed a total of 1 changes.

34. Executing OPT_MERGE pass (detect identical cells).
Finding identical cells in module `\async_fifo'.
Removed a total of 0 cells.

35. Executing OPT_DFF pass (perform DFF optimizations).

36. Executing OPT_CLEAN pass (remove unused cells and wires).
Finding unused cells or wires in module \async_fifo..

37. Executing OPT_EXPR pass (perform const folding).
Optimizing module async_fifo.

38. Rerunning OPT passes. (Maybe there is more to do…)

39. Executing OPT_MUXTREE pass (detect dead branches in mux trees).
Running muxtree optimizer on module \async_fifo..
  Creating internal representation of mux trees.
  Evaluating internal representation of mux trees.
  Analyzing evaluation results.
Removed 0 multiplexer ports.
<suppressed ~3 debug messages>

40. Executing OPT_REDUCE pass (consolidate $*mux and $reduce_* inputs).
  Optimizing cells in module \async_fifo.
Performed a total of 0 changes.

41. Executing OPT_MERGE pass (detect identical cells).
Finding identical cells in module `\async_fifo'.
Removed a total of 0 cells.

42. Executing OPT_DFF pass (perform DFF optimizations).

43. Executing OPT_CLEAN pass (remove unused cells and wires).
Finding unused cells or wires in module \async_fifo..

44. Executing OPT_EXPR pass (perform const folding).
Optimizing module async_fifo.

45. Executing FSM pass (extract and optimize FSM).

45.1. Executing FSM_DETECT pass (finding FSMs in design).

45.2. Executing FSM_EXTRACT pass (extracting FSM from design).

45.3. Executing FSM_OPT pass (simple optimizations of FSMs).

45.4. Executing OPT_CLEAN pass (remove unused cells and wires).
Finding unused cells or wires in module \async_fifo..

45.5. Executing FSM_OPT pass (simple optimizations of FSMs).

45.6. Executing FSM_RECODE pass (re-assigning FSM state encoding).

45.7. Executing FSM_INFO pass (dumping all available information on FSM cells).

45.8. Executing FSM_MAP pass (mapping FSMs to basic logic).

46. Executing OPT_EXPR pass (perform const folding).
Optimizing module async_fifo.

47. Executing OPT_MERGE pass (detect identical cells).
Finding identical cells in module `\async_fifo'.
Removed a total of 0 cells.

48. Executing OPT_MUXTREE pass (detect dead branches in mux trees).
Running muxtree optimizer on module \async_fifo..
  Creating internal representation of mux trees.
  Evaluating internal representation of mux trees.
  Analyzing evaluation results.
Removed 0 multiplexer ports.
<suppressed ~3 debug messages>

49. Executing OPT_REDUCE pass (consolidate $*mux and $reduce_* inputs).
  Optimizing cells in module \async_fifo.
Performed a total of 0 changes.

50. Executing OPT_MERGE pass (detect identical cells).
Finding identical cells in module `\async_fifo'.
Removed a total of 0 cells.

51. Executing OPT_DFF pass (perform DFF optimizations).

52. Executing OPT_CLEAN pass (remove unused cells and wires).
Finding unused cells or wires in module \async_fifo..

53. Executing OPT_EXPR pass (perform const folding).
Optimizing module async_fifo.

54. Executing WREDUCE pass (reducing word size of cells).
Removed top 1 bits (of 5) from port B of cell async_fifo.$flatten\u_wrptr_handler.$xor$/home/tcsul/projects/fifo_project/v_files/wptr_handler.v:17$26 ($xor).
Removed top 4 bits (of 5) from port B of cell async_fifo.$flatten\u_wrptr_handler.$add$/home/tcsul/projects/fifo_project/v_files/wptr_handler.v:16$24 ($add).
Removed top 1 bits (of 5) from port B of cell async_fifo.$flatten\u_rptr_handler.$xor$/home/tcsul/projects/fifo_project/v_files/rptr_handler.v:16$18 ($xor).
Removed top 4 bits (of 5) from port B of cell async_fifo.$flatten\u_rptr_handler.$add$/home/tcsul/projects/fifo_project/v_files/rptr_handler.v:15$16 ($add).
Removed top 4 bits (of 5) from wire async_fifo.$flatten\u_rptr_handler.$logic_and$/home/tcsul/projects/fifo_project/v_files/rptr_handler.v:15$15_Y.
Removed top 4 bits (of 5) from wire async_fifo.$flatten\u_wrptr_handler.$logic_and$/home/tcsul/projects/fifo_project/v_files/wptr_handler.v:16$23_Y.

55. Executing PEEPOPT pass (run peephole optimizers).

56. Executing OPT_CLEAN pass (remove unused cells and wires).
Finding unused cells or wires in module \async_fifo..
Removed 0 unused cells and 2 unused wires.
<suppressed ~1 debug messages>

57. Executing ALUMACC pass (create $alu and $macc cells).
Extracting $alu and $macc cells in module async_fifo:
  creating $macc model for $flatten\u_rptr_handler.$add$/home/tcsul/projects/fifo_project/v_files/rptr_handler.v:15$16 ($add).
  creating $macc model for $flatten\u_wrptr_handler.$add$/home/tcsul/projects/fifo_project/v_files/wptr_handler.v:16$24 ($add).
  creating $alu model for $macc $flatten\u_wrptr_handler.$add$/home/tcsul/projects/fifo_project/v_files/wptr_handler.v:16$24.
  creating $alu model for $macc $flatten\u_rptr_handler.$add$/home/tcsul/projects/fifo_project/v_files/rptr_handler.v:15$16.
  creating $alu cell for $flatten\u_rptr_handler.$add$/home/tcsul/projects/fifo_project/v_files/rptr_handler.v:15$16: $auto$alumacc.cc:485:replace_alu$91
  creating $alu cell for $flatten\u_wrptr_handler.$add$/home/tcsul/projects/fifo_project/v_files/wptr_handler.v:16$24: $auto$alumacc.cc:485:replace_alu$94
  created 2 $alu and 0 $macc cells.

58. Executing SHARE pass (SAT-based resource sharing).

59. Executing OPT_EXPR pass (perform const folding).
Optimizing module async_fifo.

60. Executing OPT_MERGE pass (detect identical cells).
Finding identical cells in module `\async_fifo'.
Removed a total of 0 cells.

61. Executing OPT_MUXTREE pass (detect dead branches in mux trees).
Running muxtree optimizer on module \async_fifo..
  Creating internal representation of mux trees.
  Evaluating internal representation of mux trees.
  Analyzing evaluation results.
Removed 0 multiplexer ports.
<suppressed ~3 debug messages>

62. Executing OPT_REDUCE pass (consolidate $*mux and $reduce_* inputs).
  Optimizing cells in module \async_fifo.
Performed a total of 0 changes.

63. Executing OPT_MERGE pass (detect identical cells).
Finding identical cells in module `\async_fifo'.
Removed a total of 0 cells.

64. Executing OPT_DFF pass (perform DFF optimizations).

65. Executing OPT_CLEAN pass (remove unused cells and wires).
Finding unused cells or wires in module \async_fifo..

66. Executing OPT_EXPR pass (perform const folding).
Optimizing module async_fifo.

67. Executing MEMORY pass.

67.1. Executing OPT_MEM pass (optimize memories).
Performed a total of 0 transformations.

67.2. Executing OPT_MEM_PRIORITY pass (removing unnecessary memory write priority relations).
Performed a total of 0 transformations.

67.3. Executing OPT_MEM_FEEDBACK pass (finding memory read-to-write feedback paths).
  Analyzing async_fifo.bram.mem write port 0.

67.4. Executing MEMORY_BMUX2ROM pass (converting muxes to ROMs).

67.5. Executing MEMORY_DFF pass (merging $dff cells to $memrd).
Checking read port `\bram.mem'[0] in module `\async_fifo': merging output FF to cell.

67.6. Executing OPT_CLEAN pass (remove unused cells and wires).
Finding unused cells or wires in module \async_fifo..
Removed 1 unused cells and 9 unused wires.
<suppressed ~2 debug messages>

67.7. Executing MEMORY_SHARE pass (consolidating $memrd/$memwr cells).

67.8. Executing OPT_MEM_WIDEN pass (optimize memories where all ports are wide).
Performed a total of 0 transformations.

67.9. Executing OPT_CLEAN pass (remove unused cells and wires).
Finding unused cells or wires in module \async_fifo..

67.10. Executing MEMORY_COLLECT pass (generating $mem cells).

68. Executing OPT_CLEAN pass (remove unused cells and wires).
Finding unused cells or wires in module \async_fifo..

69. Executing OPT_EXPR pass (perform const folding).
Optimizing module async_fifo.
<suppressed ~13 debug messages>

70. Executing OPT_MERGE pass (detect identical cells).
Finding identical cells in module `\async_fifo'.
Removed a total of 0 cells.

71. Executing OPT_DFF pass (perform DFF optimizations).

72. Executing OPT_CLEAN pass (remove unused cells and wires).
Finding unused cells or wires in module \async_fifo..
Removed 0 unused cells and 7 unused wires.
<suppressed ~1 debug messages>

73. Executing MEMORY_MAP pass (converting memories to logic and flip-flops).
Mapping memory \bram.mem in module \async_fifo:
  created 16 $dff cells and 0 static cells of width 8.
Extracted data FF from read port 0 of async_fifo.bram.mem: $\bram.mem$rdreg[0]
  read interface: 1 $dff and 15 $mux cells.
  write interface: 16 write mux blocks.

74. Executing OPT_EXPR pass (perform const folding).
Optimizing module async_fifo.
<suppressed ~8 debug messages>

75. Executing OPT_MERGE pass (detect identical cells).
Finding identical cells in module `\async_fifo'.
Removed a total of 0 cells.

76. Executing OPT_MUXTREE pass (detect dead branches in mux trees).
Running muxtree optimizer on module \async_fifo..
  Creating internal representation of mux trees.
  Evaluating internal representation of mux trees.
  Analyzing evaluation results.
Removed 0 multiplexer ports.
<suppressed ~17 debug messages>

77. Executing OPT_REDUCE pass (consolidate $*mux and $reduce_* inputs).
  Optimizing cells in module \async_fifo.
Performed a total of 0 changes.

78. Executing OPT_MERGE pass (detect identical cells).
Finding identical cells in module `\async_fifo'.
Removed a total of 0 cells.

79. Executing OPT_SHARE pass.

80. Executing OPT_DFF pass (perform DFF optimizations).

81. Executing OPT_CLEAN pass (remove unused cells and wires).
Finding unused cells or wires in module \async_fifo..
Removed 0 unused cells and 36 unused wires.
<suppressed ~1 debug messages>

82. Executing OPT_EXPR pass (perform const folding).
Optimizing module async_fifo.

83. Rerunning OPT passes. (Maybe there is more to do…)

84. Executing OPT_MUXTREE pass (detect dead branches in mux trees).
Running muxtree optimizer on module \async_fifo..
  Creating internal representation of mux trees.
  Evaluating internal representation of mux trees.
  Analyzing evaluation results.
Removed 0 multiplexer ports.
<suppressed ~17 debug messages>

85. Executing OPT_REDUCE pass (consolidate $*mux and $reduce_* inputs).
  Optimizing cells in module \async_fifo.
Performed a total of 0 changes.

86. Executing OPT_MERGE pass (detect identical cells).
Finding identical cells in module `\async_fifo'.
Removed a total of 0 cells.

87. Executing OPT_SHARE pass.

88. Executing OPT_DFF pass (perform DFF optimizations).
Adding EN signal on $memory\bram.mem[9]$130 ($dff) from module async_fifo (D = \wdata, Q = \bram.mem[9]).
Adding EN signal on $memory\bram.mem[8]$128 ($dff) from module async_fifo (D = \wdata, Q = \bram.mem[8]).
Adding EN signal on $memory\bram.mem[7]$126 ($dff) from module async_fifo (D = \wdata, Q = \bram.mem[7]).
Adding EN signal on $memory\bram.mem[6]$124 ($dff) from module async_fifo (D = \wdata, Q = \bram.mem[6]).
Adding EN signal on $memory\bram.mem[5]$122 ($dff) from module async_fifo (D = \wdata, Q = \bram.mem[5]).
Adding EN signal on $memory\bram.mem[4]$120 ($dff) from module async_fifo (D = \wdata, Q = \bram.mem[4]).
Adding EN signal on $memory\bram.mem[3]$118 ($dff) from module async_fifo (D = \wdata, Q = \bram.mem[3]).
Adding EN signal on $memory\bram.mem[2]$116 ($dff) from module async_fifo (D = \wdata, Q = \bram.mem[2]).
Adding EN signal on $memory\bram.mem[1]$114 ($dff) from module async_fifo (D = \wdata, Q = \bram.mem[1]).
Adding EN signal on $memory\bram.mem[15]$142 ($dff) from module async_fifo (D = \wdata, Q = \bram.mem[15]).
Adding EN signal on $memory\bram.mem[14]$140 ($dff) from module async_fifo (D = \wdata, Q = \bram.mem[14]).
Adding EN signal on $memory\bram.mem[13]$138 ($dff) from module async_fifo (D = \wdata, Q = \bram.mem[13]).
Adding EN signal on $memory\bram.mem[12]$136 ($dff) from module async_fifo (D = \wdata, Q = \bram.mem[12]).
Adding EN signal on $memory\bram.mem[11]$134 ($dff) from module async_fifo (D = \wdata, Q = \bram.mem[11]).
Adding EN signal on $memory\bram.mem[10]$132 ($dff) from module async_fifo (D = \wdata, Q = \bram.mem[10]).
Adding EN signal on $memory\bram.mem[0]$112 ($dff) from module async_fifo (D = \wdata, Q = \bram.mem[0]).

89. Executing OPT_CLEAN pass (remove unused cells and wires).
Finding unused cells or wires in module \async_fifo..
Removed 16 unused cells and 16 unused wires.
<suppressed ~17 debug messages>

90. Executing OPT_EXPR pass (perform const folding).
Optimizing module async_fifo.

91. Rerunning OPT passes. (Maybe there is more to do…)

92. Executing OPT_MUXTREE pass (detect dead branches in mux trees).
Running muxtree optimizer on module \async_fifo..
  Creating internal representation of mux trees.
  Evaluating internal representation of mux trees.
  Analyzing evaluation results.
Removed 0 multiplexer ports.
<suppressed ~1 debug messages>

93. Executing OPT_REDUCE pass (consolidate $*mux and $reduce_* inputs).
  Optimizing cells in module \async_fifo.
Performed a total of 0 changes.

94. Executing OPT_MERGE pass (detect identical cells).
Finding identical cells in module `\async_fifo'.
Removed a total of 0 cells.

95. Executing OPT_SHARE pass.

96. Executing OPT_DFF pass (perform DFF optimizations).

97. Executing OPT_CLEAN pass (remove unused cells and wires).
Finding unused cells or wires in module \async_fifo..

98. Executing OPT_EXPR pass (perform const folding).
Optimizing module async_fifo.

99. Executing TECHMAP pass (map to technology primitives).

99.1. Executing Verilog-2005 frontend: /nix/store/9r0bh7sp051dpm8km8bqlb028anpd3v3-yosys/bin/../share/yosys/techmap.v
Parsing Verilog input from `/nix/store/9r0bh7sp051dpm8km8bqlb028anpd3v3-yosys/bin/../share/yosys/techmap.v' to AST representation.
Generating RTLIL representation for module `\_90_simplemap_bool_ops'.
Generating RTLIL representation for module `\_90_simplemap_reduce_ops'.
Generating RTLIL representation for module `\_90_simplemap_logic_ops'.
Generating RTLIL representation for module `\_90_simplemap_compare_ops'.
Generating RTLIL representation for module `\_90_simplemap_various'.
Generating RTLIL representation for module `\_90_simplemap_registers'.
Generating RTLIL representation for module `\_90_shift_ops_shr_shl_sshl_sshr'.
Generating RTLIL representation for module `\_90_shift_shiftx'.
Generating RTLIL representation for module `\_90_fa'.
Generating RTLIL representation for module `\_90_lcu_brent_kung'.
Generating RTLIL representation for module `\_90_alu'.
Generating RTLIL representation for module `\_90_macc'.
Generating RTLIL representation for module `\_90_alumacc'.
Generating RTLIL representation for module `\$__div_mod_u'.
Generating RTLIL representation for module `\$__div_mod_trunc'.
Generating RTLIL representation for module `\_90_div'.
Generating RTLIL representation for module `\_90_mod'.
Generating RTLIL representation for module `\$__div_mod_floor'.
Generating RTLIL representation for module `\_90_divfloor'.
Generating RTLIL representation for module `\_90_modfloor'.
Generating RTLIL representation for module `\_90_pow'.
Generating RTLIL representation for module `\_90_pmux'.
Generating RTLIL representation for module `\_90_demux'.
Generating RTLIL representation for module `\_90_lut'.
Successfully finished Verilog frontend.

99.2. Continuing TECHMAP pass.
Using extmapper simplemap for cells of type $and.
Using extmapper simplemap for cells of type $not.
Using extmapper simplemap for cells of type $logic_and.
Using extmapper simplemap for cells of type $mux.
Using extmapper simplemap for cells of type $dffe.
Using extmapper simplemap for cells of type $adff.
Using extmapper simplemap for cells of type $dff.
Using template $paramod$672a140277c71df8314410f22acc08d55222c3c7\_90_alu for cells of type $alu.
Using extmapper simplemap for cells of type $xor.
Using extmapper simplemap for cells of type $eq.
Using extmapper simplemap for cells of type $ne.
Using extmapper simplemap for cells of type $logic_not.
Using template $paramod\_90_lcu_brent_kung\WIDTH=32'00000000000000000000000000000101 for cells of type $lcu.
Using extmapper simplemap for cells of type $pos.
Using extmapper simplemap for cells of type $or.
No more expansions possible.
<suppressed ~346 debug messages>

100. Executing OPT_EXPR pass (perform const folding).
Optimizing module async_fifo.
<suppressed ~47 debug messages>

101. Executing OPT_MERGE pass (detect identical cells).
Finding identical cells in module `\async_fifo'.
<suppressed ~27 debug messages>
Removed a total of 9 cells.

102. Executing OPT_DFF pass (perform DFF optimizations).

103. Executing OPT_CLEAN pass (remove unused cells and wires).
Finding unused cells or wires in module \async_fifo..
Removed 8 unused cells and 73 unused wires.
<suppressed ~9 debug messages>

104. Executing OPT_EXPR pass (perform const folding).
Optimizing module async_fifo.

105. Executing OPT_MERGE pass (detect identical cells).
Finding identical cells in module `\async_fifo'.
Removed a total of 0 cells.

106. Executing OPT_DFF pass (perform DFF optimizations).

107. Executing OPT_CLEAN pass (remove unused cells and wires).
Finding unused cells or wires in module \async_fifo..

108. Executing ABC pass (technology mapping using ABC).

108.1. Extracting gate netlist of module `\async_fifo' to `<abc-temp-dir>/input.blif'..
Extracted 218 gates and 372 wires to a netlist network with 154 inputs and 44 outputs.

108.1.1. Executing ABC.
Running ABC command: "/nix/store/6l3aj1gi4lja8z5s4lan2k2cfz9mqkrz-yosys-abc/bin/abc" -s -f <abc-temp-dir>/abc.script 2>&1
ABC: ABC command line: "source <abc-temp-dir>/abc.script".
ABC: 
ABC: + read_blif <abc-temp-dir>/input.blif 
ABC: + read_library <abc-temp-dir>/stdcells.genlib 
ABC: Entered genlib library with 13 gates from file "<abc-temp-dir>/stdcells.genlib".
ABC: + strash 
ABC: + dretime 
ABC: + map 
ABC: + write_blif <abc-temp-dir>/output.blif 

108.1.2. Re-integrating ABC results.
ABC RESULTS:               MUX cells:      120
ABC RESULTS:               AND cells:        2
ABC RESULTS:               NOT cells:       10
ABC RESULTS:             ORNOT cells:       10
ABC RESULTS:              NAND cells:        4
ABC RESULTS:                OR cells:       16
ABC RESULTS:              XNOR cells:        6
ABC RESULTS:            ANDNOT cells:       27
ABC RESULTS:               XOR cells:       26
ABC RESULTS:        internal signals:      174
ABC RESULTS:           input signals:      154
ABC RESULTS:          output signals:       44
Removing temp directory.

109. Executing OPT pass (performing simple optimizations).

109.1. Executing OPT_EXPR pass (perform const folding).
Optimizing module async_fifo.
<suppressed ~56 debug messages>

109.2. Executing OPT_MERGE pass (detect identical cells).
Finding identical cells in module `\async_fifo'.
Removed a total of 0 cells.

109.3. Executing OPT_DFF pass (perform DFF optimizations).

109.4. Executing OPT_CLEAN pass (remove unused cells and wires).
Finding unused cells or wires in module \async_fifo..
Removed 1 unused cells and 256 unused wires.
<suppressed ~3 debug messages>

109.5. Finished fast OPT passes.

110. Executing HIERARCHY pass (managing design hierarchy).

110.1. Analyzing design hierarchy..
Top module:  \async_fifo

110.2. Analyzing design hierarchy..
Top module:  \async_fifo
Removed 0 unused modules.

111. Executing CHECK pass (checking for obvious problems).
Checking module async_fifo...
Found and reported 0 problems.

112. Printing statistics.

=== async_fifo ===

   Number of wires:                265
   Number of wire bits:            555
   Number of public wires:          72
   Number of public wire bits:     355
   Number of ports:                 10
   Number of port bits:             24
   Number of memories:               0
   Number of memory bits:            0
   Number of processes:              0
   Number of cells:                400
     $_ANDNOT_                      27
     $_AND_                          2
     $_DFFE_PP_                    128
     $_DFF_PN0_                     38
     $_DFF_P_                        8
     $_MUX_                        120
     $_NAND_                         4
     $_NOT_                          9
     $_ORNOT_                       10
     $_OR_                          16
     $_XNOR_                         6
     $_XOR_                         26
     $scopeinfo                      6

113. Generating Graphviz representation of design.
Writing dot description to `/home/tcsul/projects/fifo_project/v_files/runs/RUN_2026-08-14_16-06-50/06-yosys-synthesis/primitive_techmap.dot'.
Dumping module async_fifo to page 1.

114. Executing OPT pass (performing simple optimizations).

114.1. Executing OPT_EXPR pass (perform const folding).
Optimizing module async_fifo.

114.2. Executing OPT_MERGE pass (detect identical cells).
Finding identical cells in module `\async_fifo'.
Removed a total of 0 cells.

114.3. Executing OPT_MUXTREE pass (detect dead branches in mux trees).
Running muxtree optimizer on module \async_fifo..
  Creating internal representation of mux trees.
  No muxes found in this module.
Removed 0 multiplexer ports.

114.4. Executing OPT_REDUCE pass (consolidate $*mux and $reduce_* inputs).
  Optimizing cells in module \async_fifo.
Performed a total of 0 changes.

114.5. Executing OPT_MERGE pass (detect identical cells).
Finding identical cells in module `\async_fifo'.
Removed a total of 0 cells.

114.6. Executing OPT_DFF pass (perform DFF optimizations).

114.7. Executing OPT_CLEAN pass (remove unused cells and wires).
Finding unused cells or wires in module \async_fifo..

114.8. Executing OPT_EXPR pass (perform const folding).
Optimizing module async_fifo.

114.9. Finished OPT passes. (There is nothing left to do.)

115. Executing OPT_CLEAN pass (remove unused cells and wires).
Finding unused cells or wires in module \async_fifo..
Removed 6 unused cells and 33 unused wires.
<suppressed ~39 debug messages>
{
   "creator": "Yosys 0.46 (git sha1 e97731b9dda91fa5fa53ed87df7c34163ba59a41, clang++ 17.0.6 -fPIC -O3)",
   "invocation": "stat -json -liberty /home/tcsul/projects/fifo_project/v_files/runs/RUN_2026-08-14_16-06-50/tmp/0a0e1870c8b445b899775d0759736fc2.lib ",
   "modules": {
      "\\async_fifo": {
         "num_wires":         232,
         "num_wire_bits":     415,
         "num_pub_wires":     39,
         "num_pub_wire_bits": 215,
         "num_ports":         10,
         "num_port_bits":     24,
         "num_memories":      0,
         "num_memory_bits":   0,
         "num_processes":     0,
         "num_cells":         394,
         "num_cells_by_type": {
            "$_ANDNOT_": 27,
            "$_AND_": 2,
            "$_DFFE_PP_": 128,
            "$_DFF_PN0_": 38,
            "$_DFF_P_": 8,
            "$_MUX_": 120,
            "$_NAND_": 4,
            "$_NOT_": 9,
            "$_ORNOT_": 10,
            "$_OR_": 16,
            "$_XNOR_": 6,
            "$_XOR_": 26
         }
      }
   },
      "design": {
         "num_wires":         232,
         "num_wire_bits":     415,
         "num_pub_wires":     39,
         "num_pub_wire_bits": 215,
         "num_ports":         10,
         "num_port_bits":     24,
         "num_memories":      0,
         "num_memory_bits":   0,
         "num_processes":     0,
         "num_cells":         394,
         "num_cells_by_type": {
            "$_ANDNOT_": 27,
            "$_AND_": 2,
            "$_DFFE_PP_": 128,
            "$_DFF_PN0_": 38,
            "$_DFF_P_": 8,
            "$_MUX_": 120,
            "$_NAND_": 4,
            "$_NOT_": 9,
            "$_ORNOT_": 10,
            "$_OR_": 16,
            "$_XNOR_": 6,
            "$_XOR_": 26
         }
      }
}

116. Printing statistics.

=== async_fifo ===

   Number of wires:                232
   Number of wire bits:            415
   Number of public wires:          39
   Number of public wire bits:     215
   Number of ports:                 10
   Number of port bits:             24
   Number of memories:               0
   Number of memory bits:            0
   Number of processes:              0
   Number of cells:                394
     $_ANDNOT_                      27
     $_AND_                          2
     $_DFFE_PP_                    128
     $_DFF_PN0_                     38
     $_DFF_P_                        8
     $_MUX_                        120
     $_NAND_                         4
     $_NOT_                          9
     $_ORNOT_                       10
     $_OR_                          16
     $_XNOR_                         6
     $_XOR_                         26

   Area for cell type $_NOT_ is unknown!
   Area for cell type $_AND_ is unknown!
   Area for cell type $_NAND_ is unknown!
   Area for cell type $_OR_ is unknown!
   Area for cell type $_XOR_ is unknown!
   Area for cell type $_XNOR_ is unknown!
   Area for cell type $_ANDNOT_ is unknown!
   Area for cell type $_ORNOT_ is unknown!
   Area for cell type $_MUX_ is unknown!
   Area for cell type $_DFF_P_ is unknown!
   Area for cell type $_DFFE_PP_ is unknown!
   Area for cell type $_DFF_PN0_ is unknown!

[INFO] Applying tri-state buffer mapping from '/home/tcsul/.volare/volare/sky130/versions/0fe599b2afb6708d281543108caf8310912f54af/sky130A/libs.tech/openlane/sky130_fd_sc_hd/tribuff_map.v'…

117. Executing TECHMAP pass (map to technology primitives).

117.1. Executing Verilog-2005 frontend: /home/tcsul/.volare/volare/sky130/versions/0fe599b2afb6708d281543108caf8310912f54af/sky130A/libs.tech/openlane/sky130_fd_sc_hd/tribuff_map.v
Parsing Verilog input from `/home/tcsul/.volare/volare/sky130/versions/0fe599b2afb6708d281543108caf8310912f54af/sky130A/libs.tech/openlane/sky130_fd_sc_hd/tribuff_map.v' to AST representation.
Generating RTLIL representation for module `\$_TBUF_'.
Successfully finished Verilog frontend.

117.2. Continuing TECHMAP pass.
No more expansions possible.
<suppressed ~3 debug messages>

118. Executing SIMPLEMAP pass (map simple cells to gate primitives).
[INFO] Applying latch mapping from '/home/tcsul/.volare/volare/sky130/versions/0fe599b2afb6708d281543108caf8310912f54af/sky130A/libs.tech/openlane/sky130_fd_sc_hd/latch_map.v'…

119. Executing TECHMAP pass (map to technology primitives).

119.1. Executing Verilog-2005 frontend: /home/tcsul/.volare/volare/sky130/versions/0fe599b2afb6708d281543108caf8310912f54af/sky130A/libs.tech/openlane/sky130_fd_sc_hd/latch_map.v
Parsing Verilog input from `/home/tcsul/.volare/volare/sky130/versions/0fe599b2afb6708d281543108caf8310912f54af/sky130A/libs.tech/openlane/sky130_fd_sc_hd/latch_map.v' to AST representation.
Generating RTLIL representation for module `\$_DLATCH_P_'.
Generating RTLIL representation for module `\$_DLATCH_N_'.
Successfully finished Verilog frontend.

119.2. Continuing TECHMAP pass.
No more expansions possible.
<suppressed ~4 debug messages>

120. Executing SIMPLEMAP pass (map simple cells to gate primitives).

121. Executing DFFLIBMAP pass (mapping DFF cells to sequential cells from liberty file).
  cell sky130_fd_sc_hd__dfxtp_2 (noninv, pins=3, area=21.27) is a direct match for cell type $_DFF_P_.
  cell sky130_fd_sc_hd__dfrtp_2 (noninv, pins=4, area=26.28) is a direct match for cell type $_DFF_PN0_.
  cell sky130_fd_sc_hd__dfstp_2 (noninv, pins=4, area=26.28) is a direct match for cell type $_DFF_PN1_.
  cell sky130_fd_sc_hd__dfbbn_2 (noninv, pins=6, area=35.03) is a direct match for cell type $_DFFSR_NNN_.
  final dff cell mappings:
    unmapped dff cell: $_DFF_N_
    \sky130_fd_sc_hd__dfxtp_2 _DFF_P_ (.CLK( C), .D( D), .Q( Q));
    unmapped dff cell: $_DFF_NN0_
    unmapped dff cell: $_DFF_NN1_
    unmapped dff cell: $_DFF_NP0_
    unmapped dff cell: $_DFF_NP1_
    \sky130_fd_sc_hd__dfrtp_2 _DFF_PN0_ (.CLK( C), .D( D), .Q( Q), .RESET_B( R));
    \sky130_fd_sc_hd__dfstp_2 _DFF_PN1_ (.CLK( C), .D( D), .Q( Q), .SET_B( R));
    unmapped dff cell: $_DFF_PP0_
    unmapped dff cell: $_DFF_PP1_
    \sky130_fd_sc_hd__dfbbn_2 _DFFSR_NNN_ (.CLK_N( C), .D( D), .Q( Q), .Q_N(~Q), .RESET_B( R), .SET_B( S));
    unmapped dff cell: $_DFFSR_NNP_
    unmapped dff cell: $_DFFSR_NPN_
    unmapped dff cell: $_DFFSR_NPP_
    unmapped dff cell: $_DFFSR_PNN_
    unmapped dff cell: $_DFFSR_PNP_
    unmapped dff cell: $_DFFSR_PPN_
    unmapped dff cell: $_DFFSR_PPP_

121.1. Executing DFFLEGALIZE pass (convert FFs to types supported by the target).
Mapping DFF cells in module `\async_fifo':
  mapped 38 $_DFF_PN0_ cells to \sky130_fd_sc_hd__dfrtp_2 cells.
  mapped 136 $_DFF_P_ cells to \sky130_fd_sc_hd__dfxtp_2 cells.
{
   "creator": "Yosys 0.46 (git sha1 e97731b9dda91fa5fa53ed87df7c34163ba59a41, clang++ 17.0.6 -fPIC -O3)",
   "invocation": "stat -json -liberty /home/tcsul/projects/fifo_project/v_files/runs/RUN_2026-08-14_16-06-50/tmp/0a0e1870c8b445b899775d0759736fc2.lib ",
   "modules": {
      "\\async_fifo": {
         "num_wires":         360,
         "num_wire_bits":     543,
         "num_pub_wires":     39,
         "num_pub_wire_bits": 215,
         "num_ports":         10,
         "num_port_bits":     24,
         "num_memories":      0,
         "num_memory_bits":   0,
         "num_processes":     0,
         "num_cells":         522,
         "area":              3891.232000,
         "num_cells_by_type": {
            "$_ANDNOT_": 27,
            "$_AND_": 2,
            "$_MUX_": 248,
            "$_NAND_": 4,
            "$_NOT_": 9,
            "$_ORNOT_": 10,
            "$_OR_": 16,
            "$_XNOR_": 6,
            "$_XOR_": 26,
            "sky130_fd_sc_hd__dfrtp_2": 38,
            "sky130_fd_sc_hd__dfxtp_2": 136
         }
      }
   },
      "design": {
         "num_wires":         360,
         "num_wire_bits":     543,
         "num_pub_wires":     39,
         "num_pub_wire_bits": 215,
         "num_ports":         10,
         "num_port_bits":     24,
         "num_memories":      0,
         "num_memory_bits":   0,
         "num_processes":     0,
         "num_cells":         522,
         "area":              3891.232000,
         "num_cells_by_type": {
            "$_ANDNOT_": 27,
            "$_AND_": 2,
            "$_MUX_": 248,
            "$_NAND_": 4,
            "$_NOT_": 9,
            "$_ORNOT_": 10,
            "$_OR_": 16,
            "$_XNOR_": 6,
            "$_XOR_": 26,
            "sky130_fd_sc_hd__dfrtp_2": 38,
            "sky130_fd_sc_hd__dfxtp_2": 136
         }
      }
}

122. Printing statistics.

=== async_fifo ===

   Number of wires:                360
   Number of wire bits:            543
   Number of public wires:          39
   Number of public wire bits:     215
   Number of ports:                 10
   Number of port bits:             24
   Number of memories:               0
   Number of memory bits:            0
   Number of processes:              0
   Number of cells:                522
     $_ANDNOT_                      27
     $_AND_                          2
     $_MUX_                        248
     $_NAND_                         4
     $_NOT_                          9
     $_ORNOT_                       10
     $_OR_                          16
     $_XNOR_                         6
     $_XOR_                         26
     sky130_fd_sc_hd__dfrtp_2       38
     sky130_fd_sc_hd__dfxtp_2      136

   Area for cell type $_NOT_ is unknown!
   Area for cell type $_AND_ is unknown!
   Area for cell type $_NAND_ is unknown!
   Area for cell type $_OR_ is unknown!
   Area for cell type $_XOR_ is unknown!
   Area for cell type $_XNOR_ is unknown!
   Area for cell type $_ANDNOT_ is unknown!
   Area for cell type $_ORNOT_ is unknown!
   Area for cell type $_MUX_ is unknown!

   Chip area for module '\async_fifo': 3891.232000
     of which used for sequential elements: 3891.232000 (100.00%)

[INFO] Using generated ABC script '/home/tcsul/projects/fifo_project/v_files/runs/RUN_2026-08-14_16-06-50/06-yosys-synthesis/AREA_0.abc'…

123. Executing ABC pass (technology mapping using ABC).

123.1. Extracting gate netlist of module `\async_fifo' to `/tmp/yosys-abc-luQKUP/input.blif'..
Extracted 348 gates and 510 wires to a netlist network with 162 inputs and 156 outputs.

123.1.1. Executing ABC.
Running ABC command: "/nix/store/6l3aj1gi4lja8z5s4lan2k2cfz9mqkrz-yosys-abc/bin/abc" -s -f /tmp/yosys-abc-luQKUP/abc.script 2>&1
ABC: ABC command line: "source /tmp/yosys-abc-luQKUP/abc.script".
ABC: 
ABC: + read_blif /tmp/yosys-abc-luQKUP/input.blif 
ABC: + read_lib -w /home/tcsul/projects/fifo_project/v_files/runs/RUN_2026-08-14_16-06-50/tmp/0a0e1870c8b445b899775d0759736fc2.lib 
ABC: Parsing finished successfully.  Parsing time =     0.02 sec
ABC: Scl_LibertyReadGenlib() skipped sequential cell "sky130_fd_sc_hd__dfbbn_2".
ABC: Scl_LibertyReadGenlib() skipped sequential cell "sky130_fd_sc_hd__dfrbp_2".
ABC: Scl_LibertyReadGenlib() skipped sequential cell "sky130_fd_sc_hd__dfrtp_2".
ABC: Scl_LibertyReadGenlib() skipped sequential cell "sky130_fd_sc_hd__dfrtp_4".
ABC: Scl_LibertyReadGenlib() skipped sequential cell "sky130_fd_sc_hd__dfsbp_2".
ABC: Scl_LibertyReadGenlib() skipped sequential cell "sky130_fd_sc_hd__dfstp_2".
ABC: Scl_LibertyReadGenlib() skipped sequential cell "sky130_fd_sc_hd__dfstp_4".
ABC: Scl_LibertyReadGenlib() skipped sequential cell "sky130_fd_sc_hd__dfxbp_2".
ABC: Scl_LibertyReadGenlib() skipped sequential cell "sky130_fd_sc_hd__dfxtp_2".
ABC: Scl_LibertyReadGenlib() skipped sequential cell "sky130_fd_sc_hd__dfxtp_4".
ABC: Scl_LibertyReadGenlib() skipped sequential cell "sky130_fd_sc_hd__dlxtn_1".
ABC: Scl_LibertyReadGenlib() skipped sequential cell "sky130_fd_sc_hd__dlxtn_2".
ABC: Scl_LibertyReadGenlib() skipped sequential cell "sky130_fd_sc_hd__dlxtn_4".
ABC: Scl_LibertyReadGenlib() skipped sequential cell "sky130_fd_sc_hd__dlxtp_1".
ABC: Scl_LibertyReadGenlib() skipped three-state cell "sky130_fd_sc_hd__ebufn_2".
ABC: Scl_LibertyReadGenlib() skipped three-state cell "sky130_fd_sc_hd__ebufn_4".
ABC: Scl_LibertyReadGenlib() skipped three-state cell "sky130_fd_sc_hd__ebufn_8".
ABC: Library "sky130_fd_sc_hd__tt_025C_1v80" from "/home/tcsul/projects/fifo_project/v_files/runs/RUN_2026-08-14_16-06-50/tmp/0a0e1870c8b445b899775d0759736fc2.lib" has 175 cells (17 skipped: 14 seq; 3 tri-state; 0 no func; 0 dont_use).  Time =     0.04 sec
ABC: Memory =    9.54 MB. Time =     0.04 sec
ABC: Warning: Detected 2 multi-output gates (for example, "sky130_fd_sc_hd__fa_1").
ABC: + read_constr -v /home/tcsul/projects/fifo_project/v_files/runs/RUN_2026-08-14_16-06-50/06-yosys-synthesis/synthesis.abc.sdc 
ABC: Setting driving cell to be "sky130_fd_sc_hd__inv_2/Y".
ABC: Setting output load to be 33.442001.
ABC: + source /home/tcsul/projects/fifo_project/v_files/runs/RUN_2026-08-14_16-06-50/06-yosys-synthesis/AREA_0.abc 
ABC: Error: The network is combinational.
ABC: Cannot find the default PI driving cell (sky130_fd_sc_hd__inv_2/Y) in the library.
ABC: WireLoad = "none"  Gates =    272 (  2.6 %)   Cap = 17.6 ff ( 19.0 %)   Area =     3296.91 ( 34.9 %)   Delay =  2597.23 ps  ( 55.1 %)               
ABC: Path  0 --      69 : 0    2 pi                        A =   0.00  Df =   0.0   -0.0 ps  S =   0.0 ps  Cin =  0.0 ff  Cout =  17.8 ff  Cmax =   0.0 ff  G =    0  
ABC: Path  1 --     358 : 2    3 sky130_fd_sc_hd__xor2_2   A =  16.27  Df = 223.6  -43.6 ps  S = 238.2 ps  Cin =  8.6 ff  Cout =  16.0 ff  Cmax = 130.0 ff  G =  180  
ABC: Path  2 --     359 : 2    3 sky130_fd_sc_hd__xnor2_2  A =  16.27  Df = 455.8  -54.1 ps  S = 235.7 ps  Cin =  8.5 ff  Cout =  14.6 ff  Cmax = 121.8 ff  G =  166  
ABC: Path  3 --     360 : 2    1 sky130_fd_sc_hd__xnor2_2  A =  16.27  Df = 597.1   -9.9 ps  S = 108.6 ps  Cin =  8.5 ff  Cout =   3.5 ff  Cmax = 121.8 ff  G =   40  
ABC: Path  4 --     364 : 3    2 sky130_fd_sc_hd__mux2_1   A =  11.26  Df = 929.5 -101.7 ps  S =  71.7 ps  Cin =  2.3 ff  Cout =   6.1 ff  Cmax = 173.0 ff  G =  258  
ABC: Path  5 --     396 : 3   22 sky130_fd_sc_hd__a21boi_2 A =  11.26  Df =1626.1 -586.8 ps  S = 860.4 ps  Cin =  3.6 ff  Cout =  73.5 ff  Cmax = 129.1 ff  G = 1973  
ABC: Path  6 --     407 : 4   10 sky130_fd_sc_hd__nand4_2  A =  12.51  Df =2031.1 -680.2 ps  S = 355.7 ps  Cin =  4.4 ff  Cout =  38.1 ff  Cmax = 200.5 ff  G =  847  
ABC: Path  7 --     574 : 3    1 sky130_fd_sc_hd__mux2_1   A =  11.26  Df =2597.2 -775.1 ps  S = 300.2 ps  Cin =  2.3 ff  Cout =  33.4 ff  Cmax = 173.0 ff  G = 1465  
ABC: Start-point = pi68 (\r_ptr_gray_sync [4]).  End-point = po140 ($auto$rtlil.cc:2739:MuxGate$1355).
ABC: netlist                       : i/o =  162/  156  lat =    0  nd =   272  edge =    884  area =3296.90  delay = 7.00  lev = 7
ABC: + write_blif /tmp/yosys-abc-luQKUP/output.blif 

123.1.2. Re-integrating ABC results.
ABC RESULTS:   sky130_fd_sc_hd__inv_2 cells:        7
ABC RESULTS:   sky130_fd_sc_hd__o2111a_2 cells:        1
ABC RESULTS:   sky130_fd_sc_hd__nand2b_2 cells:        1
ABC RESULTS:   sky130_fd_sc_hd__o221ai_2 cells:        1
ABC RESULTS:   sky130_fd_sc_hd__a221o_2 cells:        2
ABC RESULTS:   sky130_fd_sc_hd__nor3_2 cells:        1
ABC RESULTS:   sky130_fd_sc_hd__o31a_2 cells:        1
ABC RESULTS:   sky130_fd_sc_hd__nand2_2 cells:        2
ABC RESULTS:   sky130_fd_sc_hd__and2b_2 cells:        2
ABC RESULTS:   sky130_fd_sc_hd__a21boi_2 cells:        1
ABC RESULTS:   sky130_fd_sc_hd__and3_2 cells:        2
ABC RESULTS:   sky130_fd_sc_hd__a21oi_2 cells:        3
ABC RESULTS:   sky130_fd_sc_hd__a31o_2 cells:        1
ABC RESULTS:   sky130_fd_sc_hd__a41o_2 cells:        1
ABC RESULTS:   sky130_fd_sc_hd__xnor2_2 cells:       12
ABC RESULTS:   sky130_fd_sc_hd__xor2_2 cells:        6
ABC RESULTS:   sky130_fd_sc_hd__or2_2 cells:        9
ABC RESULTS:   sky130_fd_sc_hd__o21a_2 cells:        8
ABC RESULTS:   sky130_fd_sc_hd__mux4_2 cells:       32
ABC RESULTS:   sky130_fd_sc_hd__a22o_2 cells:        8
ABC RESULTS:   sky130_fd_sc_hd__and2_2 cells:        7
ABC RESULTS:   sky130_fd_sc_hd__nor2_2 cells:       11
ABC RESULTS:   sky130_fd_sc_hd__nand4_2 cells:        4
ABC RESULTS:   sky130_fd_sc_hd__and4bb_2 cells:        4
ABC RESULTS:   sky130_fd_sc_hd__nand4b_2 cells:        4
ABC RESULTS:   sky130_fd_sc_hd__and4b_2 cells:        4
ABC RESULTS:   sky130_fd_sc_hd__mux2_1 cells:      137
ABC RESULTS:        internal signals:      192
ABC RESULTS:           input signals:      162
ABC RESULTS:          output signals:      156
Removing temp directory.

124. Executing SETUNDEF pass (replace undef values with defined constants).

125. Executing HILOMAP pass (mapping to constant drivers).

126. Executing SPLITNETS pass (splitting up multi-bit signals).

127. Executing OPT_CLEAN pass (remove unused cells and wires).
Finding unused cells or wires in module \async_fifo..
Removed 0 unused cells and 517 unused wires.
<suppressed ~8 debug messages>

128. Executing INSBUF pass (insert buffer cells for connected wires).

129. Executing CHECK pass (checking for obvious problems).
Checking module async_fifo...
Found and reported 0 problems.
{
   "creator": "Yosys 0.46 (git sha1 e97731b9dda91fa5fa53ed87df7c34163ba59a41, clang++ 17.0.6 -fPIC -O3)",
   "invocation": "stat -json -liberty /home/tcsul/projects/fifo_project/v_files/runs/RUN_2026-08-14_16-06-50/tmp/0a0e1870c8b445b899775d0759736fc2.lib ",
   "modules": {
      "\\async_fifo": {
         "num_wires":         446,
         "num_wire_bits":     460,
         "num_pub_wires":     194,
         "num_pub_wire_bits": 208,
         "num_ports":         10,
         "num_port_bits":     24,
         "num_memories":      0,
         "num_memory_bits":   0,
         "num_processes":     0,
         "num_cells":         446,
         "area":              7188.144000,
         "num_cells_by_type": {
            "sky130_fd_sc_hd__a21boi_2": 1,
            "sky130_fd_sc_hd__a21oi_2": 3,
            "sky130_fd_sc_hd__a221o_2": 2,
            "sky130_fd_sc_hd__a22o_2": 8,
            "sky130_fd_sc_hd__a31o_2": 1,
            "sky130_fd_sc_hd__a41o_2": 1,
            "sky130_fd_sc_hd__and2_2": 7,
            "sky130_fd_sc_hd__and2b_2": 2,
            "sky130_fd_sc_hd__and3_2": 2,
            "sky130_fd_sc_hd__and4b_2": 4,
            "sky130_fd_sc_hd__and4bb_2": 4,
            "sky130_fd_sc_hd__dfrtp_2": 38,
            "sky130_fd_sc_hd__dfxtp_2": 136,
            "sky130_fd_sc_hd__inv_2": 7,
            "sky130_fd_sc_hd__mux2_1": 137,
            "sky130_fd_sc_hd__mux4_2": 32,
            "sky130_fd_sc_hd__nand2_2": 2,
            "sky130_fd_sc_hd__nand2b_2": 1,
            "sky130_fd_sc_hd__nand4_2": 4,
            "sky130_fd_sc_hd__nand4b_2": 4,
            "sky130_fd_sc_hd__nor2_2": 11,
            "sky130_fd_sc_hd__nor3_2": 1,
            "sky130_fd_sc_hd__o2111a_2": 1,
            "sky130_fd_sc_hd__o21a_2": 8,
            "sky130_fd_sc_hd__o221ai_2": 1,
            "sky130_fd_sc_hd__o31a_2": 1,
            "sky130_fd_sc_hd__or2_2": 9,
            "sky130_fd_sc_hd__xnor2_2": 12,
            "sky130_fd_sc_hd__xor2_2": 6
         }
      }
   },
      "design": {
         "num_wires":         446,
         "num_wire_bits":     460,
         "num_pub_wires":     194,
         "num_pub_wire_bits": 208,
         "num_ports":         10,
         "num_port_bits":     24,
         "num_memories":      0,
         "num_memory_bits":   0,
         "num_processes":     0,
         "num_cells":         446,
         "area":              7188.144000,
         "num_cells_by_type": {
            "sky130_fd_sc_hd__a21boi_2": 1,
            "sky130_fd_sc_hd__a21oi_2": 3,
            "sky130_fd_sc_hd__a221o_2": 2,
            "sky130_fd_sc_hd__a22o_2": 8,
            "sky130_fd_sc_hd__a31o_2": 1,
            "sky130_fd_sc_hd__a41o_2": 1,
            "sky130_fd_sc_hd__and2_2": 7,
            "sky130_fd_sc_hd__and2b_2": 2,
            "sky130_fd_sc_hd__and3_2": 2,
            "sky130_fd_sc_hd__and4b_2": 4,
            "sky130_fd_sc_hd__and4bb_2": 4,
            "sky130_fd_sc_hd__dfrtp_2": 38,
            "sky130_fd_sc_hd__dfxtp_2": 136,
            "sky130_fd_sc_hd__inv_2": 7,
            "sky130_fd_sc_hd__mux2_1": 137,
            "sky130_fd_sc_hd__mux4_2": 32,
            "sky130_fd_sc_hd__nand2_2": 2,
            "sky130_fd_sc_hd__nand2b_2": 1,
            "sky130_fd_sc_hd__nand4_2": 4,
            "sky130_fd_sc_hd__nand4b_2": 4,
            "sky130_fd_sc_hd__nor2_2": 11,
            "sky130_fd_sc_hd__nor3_2": 1,
            "sky130_fd_sc_hd__o2111a_2": 1,
            "sky130_fd_sc_hd__o21a_2": 8,
            "sky130_fd_sc_hd__o221ai_2": 1,
            "sky130_fd_sc_hd__o31a_2": 1,
            "sky130_fd_sc_hd__or2_2": 9,
            "sky130_fd_sc_hd__xnor2_2": 12,
            "sky130_fd_sc_hd__xor2_2": 6
         }
      }
}

130. Printing statistics.

=== async_fifo ===

   Number of wires:                446
   Number of wire bits:            460
   Number of public wires:         194
   Number of public wire bits:     208
   Number of ports:                 10
   Number of port bits:             24
   Number of memories:               0
   Number of memory bits:            0
   Number of processes:              0
   Number of cells:                446
     sky130_fd_sc_hd__a21boi_2       1
     sky130_fd_sc_hd__a21oi_2        3
     sky130_fd_sc_hd__a221o_2        2
     sky130_fd_sc_hd__a22o_2         8
     sky130_fd_sc_hd__a31o_2         1
     sky130_fd_sc_hd__a41o_2         1
     sky130_fd_sc_hd__and2_2         7
     sky130_fd_sc_hd__and2b_2        2
     sky130_fd_sc_hd__and3_2         2
     sky130_fd_sc_hd__and4b_2        4
     sky130_fd_sc_hd__and4bb_2       4
     sky130_fd_sc_hd__dfrtp_2       38
     sky130_fd_sc_hd__dfxtp_2      136
     sky130_fd_sc_hd__inv_2          7
     sky130_fd_sc_hd__mux2_1       137
     sky130_fd_sc_hd__mux4_2        32
     sky130_fd_sc_hd__nand2_2        2
     sky130_fd_sc_hd__nand2b_2       1
     sky130_fd_sc_hd__nand4_2        4
     sky130_fd_sc_hd__nand4b_2       4
     sky130_fd_sc_hd__nor2_2        11
     sky130_fd_sc_hd__nor3_2         1
     sky130_fd_sc_hd__o2111a_2       1
     sky130_fd_sc_hd__o21a_2         8
     sky130_fd_sc_hd__o221ai_2       1
     sky130_fd_sc_hd__o31a_2         1
     sky130_fd_sc_hd__or2_2          9
     sky130_fd_sc_hd__xnor2_2       12
     sky130_fd_sc_hd__xor2_2         6

   Chip area for module '\async_fifo': 7188.144000
     of which used for sequential elements: 3891.232000 (54.13%)

131. Executing Verilog backend.
Dumping module `\async_fifo'.

132. Executing JSON backend.
