
===========================================================================
report_checks -unconstrained
===========================================================================
======================= nom_tt_025C_1v80 Corner ===================================

Startpoint: _657_ (rising edge-triggered flip-flop clocked by rclk)
Endpoint: _544_ (rising edge-triggered flip-flop clocked by rclk)
Path Group: rclk
Path Type: max

Fanout         Cap        Slew       Delay        Time   Description
---------------------------------------------------------------------------------------------
                                  0.000000    0.000000   clock rclk (rise edge)
                                  0.000000    0.000000   clock source latency
     1    0.012603    0.000000    0.000000    0.000000 ^ rclk (in)
                                                         rclk (net)
                      0.000587    0.000293    0.000293 ^ clkbuf_0_rclk/A (sky130_fd_sc_hd__clkbuf_16)
     2    0.017976    0.040122    0.107839    0.108132 ^ clkbuf_0_rclk/X (sky130_fd_sc_hd__clkbuf_16)
                                                         clknet_0_rclk (net)
                      0.040124    0.000525    0.108658 ^ clkbuf_1_1__f_rclk/A (sky130_fd_sc_hd__clkbuf_16)
    16    0.042929    0.062351    0.142182    0.250840 ^ clkbuf_1_1__f_rclk/X (sky130_fd_sc_hd__clkbuf_16)
                                                         clknet_1_1__leaf_rclk (net)
                      0.062357    0.000615    0.251455 ^ _657_/CLK (sky130_fd_sc_hd__dfrtp_4)
    36    0.192179    0.531616    0.776128    1.027583 ^ _657_/Q (sky130_fd_sc_hd__dfrtp_4)
                                                         bram.raddr[0] (net)
                      0.532169    0.011890    1.039472 ^ _366_/S0 (sky130_fd_sc_hd__mux4_1)
     1    0.003849    0.091129    0.627435    1.666907 v _366_/X (sky130_fd_sc_hd__mux4_1)
                                                         _224_ (net)
                      0.091129    0.000148    1.667055 v _368_/A0 (sky130_fd_sc_hd__mux2_1)
     1    0.007601    0.079205    0.326688    1.993743 v _368_/X (sky130_fd_sc_hd__mux2_1)
                                                         _226_ (net)
                      0.079206    0.000428    1.994171 v _369_/B1 (sky130_fd_sc_hd__a22o_1)
     1    0.007047    0.059920    0.209510    2.203681 v _369_/X (sky130_fd_sc_hd__a22o_1)
                                                         _002_ (net)
                      0.059921    0.000373    2.204053 v _544_/D (sky130_fd_sc_hd__dfxtp_1)
                                              2.204053   data arrival time

                                 14.000000   14.000000   clock rclk (rise edge)
                                  0.000000   14.000000   clock source latency
     1    0.012603    0.000000    0.000000   14.000000 ^ rclk (in)
                                                         rclk (net)
                      0.000587    0.000293   14.000293 ^ clkbuf_0_rclk/A (sky130_fd_sc_hd__clkbuf_16)
     2    0.017976    0.040122    0.107839   14.108132 ^ clkbuf_0_rclk/X (sky130_fd_sc_hd__clkbuf_16)
                                                         clknet_0_rclk (net)
                      0.040123    0.000455   14.108586 ^ clkbuf_1_0__f_rclk/A (sky130_fd_sc_hd__clkbuf_16)
    12    0.045361    0.064531    0.143920   14.252506 ^ clkbuf_1_0__f_rclk/X (sky130_fd_sc_hd__clkbuf_16)
                                                         clknet_1_0__leaf_rclk (net)
                      0.064560    0.001233   14.253739 ^ _544_/CLK (sky130_fd_sc_hd__dfxtp_1)
                                  0.000000   14.253739   clock reconvergence pessimism
                                 -0.112505   14.141234   library setup time
                                             14.141234   data required time
---------------------------------------------------------------------------------------------
                                             14.141234   data required time
                                             -2.204053   data arrival time
---------------------------------------------------------------------------------------------
                                             11.937181   slack (MET)


Startpoint: _554_ (rising edge-triggered flip-flop clocked by wclk)
Endpoint: _593_ (rising edge-triggered flip-flop clocked by wclk)
Path Group: wclk
Path Type: max

Fanout         Cap        Slew       Delay        Time   Description
---------------------------------------------------------------------------------------------
                                  0.000000    0.000000   clock wclk (rise edge)
                                  0.000000    0.000000   clock source latency
     1    0.017039    0.000000    0.000000    0.000000 ^ wclk (in)
                                                         wclk (net)
                      0.001909    0.000954    0.000954 ^ clkbuf_0_wclk/A (sky130_fd_sc_hd__clkbuf_16)
    16    0.097155    0.112932    0.167942    0.168896 ^ clkbuf_0_wclk/X (sky130_fd_sc_hd__clkbuf_16)
                                                         clknet_0_wclk (net)
                      0.113056    0.002452    0.171348 ^ clkbuf_4_13_0_wclk/A (sky130_fd_sc_hd__clkbuf_8)
    10    0.033138    0.071184    0.173431    0.344779 ^ clkbuf_4_13_0_wclk/X (sky130_fd_sc_hd__clkbuf_8)
                                                         clknet_4_13_0_wclk (net)
                      0.071187    0.000594    0.345373 ^ _554_/CLK (sky130_fd_sc_hd__dfrtp_1)
     2    0.010742    0.073658    0.404327    0.749700 v _554_/Q (sky130_fd_sc_hd__dfrtp_1)
                                                         r_ptr_gray_sync[4] (net)
                      0.073658    0.000340    0.750040 v _291_/A (sky130_fd_sc_hd__xor2_1)
     3    0.012274    0.280536    0.281927    1.031967 ^ _291_/X (sky130_fd_sc_hd__xor2_1)
                                                         _171_ (net)
                      0.280536    0.000238    1.032205 ^ _292_/B (sky130_fd_sc_hd__xnor2_1)
     3    0.011142    0.279100    0.219788    1.251993 ^ _292_/Y (sky130_fd_sc_hd__xnor2_1)
                                                         _172_ (net)
                      0.279101    0.000317    1.252310 ^ _293_/B (sky130_fd_sc_hd__xnor2_1)
     1    0.004837    0.154294    0.171034    1.423343 ^ _293_/Y (sky130_fd_sc_hd__xnor2_1)
                                                         _173_ (net)
                      0.154294    0.000175    1.423519 ^ _297_/S (sky130_fd_sc_hd__mux2_1)
     2    0.007844    0.080664    0.369860    1.793379 v _297_/X (sky130_fd_sc_hd__mux2_1)
                                                         _177_ (net)
                      0.080664    0.000270    1.793649 v _329_/A1 (sky130_fd_sc_hd__a21boi_2)
     3    0.017676    0.230094    0.243322    2.036972 ^ _329_/Y (sky130_fd_sc_hd__a21boi_2)
                                                         _198_ (net)
                      0.230097    0.000776    2.037748 ^ max_cap23/A (sky130_fd_sc_hd__buf_8)
    20    0.113585    0.185300    0.249575    2.287323 ^ max_cap23/X (sky130_fd_sc_hd__buf_8)
                                                         net23 (net)
                      0.185442    0.003185    2.290507 ^ _424_/C (sky130_fd_sc_hd__and4b_4)
     8    0.046716    0.181922    0.372665    2.663172 ^ _424_/X (sky130_fd_sc_hd__and4b_4)
                                                         _240_ (net)
                      0.181967    0.002785    2.665957 ^ _426_/S (sky130_fd_sc_hd__mux2_1)
     1    0.003317    0.058425    0.343162    3.009119 v _426_/X (sky130_fd_sc_hd__mux2_1)
                                                         _049_ (net)
                      0.058425    0.000117    3.009236 v _593_/D (sky130_fd_sc_hd__dfxtp_1)
                                              3.009236   data arrival time

                                 10.000000   10.000000   clock wclk (rise edge)
                                  0.000000   10.000000   clock source latency
     1    0.017039    0.000000    0.000000   10.000000 ^ wclk (in)
                                                         wclk (net)
                      0.001909    0.000955   10.000955 ^ clkbuf_0_wclk/A (sky130_fd_sc_hd__clkbuf_16)
    16    0.097155    0.112932    0.167941   10.168897 ^ clkbuf_0_wclk/X (sky130_fd_sc_hd__clkbuf_16)
                                                         clknet_0_wclk (net)
                      0.113088    0.002892   10.171788 ^ clkbuf_4_14_0_wclk/A (sky130_fd_sc_hd__clkbuf_8)
     9    0.032123    0.069601    0.172143   10.343931 ^ clkbuf_4_14_0_wclk/X (sky130_fd_sc_hd__clkbuf_8)
                                                         clknet_4_14_0_wclk (net)
                      0.069614    0.000932   10.344863 ^ _593_/CLK (sky130_fd_sc_hd__dfxtp_1)
                                  0.000000   10.344863   clock reconvergence pessimism
                                 -0.110667   10.234196   library setup time
                                             10.234196   data required time
---------------------------------------------------------------------------------------------
                                             10.234196   data required time
                                             -3.009236   data arrival time
---------------------------------------------------------------------------------------------
                                              7.224960   slack (MET)




===========================================================================
report_checks --slack_max -0.01
============================================================================
======================= nom_tt_025C_1v80 Corner ===================================

No paths found.


===========================================================================
 report_check_types -max_slew -max_cap -max_fanout -violators
============================================================================
======================= nom_tt_025C_1v80 Corner ===================================



===========================================================================
report_parasitic_annotation -report_unannotated
============================================================================
Found 16 unannotated drivers.
 clkload0/X
 clkload1/Y
 clkload10/Y
 clkload11/Y
 clkload12/Y
 clkload13/Y
 clkload14/Y
 clkload15/Y
 clkload2/X
 clkload3/Y
 clkload4/Y
 clkload5/Y
 clkload6/Y
 clkload7/Y
 clkload8/Y
 clkload9/X
Found 0 partially unannotated drivers.

===========================================================================
max slew violation count 0
Writing metric design__max_slew_violation__count__corner:nom_tt_025C_1v80: 0
max fanout violation count 0
Writing metric design__max_fanout_violation__count__corner:nom_tt_025C_1v80: 0
max cap violation count 0
Writing metric design__max_cap_violation__count__corner:nom_tt_025C_1v80: 0
============================================================================

===========================================================================
check_setup -verbose -unconstrained_endpoints -multiple_clock -no_clock -no_input_delay -loops -generated_clocks
===========================================================================
Warning: There are 12 input ports missing set_input_delay.
  ren
  rrst_n
  wdata[0]
  wdata[1]
  wdata[2]
  wdata[3]
  wdata[4]
  wdata[5]
  wdata[6]
  wdata[7]
  wen
  wrst_n
Warning: There are 10 unconstrained endpoints.
  empty
  full
  rdata[0]
  rdata[1]
  rdata[2]
  rdata[3]
  rdata[4]
  rdata[5]
  rdata[6]
  rdata[7]
