Clock: wclk
Sources: wclk 
Generated: no
Virtual: yes
Propagated: no
Period: 10.000000

===========================================================================
report_clock_properties
============================================================================
Clock                   Period          Waveform
----------------------------------------------------
wclk                 10.000000    0.000000  5.000000

===========================================================================
report_clock_latency
============================================================================
Clock wclk
rise -> rise
    min     max
0.000000 0.000000 source latency
0.341421         network latency _644_/CLK
        0.349059 network latency _551_/CLK
---------------
0.341421 0.349059 latency
        0.007638 skew

fall -> fall
    min     max
0.000000 0.000000 source latency
0.337478         network latency _650_/CLK
        0.343160 network latency _551_/CLK
---------------
0.337478 0.343160 latency
        0.005682 skew



===========================================================================
report_clock_min_period
============================================================================
wclk period_min = 2.78 fmax = 360.36
Clock: rclk
Sources: rclk 
Generated: no
Virtual: yes
Propagated: no
Period: 14.000000

===========================================================================
report_clock_properties
============================================================================
Clock                   Period          Waveform
----------------------------------------------------
rclk                 14.000000    0.000000  7.000000

===========================================================================
report_clock_latency
============================================================================
Clock rclk
rise -> rise
    min     max
0.000000 0.000000 source latency
0.251386         network latency _535_/CLK
        0.253761 network latency _548_/CLK
---------------
0.251386 0.253761 latency
        0.002376 skew

fall -> fall
    min     max
0.000000 0.000000 source latency
0.280276         network latency _535_/CLK
        0.282162 network latency _548_/CLK
---------------
0.280276 0.282162 latency
        0.001886 skew



===========================================================================
report_clock_min_period
============================================================================
rclk period_min = 2.06 fmax = 484.77
