
===========================================================================
 report_power
============================================================================
======================= nom_tt_025C_1v80 Corner ===================================

Group                    Internal    Switching      Leakage        Total
                            Power        Power        Power        Power (Watts)
------------------------------------------------------------------------
Sequential           1.043281e-03 2.386714e-04 1.582645e-09 1.281954e-03  48.4%
Combinational        5.362316e-04 2.911713e-04 1.373560e-09 8.274043e-04  31.2%
Clock                3.161251e-04 2.249101e-04 5.463845e-10 5.410357e-04  20.4%
Macro                0.000000e+00 0.000000e+00 0.000000e+00 0.000000e+00   0.0%
Pad                  0.000000e+00 0.000000e+00 0.000000e+00 0.000000e+00   0.0%
------------------------------------------------------------------------
Total                1.895637e-03 7.547527e-04 3.502584e-09 2.650393e-03 100.0%
                            71.5%        28.5%         0.0%
Writing metric power__internal__total: 0.0018956373678520322
Writing metric power__switching__total: 0.0007547526620328426
Writing metric power__leakage__total: 3.502584444703416e-9
Writing metric power__total: 0.002650393405929208

