Clock: wclk
Sources: wclk 
Generated: no
Virtual: yes
Propagated: no
Period: 10.000000

===========================================================================
report_clock_properties
============================================================================
Clock                   Period          Waveform
----------------------------------------------------
wclk                 10.000000    0.000000  5.000000

===========================================================================
report_clock_latency
============================================================================
Clock wclk
rise -> rise
    min     max
0.000000 0.000000 source latency
0.331486         network latency _644_/CLK
        0.335552 network latency _692_/CLK
---------------
0.331486 0.335552 latency
        0.004067 skew

fall -> fall
    min     max
0.000000 0.000000 source latency
0.329458         network latency _570_/CLK
        0.332746 network latency _692_/CLK
---------------
0.329458 0.332746 latency
        0.003288 skew



===========================================================================
report_clock_min_period
============================================================================
wclk period_min = 2.66 fmax = 375.41
Clock: rclk
Sources: rclk 
Generated: no
Virtual: yes
Propagated: no
Period: 14.000000

===========================================================================
report_clock_properties
============================================================================
Clock                   Period          Waveform
----------------------------------------------------
rclk                 14.000000    0.000000  7.000000

===========================================================================
report_clock_latency
============================================================================
Clock rclk
rise -> rise
    min     max
0.000000 0.000000 source latency
0.245674         network latency _535_/CLK
        0.248405 network latency _546_/CLK
---------------
0.245674 0.248405 latency
        0.002731 skew

fall -> fall
    min     max
0.000000 0.000000 source latency
0.275753         network latency _535_/CLK
        0.277821 network latency _546_/CLK
---------------
0.275753 0.277821 latency
        0.002069 skew



===========================================================================
report_clock_min_period
============================================================================
rclk period_min = 2.02 fmax = 495.74
