
===========================================================================
 report_power
============================================================================
======================= nom_tt_025C_1v80 Corner ===================================

Group                    Internal    Switching      Leakage        Total
                            Power        Power        Power        Power (Watts)
------------------------------------------------------------------------
Sequential           1.042846e-03 2.117526e-04 1.582645e-09 1.254600e-03  49.0%
Combinational        5.335502e-04 2.531047e-04 1.373560e-09 7.866563e-04  30.7%
Clock                3.157349e-04 2.044783e-04 5.463845e-10 5.202137e-04  20.3%
Macro                0.000000e+00 0.000000e+00 0.000000e+00 0.000000e+00   0.0%
Pad                  0.000000e+00 0.000000e+00 0.000000e+00 0.000000e+00   0.0%
------------------------------------------------------------------------
Total                1.892131e-03 6.693352e-04 3.502584e-09 2.561470e-03 100.0%
                            73.9%        26.1%         0.0%
Writing metric power__internal__total: 0.001892130821943283
Writing metric power__switching__total: 0.0006693352479487658
Writing metric power__leakage__total: 3.502584444703416e-9
Writing metric power__total: 0.0025614695623517036

