Reading OpenROAD database at '/home/tcsul/projects/fifo_project/v_files/runs/RUN_2026-08-14_16-06-50/36-openroad-resizertimingpostcts/async_fifo.odb'…
Reading library file at '/home/tcsul/.volare/volare/sky130/versions/0fe599b2afb6708d281543108caf8310912f54af/sky130A/libs.ref/sky130_fd_sc_hd/lib/sky130_fd_sc_hd__tt_025C_1v80.lib'…
Reading design constraints file at '/home/tcsul/projects/fifo_project/v_files/base_async_fifo.sdc'…
[INFO] No information on clock propagation in input SDC file-- propagating all clocks.
[INFO] Setting signal min routing layer to: met1 and clock min routing layer to met1. 
[INFO] Setting signal max routing layer to: met5 and clock max routing layer to met5. 
-congestion_iterations 50 -verbose
[INFO GRT-0020] Min routing layer: met1
[INFO GRT-0021] Max routing layer: met5
[INFO GRT-0022] Global adjustment: 30%
[INFO GRT-0023] Grid origin: (0, 0)
[INFO GRT-0043] No OR_DEFAULT vias defined.
[INFO GRT-0088] Layer li1     Track-Pitch = 0.4600  line-2-Via Pitch: 0.3400
[INFO GRT-0088] Layer met1    Track-Pitch = 0.3400  line-2-Via Pitch: 0.3400
[INFO GRT-0088] Layer met2    Track-Pitch = 0.4600  line-2-Via Pitch: 0.3500
[INFO GRT-0088] Layer met3    Track-Pitch = 0.6800  line-2-Via Pitch: 0.6150
[INFO GRT-0088] Layer met4    Track-Pitch = 0.9200  line-2-Via Pitch: 1.0400
[INFO GRT-0088] Layer met5    Track-Pitch = 3.4000  line-2-Via Pitch: 3.1100
[INFO GRT-0019] Found 22 clock nets.
[INFO GRT-0001] Minimum degree: 2
[INFO GRT-0002] Maximum degree: 37
[INFO GRT-0003] Macros: 0
[INFO GRT-0043] No OR_DEFAULT vias defined.
[INFO GRT-0004] Blockages: 3140

[INFO GRT-0053] Routing resources analysis:
          Routing      Original      Derated      Resource
Layer     Direction    Resources     Resources    Reduction (%)
---------------------------------------------------------------
li1        Vertical            0             0          0.00%
met1       Horizontal       7358          3448          53.14%
met2       Vertical         5710          3604          36.88%
met3       Horizontal       3670          2431          33.76%
met4       Vertical         2332          1412          39.45%
met5       Horizontal        734           357          51.36%
---------------------------------------------------------------

[INFO GRT-0197] Via related to pin nodes: 3022
[INFO GRT-0198] Via related Steiner nodes: 56
[INFO GRT-0199] Via filling finished.
[INFO GRT-0111] Final number of vias: 3724
[INFO GRT-0112] Final usage 3D: 13072

[INFO GRT-0096] Final congestion report:
Layer         Resource        Demand        Usage (%)    Max H / Max V / Total Overflow
---------------------------------------------------------------------------------------
li1                  0             0            0.00%             0 /  0 /  0
met1              3448           928           26.91%             0 /  0 /  0
met2              3604           950           26.36%             0 /  0 /  0
met3              2431            14            0.58%             0 /  0 /  0
met4              1412             8            0.57%             0 /  0 /  0
met5               357             0            0.00%             0 /  0 /  0
---------------------------------------------------------------------------------------
Total            11252          1900           16.89%             0 /  0 /  0

[INFO GRT-0018] Total wirelength: 21962 um
[INFO GRT-0014] Routed nets: 503
%OL_CREATE_REPORT antenna.rpt
[INFO GRT-0043] No OR_DEFAULT vias defined.
[INFO ANT-0002] Found 0 net violations.
[INFO ANT-0001] Found 0 pin violations.
%OL_END_REPORT
[INFO] Setting RC values…
Setting global connections for newly added cells…
[INFO] Setting global connections...
Updating metrics…
Cell type report:                       Count       Area
  Fill cell                                88     330.32
  Tap cell                                207     259.00
  Clock buffer                             23     361.60
  Timing Repair Buffer                     23     147.64
  Inverter                                  7      26.28
  Clock inverter                           13     161.40
  Sequential cell                         174    3704.80
  Multi-Input combinational cell          265    3266.88
  Total                                   800    8257.92
Writing OpenROAD database to '/home/tcsul/projects/fifo_project/v_files/runs/RUN_2026-08-14_16-06-50/38-openroad-globalrouting/async_fifo.odb'…
Writing layout to '/home/tcsul/projects/fifo_project/v_files/runs/RUN_2026-08-14_16-06-50/38-openroad-globalrouting/async_fifo.def'…
