122. Printing statistics.

=== async_fifo ===

   Number of wires:                360
   Number of wire bits:            543
   Number of public wires:          39
   Number of public wire bits:     215
   Number of ports:                 10
   Number of port bits:             24
   Number of memories:               0
   Number of memory bits:            0
   Number of processes:              0
   Number of cells:                522
     $_ANDNOT_                      27
     $_AND_                          2
     $_MUX_                        248
     $_NAND_                         4
     $_NOT_                          9
     $_ORNOT_                       10
     $_OR_                          16
     $_XNOR_                         6
     $_XOR_                         26
     sky130_fd_sc_hd__dfrtp_2       38
     sky130_fd_sc_hd__dfxtp_2      136

   Area for cell type $_NOT_ is unknown!
   Area for cell type $_AND_ is unknown!
   Area for cell type $_NAND_ is unknown!
   Area for cell type $_OR_ is unknown!
   Area for cell type $_XOR_ is unknown!
   Area for cell type $_XNOR_ is unknown!
   Area for cell type $_ANDNOT_ is unknown!
   Area for cell type $_ORNOT_ is unknown!
   Area for cell type $_MUX_ is unknown!

   Chip area for module '\async_fifo': 3891.232000
     of which used for sequential elements: 3891.232000 (100.00%)

