116. Printing statistics.

=== async_fifo ===

   Number of wires:                232
   Number of wire bits:            415
   Number of public wires:          39
   Number of public wire bits:     215
   Number of ports:                 10
   Number of port bits:             24
   Number of memories:               0
   Number of memory bits:            0
   Number of processes:              0
   Number of cells:                394
     $_ANDNOT_                      27
     $_AND_                          2
     $_DFFE_PP_                    128
     $_DFF_PN0_                     38
     $_DFF_P_                        8
     $_MUX_                        120
     $_NAND_                         4
     $_NOT_                          9
     $_ORNOT_                       10
     $_OR_                          16
     $_XNOR_                         6
     $_XOR_                         26

   Area for cell type $_NOT_ is unknown!
   Area for cell type $_AND_ is unknown!
   Area for cell type $_NAND_ is unknown!
   Area for cell type $_OR_ is unknown!
   Area for cell type $_XOR_ is unknown!
   Area for cell type $_XNOR_ is unknown!
   Area for cell type $_ANDNOT_ is unknown!
   Area for cell type $_ORNOT_ is unknown!
   Area for cell type $_MUX_ is unknown!
   Area for cell type $_DFF_P_ is unknown!
   Area for cell type $_DFFE_PP_ is unknown!
   Area for cell type $_DFF_PN0_ is unknown!

