130. Printing statistics.

=== async_fifo ===

   Number of wires:                446
   Number of wire bits:            460
   Number of public wires:         194
   Number of public wire bits:     208
   Number of ports:                 10
   Number of port bits:             24
   Number of memories:               0
   Number of memory bits:            0
   Number of processes:              0
   Number of cells:                446
     sky130_fd_sc_hd__a21boi_2       1
     sky130_fd_sc_hd__a21oi_2        3
     sky130_fd_sc_hd__a221o_2        2
     sky130_fd_sc_hd__a22o_2         8
     sky130_fd_sc_hd__a31o_2         1
     sky130_fd_sc_hd__a41o_2         1
     sky130_fd_sc_hd__and2_2         7
     sky130_fd_sc_hd__and2b_2        2
     sky130_fd_sc_hd__and3_2         2
     sky130_fd_sc_hd__and4b_2        4
     sky130_fd_sc_hd__and4bb_2       4
     sky130_fd_sc_hd__dfrtp_2       38
     sky130_fd_sc_hd__dfxtp_2      136
     sky130_fd_sc_hd__inv_2          7
     sky130_fd_sc_hd__mux2_1       137
     sky130_fd_sc_hd__mux4_2        32
     sky130_fd_sc_hd__nand2_2        2
     sky130_fd_sc_hd__nand2b_2       1
     sky130_fd_sc_hd__nand4_2        4
     sky130_fd_sc_hd__nand4b_2       4
     sky130_fd_sc_hd__nor2_2        11
     sky130_fd_sc_hd__nor3_2         1
     sky130_fd_sc_hd__o2111a_2       1
     sky130_fd_sc_hd__o21a_2         8
     sky130_fd_sc_hd__o221ai_2       1
     sky130_fd_sc_hd__o31a_2         1
     sky130_fd_sc_hd__or2_2          9
     sky130_fd_sc_hd__xnor2_2       12
     sky130_fd_sc_hd__xor2_2         6

   Chip area for module '\async_fifo': 7188.144000
     of which used for sequential elements: 3891.232000 (54.13%)

