Clock: wclk
Sources: wclk 
Generated: no
Virtual: yes
Propagated: no
Period: 10.000000

===========================================================================
report_clock_properties
============================================================================
Clock                   Period          Waveform
----------------------------------------------------
wclk                 10.000000    0.000000  5.000000

===========================================================================
report_clock_latency
============================================================================
Clock wclk
rise -> rise
    min     max
0.000000 0.000000 source latency
0.626212         network latency _644_/CLK
        0.640459 network latency _695_/CLK
---------------
0.626212 0.640459 latency
        0.014247 skew

fall -> fall
    min     max
0.000000 0.000000 source latency
0.615530         network latency _644_/CLK
        0.627535 network latency _695_/CLK
---------------
0.615530 0.627535 latency
        0.012005 skew



===========================================================================
report_clock_min_period
============================================================================
wclk period_min = 5.69 fmax = 175.67
Clock: rclk
Sources: rclk 
Generated: no
Virtual: yes
Propagated: no
Period: 14.000000

===========================================================================
report_clock_properties
============================================================================
Clock                   Period          Waveform
----------------------------------------------------
rclk                 14.000000    0.000000  7.000000

===========================================================================
report_clock_latency
============================================================================
Clock rclk
rise -> rise
    min     max
0.000000 0.000000 source latency
0.441853         network latency _532_/CLK
        0.447500 network latency _547_/CLK
---------------
0.441853 0.447500 latency
        0.005647 skew

fall -> fall
    min     max
0.000000 0.000000 source latency
0.496223         network latency _532_/CLK
        0.501357 network latency _547_/CLK
---------------
0.496223 0.501357 latency
        0.005135 skew



===========================================================================
report_clock_min_period
============================================================================
rclk period_min = 4.59 fmax = 217.97
