
===========================================================================
 report_power
============================================================================
======================= nom_ss_100C_1v60 Corner ===================================

Group                    Internal    Switching      Leakage        Total
                            Power        Power        Power        Power (Watts)
------------------------------------------------------------------------
Sequential           8.218910e-04 2.011520e-04 2.725917e-06 1.025769e-03  47.8%
Combinational        4.279119e-04 2.467730e-04 2.051202e-06 6.767361e-04  31.5%
Clock                2.597586e-04 1.834540e-04 4.015965e-07 4.436142e-04  20.7%
Macro                0.000000e+00 0.000000e+00 0.000000e+00 0.000000e+00   0.0%
Pad                  0.000000e+00 0.000000e+00 0.000000e+00 0.000000e+00   0.0%
------------------------------------------------------------------------
Total                1.509562e-03 6.313794e-04 5.178705e-06 2.146120e-03 100.0%
                            70.3%        29.4%         0.2%

