
===========================================================================
report_checks -unconstrained
===========================================================================
======================= nom_tt_025C_1v80 Corner ===================================

Startpoint: _657_ (rising edge-triggered flip-flop clocked by rclk)
Endpoint: _548_ (rising edge-triggered flip-flop clocked by rclk)
Path Group: rclk
Path Type: max

Fanout         Cap        Slew       Delay        Time   Description
---------------------------------------------------------------------------------------------
                                  0.000000    0.000000   clock rclk (rise edge)
                                  0.000000    0.000000   clock source latency
     1    0.015078    0.000000    0.000000    0.000000 ^ rclk (in)
                                                         rclk (net)
                      0.000800    0.000400    0.000400 ^ clkbuf_0_rclk/A (sky130_fd_sc_hd__clkbuf_16)
     2    0.018257    0.040359    0.108209    0.108610 ^ clkbuf_0_rclk/X (sky130_fd_sc_hd__clkbuf_16)
                                                         clknet_0_rclk (net)
                      0.040360    0.000419    0.109029 ^ clkbuf_1_1__f_rclk/A (sky130_fd_sc_hd__clkbuf_16)
    16    0.044458    0.063726    0.143392    0.252421 ^ clkbuf_1_1__f_rclk/X (sky130_fd_sc_hd__clkbuf_16)
                                                         clknet_1_1__leaf_rclk (net)
                      0.063737    0.000793    0.253214 ^ _657_/CLK (sky130_fd_sc_hd__dfrtp_4)
    36    0.231198    0.636214    0.847976    1.101190 ^ _657_/Q (sky130_fd_sc_hd__dfrtp_4)
                                                         bram.raddr[0] (net)
                      0.637027    0.016166    1.117356 ^ _280_/S0 (sky130_fd_sc_hd__mux4_1)
     1    0.005547    0.099202    0.654874    1.772230 v _280_/X (sky130_fd_sc_hd__mux4_1)
                                                         _162_ (net)
                      0.099202    0.000191    1.772421 v _281_/A1 (sky130_fd_sc_hd__mux2_1)
     1    0.009827    0.087897    0.353788    2.126209 v _281_/X (sky130_fd_sc_hd__mux2_1)
                                                         _163_ (net)
                      0.087899    0.000521    2.126730 v _282_/B1 (sky130_fd_sc_hd__a22o_1)
     1    0.010229    0.072685    0.228195    2.354926 v _282_/X (sky130_fd_sc_hd__a22o_1)
                                                         _006_ (net)
                      0.072686    0.000454    2.355380 v _548_/D (sky130_fd_sc_hd__dfxtp_1)
                                              2.355380   data arrival time

                                 14.000000   14.000000   clock rclk (rise edge)
                                  0.000000   14.000000   clock source latency
     1    0.015078    0.000000    0.000000   14.000000 ^ rclk (in)
                                                         rclk (net)
                      0.000800    0.000401   14.000401 ^ clkbuf_0_rclk/A (sky130_fd_sc_hd__clkbuf_16)
     2    0.018257    0.040359    0.108209   14.108610 ^ clkbuf_0_rclk/X (sky130_fd_sc_hd__clkbuf_16)
                                                         clknet_0_rclk (net)
                      0.040360    0.000380   14.108990 ^ clkbuf_1_0__f_rclk/A (sky130_fd_sc_hd__clkbuf_16)
    12    0.049111    0.067933    0.146757   14.255747 ^ clkbuf_1_0__f_rclk/X (sky130_fd_sc_hd__clkbuf_16)
                                                         clknet_1_0__leaf_rclk (net)
                      0.067962    0.001279   14.257026 ^ _548_/CLK (sky130_fd_sc_hd__dfxtp_1)
                                  0.000000   14.257026   clock reconvergence pessimism
                                 -0.117306   14.139720   library setup time
                                             14.139720   data required time
---------------------------------------------------------------------------------------------
                                             14.139720   data required time
                                             -2.355380   data arrival time
---------------------------------------------------------------------------------------------
                                             11.784340   slack (MET)


Startpoint: _554_ (rising edge-triggered flip-flop clocked by wclk)
Endpoint: _617_ (rising edge-triggered flip-flop clocked by wclk)
Path Group: wclk
Path Type: max

Fanout         Cap        Slew       Delay        Time   Description
---------------------------------------------------------------------------------------------
                                  0.000000    0.000000   clock wclk (rise edge)
                                  0.000000    0.000000   clock source latency
     1    0.021742    0.000000    0.000000    0.000000 ^ wclk (in)
                                                         wclk (net)
                      0.002562    0.001281    0.001281 ^ clkbuf_0_wclk/A (sky130_fd_sc_hd__clkbuf_16)
    16    0.119156    0.132702    0.183658    0.184939 ^ clkbuf_0_wclk/X (sky130_fd_sc_hd__clkbuf_16)
                                                         clknet_0_wclk (net)
                      0.132778    0.002564    0.187503 ^ clkbuf_4_13_0_wclk/A (sky130_fd_sc_hd__clkbuf_8)
    10    0.034398    0.073317    0.181642    0.369145 ^ clkbuf_4_13_0_wclk/X (sky130_fd_sc_hd__clkbuf_8)
                                                         clknet_4_13_0_wclk (net)
                      0.073321    0.000618    0.369762 ^ _554_/CLK (sky130_fd_sc_hd__dfrtp_1)
     2    0.009482    0.068268    0.400093    0.769855 v _554_/Q (sky130_fd_sc_hd__dfrtp_1)
                                                         r_ptr_gray_sync[4] (net)
                      0.068268    0.000231    0.770086 v _291_/A (sky130_fd_sc_hd__xor2_1)
     3    0.012204    0.279259    0.278732    1.048817 ^ _291_/X (sky130_fd_sc_hd__xor2_1)
                                                         _171_ (net)
                      0.279259    0.000292    1.049109 ^ _292_/B (sky130_fd_sc_hd__xnor2_1)
     3    0.010909    0.274434    0.217736    1.266845 ^ _292_/Y (sky130_fd_sc_hd__xnor2_1)
                                                         _172_ (net)
                      0.274434    0.000365    1.267211 ^ _293_/B (sky130_fd_sc_hd__xnor2_1)
     1    0.004789    0.153381    0.169825    1.437035 ^ _293_/Y (sky130_fd_sc_hd__xnor2_1)
                                                         _173_ (net)
                      0.153381    0.000157    1.437193 ^ _297_/S (sky130_fd_sc_hd__mux2_1)
     2    0.007022    0.076081    0.364278    1.801471 v _297_/X (sky130_fd_sc_hd__mux2_1)
                                                         _177_ (net)
                      0.076081    0.000192    1.801662 v _329_/A1 (sky130_fd_sc_hd__a21boi_2)
     3    0.018143    0.235297    0.245504    2.047166 ^ _329_/Y (sky130_fd_sc_hd__a21boi_2)
                                                         _198_ (net)
                      0.235299    0.000614    2.047780 ^ max_cap23/A (sky130_fd_sc_hd__buf_8)
    20    0.119739    0.194623    0.256286    2.304066 ^ max_cap23/X (sky130_fd_sc_hd__buf_8)
                                                         net23 (net)
                      0.194723    0.002101    2.306167 ^ _453_/C (sky130_fd_sc_hd__and4bb_4)
     8    0.058147    0.212683    0.398246    2.704413 ^ _453_/X (sky130_fd_sc_hd__and4bb_4)
                                                         _245_ (net)
                      0.212686    0.001308    2.705720 ^ _455_/S (sky130_fd_sc_hd__mux2_1)
     1    0.003637    0.060232    0.350264    3.055984 v _455_/X (sky130_fd_sc_hd__mux2_1)
                                                         _073_ (net)
                      0.060232    0.000107    3.056092 v _617_/D (sky130_fd_sc_hd__dfxtp_1)
                                              3.056092   data arrival time

                                 10.000000   10.000000   clock wclk (rise edge)
                                  0.000000   10.000000   clock source latency
     1    0.021742    0.000000    0.000000   10.000000 ^ wclk (in)
                                                         wclk (net)
                      0.002562    0.001281   10.001281 ^ clkbuf_0_wclk/A (sky130_fd_sc_hd__clkbuf_16)
    16    0.119156    0.132702    0.183658   10.184939 ^ clkbuf_0_wclk/X (sky130_fd_sc_hd__clkbuf_16)
                                                         clknet_0_wclk (net)
                      0.132772    0.002464   10.187404 ^ clkbuf_4_7_0_wclk/A (sky130_fd_sc_hd__clkbuf_8)
    11    0.033119    0.071327    0.180029   10.367433 ^ clkbuf_4_7_0_wclk/X (sky130_fd_sc_hd__clkbuf_8)
                                                         clknet_4_7_0_wclk (net)
                      0.071330    0.000592   10.368024 ^ _617_/CLK (sky130_fd_sc_hd__dfxtp_1)
                                  0.000000   10.368024   clock reconvergence pessimism
                                 -0.111057   10.256967   library setup time
                                             10.256967   data required time
---------------------------------------------------------------------------------------------
                                             10.256967   data required time
                                             -3.056092   data arrival time
---------------------------------------------------------------------------------------------
                                              7.200874   slack (MET)




===========================================================================
report_checks --slack_max -0.01
============================================================================
======================= nom_tt_025C_1v80 Corner ===================================

No paths found.


===========================================================================
 report_check_types -max_slew -max_cap -max_fanout -violators
============================================================================
======================= nom_tt_025C_1v80 Corner ===================================



===========================================================================
report_parasitic_annotation -report_unannotated
============================================================================
Found 16 unannotated drivers.
 clkload0/X
 clkload1/Y
 clkload10/Y
 clkload11/Y
 clkload12/Y
 clkload13/Y
 clkload14/Y
 clkload15/Y
 clkload2/X
 clkload3/Y
 clkload4/Y
 clkload5/Y
 clkload6/Y
 clkload7/Y
 clkload8/Y
 clkload9/X
Found 0 partially unannotated drivers.

===========================================================================
max slew violation count 0
max fanout violation count 0
max cap violation count 0
============================================================================

===========================================================================
check_setup -verbose -unconstrained_endpoints -multiple_clock -no_clock -no_input_delay -loops -generated_clocks
===========================================================================
Warning: There are 12 input ports missing set_input_delay.
  ren
  rrst_n
  wdata[0]
  wdata[1]
  wdata[2]
  wdata[3]
  wdata[4]
  wdata[5]
  wdata[6]
  wdata[7]
  wen
  wrst_n
Warning: There are 10 unconstrained endpoints.
  empty
  full
  rdata[0]
  rdata[1]
  rdata[2]
  rdata[3]
  rdata[4]
  rdata[5]
  rdata[6]
  rdata[7]
