Clock: wclk
Sources: wclk 
Generated: no
Virtual: yes
Propagated: no
Period: 10.000000

===========================================================================
report_clock_properties
============================================================================
Clock                   Period          Waveform
----------------------------------------------------
wclk                 10.000000    0.000000  5.000000

===========================================================================
report_clock_latency
============================================================================
Clock wclk
rise -> rise
    min     max
0.000000 0.000000 source latency
0.364902         network latency _644_/CLK
        0.373651 network latency _695_/CLK
---------------
0.364902 0.373651 latency
        0.008749 skew

fall -> fall
    min     max
0.000000 0.000000 source latency
0.355417         network latency _644_/CLK
        0.361764 network latency _695_/CLK
---------------
0.355417 0.361764 latency
        0.006348 skew



===========================================================================
report_clock_min_period
============================================================================
wclk period_min = 2.80 fmax = 357.25
Clock: rclk
Sources: rclk 
Generated: no
Virtual: yes
Propagated: no
Period: 14.000000

===========================================================================
report_clock_properties
============================================================================
Clock                   Period          Waveform
----------------------------------------------------
rclk                 14.000000    0.000000  7.000000

===========================================================================
report_clock_latency
============================================================================
Clock rclk
rise -> rise
    min     max
0.000000 0.000000 source latency
0.253050         network latency _532_/CLK
        0.257033 network latency _547_/CLK
---------------
0.253050 0.257033 latency
        0.003984 skew

fall -> fall
    min     max
0.000000 0.000000 source latency
0.281601         network latency _532_/CLK
        0.284677 network latency _547_/CLK
---------------
0.281601 0.284677 latency
        0.003077 skew



===========================================================================
report_clock_min_period
============================================================================
rclk period_min = 2.22 fmax = 451.33
