Reading OpenROAD database at '/home/tcsul/projects/fifo_project/v_files/runs/RUN_2026-08-14_16-06-50/24-openroad-ioplacement/async_fifo.odb'…
Reading library file at '/home/tcsul/.volare/volare/sky130/versions/0fe599b2afb6708d281543108caf8310912f54af/sky130A/libs.ref/sky130_fd_sc_hd/lib/sky130_fd_sc_hd__tt_025C_1v80.lib'…
Reading design constraints file at '/home/tcsul/projects/fifo_project/v_files/base_async_fifo.sdc'…
[INFO] No information on clock propagation in input SDC file-- propagating all clocks.
[INFO] Setting RC values…
[INFO] Setting signal min routing layer to: met1 and clock min routing layer to met1. 
[INFO] Setting signal max routing layer to: met5 and clock max routing layer to met5. 
+ global_placement -density 0.6202799999999999 -timing_driven -routability_driven -pad_right 0 -pad_left 0 -init_wirelength_coef 0.25
[INFO GPL-0002] DBU: 1000
[INFO GPL-0003] SiteSize: (  0.460  2.720 ) um
[INFO GPL-0004] CoreBBox: (  5.520 10.880 ) ( 125.120 130.560 ) um
[INFO GPL-0006] NumInstances:               741
[INFO GPL-0007] NumPlaceInstances:          446
[INFO GPL-0008] NumFixedInstances:          295
[INFO GPL-0009] NumDummyInstances:            0
[INFO GPL-0010] NumNets:                    460
[INFO GPL-0011] NumPins:                   1740
[INFO GPL-0012] DieBBox:  (  0.000  0.000 ) ( 130.940 141.660 ) um
[INFO GPL-0013] CoreBBox: (  5.520 10.880 ) ( 125.120 130.560 ) um
[INFO GPL-0016] CoreArea:             14313.728 um^2
[INFO GPL-0017] NonPlaceInstsArea:      589.315 um^2
[INFO GPL-0018] PlaceInstsArea:        7188.144 um^2
[INFO GPL-0019] Util:                    52.375 %
[INFO GPL-0020] StdInstsArea:          7188.144 um^2
[INFO GPL-0021] MacroInstsArea:           0.000 um^2
[InitialPlace]  Iter: 1 CG residual: 0.00000012 HPWL: 11728380
[InitialPlace]  Iter: 2 CG residual: 0.00000009 HPWL: 7142424
[InitialPlace]  Iter: 3 CG residual: 0.00000006 HPWL: 7212212
[InitialPlace]  Iter: 4 CG residual: 0.00000005 HPWL: 7273489
[InitialPlace]  Iter: 5 CG residual: 0.00000010 HPWL: 7280520
[INFO GPL-0031] FillerInit:NumGCells:       528
[INFO GPL-0032] FillerInit:NumGNets:        460
[INFO GPL-0033] FillerInit:NumGPins:       1740
[INFO GPL-0023] TargetDensity:            0.620
[INFO GPL-0024] AvrgPlaceInstArea:       16.117 um^2
[INFO GPL-0025] IdealBinArea:            25.983 um^2
[INFO GPL-0026] IdealBinCnt:                550
[INFO GPL-0027] TotalBinArea:         14313.728 um^2
[INFO GPL-0028] BinCnt:        16     16
[INFO GPL-0029] BinSize: (  7.475  7.480 )
[INFO GPL-0030] NumBins: 256
[NesterovSolve] Iter:    1 overflow: 0.927 HPWL: 3030535
[NesterovSolve] Iter:   10 overflow: 0.886 HPWL: 3473499
[NesterovSolve] Iter:   20 overflow: 0.877 HPWL: 3520054
[NesterovSolve] Iter:   30 overflow: 0.873 HPWL: 3509622
[NesterovSolve] Iter:   40 overflow: 0.885 HPWL: 3493537
[NesterovSolve] Iter:   50 overflow: 0.889 HPWL: 3481175
[NesterovSolve] Iter:   60 overflow: 0.890 HPWL: 3478958
[NesterovSolve] Iter:   70 overflow: 0.889 HPWL: 3479694
[NesterovSolve] Iter:   80 overflow: 0.889 HPWL: 3478970
[NesterovSolve] Iter:   90 overflow: 0.889 HPWL: 3481140
[NesterovSolve] Iter:  100 overflow: 0.889 HPWL: 3487239
[NesterovSolve] Iter:  110 overflow: 0.887 HPWL: 3495754
[NesterovSolve] Iter:  120 overflow: 0.882 HPWL: 3507865
[NesterovSolve] Iter:  130 overflow: 0.879 HPWL: 3527431
[NesterovSolve] Iter:  140 overflow: 0.877 HPWL: 3560284
[NesterovSolve] Iter:  150 overflow: 0.870 HPWL: 3611440
[NesterovSolve] Iter:  160 overflow: 0.863 HPWL: 3681115
[NesterovSolve] Iter:  170 overflow: 0.852 HPWL: 3804450
[NesterovSolve] Iter:  180 overflow: 0.842 HPWL: 3996058
[NesterovSolve] Iter:  190 overflow: 0.819 HPWL: 4224776
[NesterovSolve] Iter:  200 overflow: 0.789 HPWL: 4439735
[INFO GPL-0100] Timing-driven: executing resizer for reweighting nets.
[INFO GPL-0101] Timing-driven: worst slack 7.04e-09
[INFO GPL-0103] Timing-driven: weighted 45 nets.
[NesterovSolve] Iter:  210 overflow: 0.768 HPWL: 4693267
[NesterovSolve] Iter:  220 overflow: 0.735 HPWL: 4950009
[NesterovSolve] Iter:  230 overflow: 0.699 HPWL: 5226565
[NesterovSolve] Iter:  240 overflow: 0.656 HPWL: 5546018
[INFO GPL-0100] Timing-driven: executing resizer for reweighting nets.
[INFO GPL-0101] Timing-driven: worst slack 7.02e-09
[INFO GPL-0103] Timing-driven: weighted 45 nets.
[NesterovSolve] Iter:  250 overflow: 0.609 HPWL: 5825333
[NesterovSolve] Snapshot saved at iter = 251
[NesterovSolve] Iter:  260 overflow: 0.559 HPWL: 6103368
[NesterovSolve] Iter:  270 overflow: 0.503 HPWL: 6312604
[INFO GPL-0100] Timing-driven: executing resizer for reweighting nets.
[INFO GPL-0101] Timing-driven: worst slack 7.04e-09
[INFO GPL-0103] Timing-driven: weighted 45 nets.
[NesterovSolve] Iter:  280 overflow: 0.458 HPWL: 6557601
[NesterovSolve] Iter:  290 overflow: 0.401 HPWL: 6551876
[NesterovSolve] Iter:  300 overflow: 0.337 HPWL: 6678743
[NesterovSolve] Iter:  310 overflow: 0.299 HPWL: 6710877
[INFO GPL-0075] Routability numCall: 1 inflationIterCnt: 1 bloatIterCnt: 0
[INFO GPL-0036] TileBBox: (    0    0 ) ( 6900 6900 ) DBU
[INFO GPL-0038] TileCnt:      18   20
[INFO GPL-0040] NumTiles: 360
[INFO GPL-0081] TotalRouteOverflow: 0
[INFO GPL-0082] OverflowTileCnt: 0
[INFO GPL-0083] 0.5%RC: 0.7277787625789642
[INFO GPL-0084] 1.0%RC: 0.7185062021017075
[INFO GPL-0085] 2.0%RC: 0.7063069343566895
[INFO GPL-0086] 5.0%RC: 0.6840388046370612
[INFO GPL-0087] FinalRC: 0.7231425
[INFO GPL-0077] FinalRC lower than targetRC(1.01), routability not needed.
[INFO GPL-0100] Timing-driven: executing resizer for reweighting nets.
[INFO GPL-0101] Timing-driven: worst slack 7.04e-09
[INFO GPL-0103] Timing-driven: weighted 45 nets.
[NesterovSolve] Iter:  320 overflow: 0.269 HPWL: 6707869
[NesterovSolve] Iter:  330 overflow: 0.220 HPWL: 6741952
[INFO GPL-0100] Timing-driven: executing resizer for reweighting nets.
[INFO GPL-0101] Timing-driven: worst slack 7.04e-09
[INFO GPL-0103] Timing-driven: weighted 45 nets.
[NesterovSolve] Iter:  340 overflow: 0.200 HPWL: 6708581
[NesterovSolve] Iter:  350 overflow: 0.173 HPWL: 6777187
[NesterovSolve] Iter:  360 overflow: 0.165 HPWL: 6801693
[INFO GPL-0100] Timing-driven: executing resizer for reweighting nets.
[INFO GPL-0101] Timing-driven: worst slack 7.04e-09
[INFO GPL-0103] Timing-driven: weighted 45 nets.
[NesterovSolve] Iter:  370 overflow: 0.125 HPWL: 6814127
[NesterovSolve] Iter:  380 overflow: 0.105 HPWL: 6836573
[NesterovSolve] Finished with Overflow: 0.099044
[INFO] Setting RC values…
Setting global connections for newly added cells…
[INFO] Setting global connections...
Updating metrics…
Cell type report:                       Count       Area
  Fill cell                                88     330.32
  Tap cell                                207     259.00
  Inverter                                  7      26.28
  Sequential cell                         174    3891.23
  Multi-Input combinational cell          265    3270.64
  Total                                   741    7777.46
Writing OpenROAD database to '/home/tcsul/projects/fifo_project/v_files/runs/RUN_2026-08-14_16-06-50/27-openroad-globalplacement/async_fifo.odb'…
Writing netlist to '/home/tcsul/projects/fifo_project/v_files/runs/RUN_2026-08-14_16-06-50/27-openroad-globalplacement/async_fifo.nl.v'…
Writing powered netlist to '/home/tcsul/projects/fifo_project/v_files/runs/RUN_2026-08-14_16-06-50/27-openroad-globalplacement/async_fifo.pnl.v'…
Writing layout to '/home/tcsul/projects/fifo_project/v_files/runs/RUN_2026-08-14_16-06-50/27-openroad-globalplacement/async_fifo.def'…
Writing timing constraints to '/home/tcsul/projects/fifo_project/v_files/runs/RUN_2026-08-14_16-06-50/27-openroad-globalplacement/async_fifo.sdc'…
