
===========================================================================
report_checks -unconstrained
===========================================================================
======================= max_ff_n40C_1v95 Corner ===================================

Startpoint: _657_ (rising edge-triggered flip-flop clocked by rclk)
Endpoint: _548_ (rising edge-triggered flip-flop clocked by rclk)
Path Group: rclk
Path Type: max

Fanout         Cap        Slew       Delay        Time   Description
---------------------------------------------------------------------------------------------
                                  0.000000    0.000000   clock rclk (rise edge)
                                  0.000000    0.000000   clock source latency
     1    0.015736    0.000000    0.000000    0.000000 ^ rclk (in)
                                                         rclk (net)
                      0.001171    0.000586    0.000586 ^ clkbuf_0_rclk/A (sky130_fd_sc_hd__clkbuf_16)
     2    0.018639    0.030244    0.075117    0.075702 ^ clkbuf_0_rclk/X (sky130_fd_sc_hd__clkbuf_16)
                                                         clknet_0_rclk (net)
                      0.030254    0.000985    0.076687 ^ clkbuf_1_1__f_rclk/A (sky130_fd_sc_hd__clkbuf_16)
    16    0.047187    0.050185    0.100062    0.176749 ^ clkbuf_1_1__f_rclk/X (sky130_fd_sc_hd__clkbuf_16)
                                                         clknet_1_1__leaf_rclk (net)
                      0.050364    0.002078    0.178826 ^ _657_/CLK (sky130_fd_sc_hd__dfrtp_4)
    36    0.247096    0.516113    0.590428    0.769254 ^ _657_/Q (sky130_fd_sc_hd__dfrtp_4)
                                                         bram.raddr[0] (net)
                      0.518985    0.031324    0.800579 ^ _280_/S0 (sky130_fd_sc_hd__mux4_1)
     1    0.005854    0.076076    0.314475    1.115054 v _280_/X (sky130_fd_sc_hd__mux4_1)
                                                         _162_ (net)
                      0.076077    0.000329    1.115383 v _281_/A1 (sky130_fd_sc_hd__mux2_1)
     1    0.010937    0.068587    0.199839    1.315222 v _281_/X (sky130_fd_sc_hd__mux2_1)
                                                         _163_ (net)
                      0.068602    0.000963    1.316185 v _282_/B1 (sky130_fd_sc_hd__a22o_1)
     1    0.010822    0.051518    0.122141    1.438326 v _282_/X (sky130_fd_sc_hd__a22o_1)
                                                         _006_ (net)
                      0.051530    0.000770    1.439096 v _548_/D (sky130_fd_sc_hd__dfxtp_1)
                                              1.439096   data arrival time

                                 14.000000   14.000000   clock rclk (rise edge)
                                  0.000000   14.000000   clock source latency
     1    0.015736    0.000000    0.000000   14.000000 ^ rclk (in)
                                                         rclk (net)
                      0.001171    0.000585   14.000586 ^ clkbuf_0_rclk/A (sky130_fd_sc_hd__clkbuf_16)
     2    0.018639    0.030244    0.075117   14.075702 ^ clkbuf_0_rclk/X (sky130_fd_sc_hd__clkbuf_16)
                                                         clknet_0_rclk (net)
                      0.030253    0.000935   14.076637 ^ clkbuf_1_0__f_rclk/A (sky130_fd_sc_hd__clkbuf_16)
    12    0.051953    0.053621    0.102570   14.179207 ^ clkbuf_1_0__f_rclk/X (sky130_fd_sc_hd__clkbuf_16)
                                                         clknet_1_0__leaf_rclk (net)
                      0.053858    0.002530   14.181737 ^ _548_/CLK (sky130_fd_sc_hd__dfxtp_1)
                                  0.000000   14.181737   clock reconvergence pessimism
                                 -0.074868   14.106869   library setup time
                                             14.106869   data required time
---------------------------------------------------------------------------------------------
                                             14.106869   data required time
                                             -1.439096   data arrival time
---------------------------------------------------------------------------------------------
                                             12.667773   slack (MET)


Startpoint: _554_ (rising edge-triggered flip-flop clocked by wclk)
Endpoint: _592_ (rising edge-triggered flip-flop clocked by wclk)
Path Group: wclk
Path Type: max

Fanout         Cap        Slew       Delay        Time   Description
---------------------------------------------------------------------------------------------
                                  0.000000    0.000000   clock wclk (rise edge)
                                  0.000000    0.000000   clock source latency
     1    0.022534    0.000000    0.000000    0.000000 ^ wclk (in)
                                                         wclk (net)
                      0.003504    0.001752    0.001752 ^ clkbuf_0_wclk/A (sky130_fd_sc_hd__clkbuf_16)
    16    0.124577    0.106590    0.132507    0.134260 ^ clkbuf_0_wclk/X (sky130_fd_sc_hd__clkbuf_16)
                                                         clknet_0_wclk (net)
                      0.106971    0.005125    0.139384 ^ clkbuf_4_13_0_wclk/A (sky130_fd_sc_hd__clkbuf_8)
    10    0.036235    0.057327    0.123512    0.262896 ^ clkbuf_4_13_0_wclk/X (sky130_fd_sc_hd__clkbuf_8)
                                                         clknet_4_13_0_wclk (net)
                      0.057365    0.001344    0.264239 ^ _554_/CLK (sky130_fd_sc_hd__dfrtp_1)
     2    0.009520    0.050335    0.253373    0.517612 v _554_/Q (sky130_fd_sc_hd__dfrtp_1)
                                                         r_ptr_gray_sync[4] (net)
                      0.050343    0.000612    0.518224 v _291_/A (sky130_fd_sc_hd__xor2_1)
     3    0.012571    0.206687    0.198705    0.716929 ^ _291_/X (sky130_fd_sc_hd__xor2_1)
                                                         _171_ (net)
                      0.206690    0.000724    0.717653 ^ _292_/B (sky130_fd_sc_hd__xnor2_1)
     3    0.011244    0.199548    0.126035    0.843688 ^ _292_/Y (sky130_fd_sc_hd__xnor2_1)
                                                         _172_ (net)
                      0.199554    0.000915    0.844603 ^ _293_/B (sky130_fd_sc_hd__xnor2_1)
     1    0.005117    0.114058    0.091159    0.935762 ^ _293_/Y (sky130_fd_sc_hd__xnor2_1)
                                                         _173_ (net)
                      0.114059    0.000367    0.936129 ^ _297_/S (sky130_fd_sc_hd__mux2_1)
     2    0.007242    0.055352    0.211875    1.148004 v _297_/X (sky130_fd_sc_hd__mux2_1)
                                                         _177_ (net)
                      0.055355    0.000460    1.148464 v _329_/A1 (sky130_fd_sc_hd__a21boi_2)
     3    0.018503    0.174724    0.173728    1.322192 ^ _329_/Y (sky130_fd_sc_hd__a21boi_2)
                                                         _198_ (net)
                      0.174736    0.001175    1.323367 ^ max_cap23/A (sky130_fd_sc_hd__buf_8)
    20    0.121707    0.151154    0.162678    1.486045 ^ max_cap23/X (sky130_fd_sc_hd__buf_8)
                                                         net23 (net)
                      0.151697    0.007381    1.493426 ^ _424_/C (sky130_fd_sc_hd__and4b_4)
     8    0.058406    0.158900    0.242525    1.735950 ^ _424_/X (sky130_fd_sc_hd__and4b_4)
                                                         _240_ (net)
                      0.159093    0.004502    1.740452 ^ _425_/S (sky130_fd_sc_hd__mux2_1)
     1    0.004133    0.043502    0.199405    1.939857 v _425_/X (sky130_fd_sc_hd__mux2_1)
                                                         _048_ (net)
                      0.043502    0.000357    1.940214 v _592_/D (sky130_fd_sc_hd__dfxtp_1)
                                              1.940214   data arrival time

                                 10.000000   10.000000   clock wclk (rise edge)
                                  0.000000   10.000000   clock source latency
     1    0.022534    0.000000    0.000000   10.000000 ^ wclk (in)
                                                         wclk (net)
                      0.003504    0.001752   10.001753 ^ clkbuf_0_wclk/A (sky130_fd_sc_hd__clkbuf_16)
    16    0.124577    0.106590    0.132507   10.134260 ^ clkbuf_0_wclk/X (sky130_fd_sc_hd__clkbuf_16)
                                                         clknet_0_wclk (net)
                      0.106941    0.004921   10.139181 ^ clkbuf_4_12_0_wclk/A (sky130_fd_sc_hd__clkbuf_8)
     8    0.034123    0.054763    0.120896   10.260077 ^ clkbuf_4_12_0_wclk/X (sky130_fd_sc_hd__clkbuf_8)
                                                         clknet_4_12_0_wclk (net)
                      0.055081    0.003268   10.263346 ^ _592_/CLK (sky130_fd_sc_hd__dfxtp_1)
                                  0.000000   10.263346   clock reconvergence pessimism
                                 -0.071886   10.191461   library setup time
                                             10.191461   data required time
---------------------------------------------------------------------------------------------
                                             10.191461   data required time
                                             -1.940214   data arrival time
---------------------------------------------------------------------------------------------
                                              8.251247   slack (MET)




===========================================================================
report_checks --slack_max -0.01
============================================================================
======================= max_ff_n40C_1v95 Corner ===================================

No paths found.


===========================================================================
 report_check_types -max_slew -max_cap -max_fanout -violators
============================================================================
======================= max_ff_n40C_1v95 Corner ===================================



===========================================================================
report_parasitic_annotation -report_unannotated
============================================================================
Found 16 unannotated drivers.
 clkload0/X
 clkload1/Y
 clkload10/Y
 clkload11/Y
 clkload12/Y
 clkload13/Y
 clkload14/Y
 clkload15/Y
 clkload2/X
 clkload3/Y
 clkload4/Y
 clkload5/Y
 clkload6/Y
 clkload7/Y
 clkload8/Y
 clkload9/X
Found 0 partially unannotated drivers.

===========================================================================
max slew violation count 0
max fanout violation count 0
max cap violation count 0
============================================================================

===========================================================================
check_setup -verbose -unconstrained_endpoints -multiple_clock -no_clock -no_input_delay -loops -generated_clocks
===========================================================================
Warning: There are 12 input ports missing set_input_delay.
  ren
  rrst_n
  wdata[0]
  wdata[1]
  wdata[2]
  wdata[3]
  wdata[4]
  wdata[5]
  wdata[6]
  wdata[7]
  wen
  wrst_n
Warning: There are 10 unconstrained endpoints.
  empty
  full
  rdata[0]
  rdata[1]
  rdata[2]
  rdata[3]
  rdata[4]
  rdata[5]
  rdata[6]
  rdata[7]
