Clock: wclk
Sources: wclk 
Generated: no
Virtual: yes
Propagated: no
Period: 10.000000

===========================================================================
report_clock_properties
============================================================================
Clock                   Period          Waveform
----------------------------------------------------
wclk                 10.000000    0.000000  5.000000

===========================================================================
report_clock_latency
============================================================================
Clock wclk
rise -> rise
    min     max
0.000000 0.000000 source latency
0.261349         network latency _644_/CLK
        0.269269 network latency _695_/CLK
---------------
0.261349 0.269269 latency
        0.007920 skew

fall -> fall
    min     max
0.000000 0.000000 source latency
0.252634         network latency _568_/CLK
        0.259080 network latency _618_/CLK
---------------
0.252634 0.259080 latency
        0.006446 skew



===========================================================================
report_clock_min_period
============================================================================
wclk period_min = 1.75 fmax = 571.84
Clock: rclk
Sources: rclk 
Generated: no
Virtual: yes
Propagated: no
Period: 14.000000

===========================================================================
report_clock_properties
============================================================================
Clock                   Period          Waveform
----------------------------------------------------
rclk                 14.000000    0.000000  7.000000

===========================================================================
report_clock_latency
============================================================================
Clock rclk
rise -> rise
    min     max
0.000000 0.000000 source latency
0.178411         network latency _534_/CLK
        0.181738 network latency _548_/CLK
---------------
0.178411 0.181738 latency
        0.003326 skew

fall -> fall
    min     max
0.000000 0.000000 source latency
0.195391         network latency _534_/CLK
        0.197855 network latency _548_/CLK
---------------
0.195391 0.197855 latency
        0.002464 skew



===========================================================================
report_clock_min_period
============================================================================
rclk period_min = 1.33 fmax = 750.62
