
===========================================================================
 report_power
============================================================================
======================= max_ff_n40C_1v95 Corner ===================================

Group                    Internal    Switching      Leakage        Total
                            Power        Power        Power        Power (Watts)
------------------------------------------------------------------------
Sequential           1.201947e-03 3.226221e-04 2.603414e-09 1.524572e-03  48.0%
Combinational        5.995511e-04 3.951215e-04 1.675189e-09 9.946742e-04  31.3%
Clock                3.606870e-04 2.955024e-04 2.910886e-09 6.561923e-04  20.7%
Macro                0.000000e+00 0.000000e+00 0.000000e+00 0.000000e+00   0.0%
Pad                  0.000000e+00 0.000000e+00 0.000000e+00 0.000000e+00   0.0%
------------------------------------------------------------------------
Total                2.162185e-03 1.013246e-03 7.189496e-09 3.175438e-03 100.0%
                            68.1%        31.9%         0.0%

