
===========================================================================
report_checks -unconstrained
===========================================================================
======================= nom_ff_n40C_1v95 Corner ===================================

Startpoint: _657_ (rising edge-triggered flip-flop clocked by rclk)
Endpoint: _542_ (rising edge-triggered flip-flop clocked by rclk)
Path Group: rclk
Path Type: max

Fanout         Cap        Slew       Delay        Time   Description
---------------------------------------------------------------------------------------------
                      0.000000    0.000000    0.000000   clock rclk (rise edge)
                                  0.000000    0.000000   clock network delay (ideal)
                      0.000000    0.000000    0.000000 ^ _657_/CLK (sky130_fd_sc_hd__dfrtp_2)
    36    0.206463    0.733863    0.696616    0.696616 ^ _657_/Q (sky130_fd_sc_hd__dfrtp_2)
                                                         bram.raddr[0] (net)
                      0.733863    0.000000    0.696616 ^ _346_/S0 (sky130_fd_sc_hd__mux4_2)
     1    0.001395    0.051344    0.302356    0.998972 v _346_/X (sky130_fd_sc_hd__mux4_2)
                                                         _206_ (net)
                      0.051344    0.000000    0.998972 v _347_/B (sky130_fd_sc_hd__or2_2)
     1    0.002261    0.035281    0.159005    1.157976 v _347_/X (sky130_fd_sc_hd__or2_2)
                                                         _207_ (net)
                      0.035281    0.000000    1.157976 v _353_/A1 (sky130_fd_sc_hd__a22o_2)
     1    0.001783    0.021914    0.114062    1.272038 v _353_/X (sky130_fd_sc_hd__a22o_2)
                                                         _000_ (net)
                      0.021914    0.000000    1.272038 v _542_/D (sky130_fd_sc_hd__dfxtp_2)
                                              1.272038   data arrival time

                      0.000000   14.000000   14.000000   clock rclk (rise edge)
                                  0.000000   14.000000   clock network delay (ideal)
                                  0.000000   14.000000   clock reconvergence pessimism
                                             14.000000 ^ _542_/CLK (sky130_fd_sc_hd__dfxtp_2)
                                 -0.070696   13.929303   library setup time
                                             13.929303   data required time
---------------------------------------------------------------------------------------------
                                             13.929303   data required time
                                             -1.272038   data arrival time
---------------------------------------------------------------------------------------------
                                             12.657266   slack (MET)


Startpoint: _554_ (rising edge-triggered flip-flop clocked by wclk)
Endpoint: _682_ (rising edge-triggered flip-flop clocked by wclk)
Path Group: wclk
Path Type: max

Fanout         Cap        Slew       Delay        Time   Description
---------------------------------------------------------------------------------------------
                      0.000000    0.000000    0.000000   clock wclk (rise edge)
                                  0.000000    0.000000   clock network delay (ideal)
                      0.000000    0.000000    0.000000 ^ _554_/CLK (sky130_fd_sc_hd__dfrtp_2)
     2    0.016564    0.053994    0.260744    0.260744 v _554_/Q (sky130_fd_sc_hd__dfrtp_2)
                                                         r_ptr_gray_sync[4] (net)
                      0.053994    0.000000    0.260744 v _291_/A (sky130_fd_sc_hd__xor2_2)
     3    0.014847    0.057472    0.135771    0.396515 v _291_/X (sky130_fd_sc_hd__xor2_2)
                                                         _171_ (net)
                      0.057472    0.000000    0.396515 v _292_/B (sky130_fd_sc_hd__xnor2_2)
     3    0.014596    0.177598    0.156810    0.553325 ^ _292_/Y (sky130_fd_sc_hd__xnor2_2)
                                                         _172_ (net)
                      0.177598    0.000000    0.553325 ^ _293_/B (sky130_fd_sc_hd__xnor2_2)
     1    0.003686    0.083454    0.073513    0.626838 ^ _293_/Y (sky130_fd_sc_hd__xnor2_2)
                                                         _173_ (net)
                      0.083454    0.000000    0.626838 ^ _297_/S (sky130_fd_sc_hd__mux2_1)
     2    0.005783    0.051064    0.203150    0.829988 v _297_/X (sky130_fd_sc_hd__mux2_1)
                                                         _177_ (net)
                      0.051064    0.000000    0.829988 v _329_/A1 (sky130_fd_sc_hd__a21boi_2)
    22    0.074255    0.640166    0.502137    1.332125 ^ _329_/Y (sky130_fd_sc_hd__a21boi_2)
                                                         _198_ (net)
                      0.640166    0.000000    1.332125 ^ _340_/C (sky130_fd_sc_hd__nand4_2)
    10    0.037023    0.243090    0.212348    1.544473 v _340_/Y (sky130_fd_sc_hd__nand4_2)
                                                         _204_ (net)
                      0.243090    0.000000    1.544473 v _507_/S (sky130_fd_sc_hd__mux2_1)
     1    0.001783    0.035397    0.239991    1.784464 v _507_/X (sky130_fd_sc_hd__mux2_1)
                                                         _120_ (net)
                      0.035397    0.000000    1.784464 v _682_/D (sky130_fd_sc_hd__dfxtp_2)
                                              1.784464   data arrival time

                      0.000000   10.000000   10.000000   clock wclk (rise edge)
                                  0.000000   10.000000   clock network delay (ideal)
                                  0.000000   10.000000   clock reconvergence pessimism
                                             10.000000 ^ _682_/CLK (sky130_fd_sc_hd__dfxtp_2)
                                 -0.075518    9.924482   library setup time
                                              9.924482   data required time
---------------------------------------------------------------------------------------------
                                              9.924482   data required time
                                             -1.784464   data arrival time
---------------------------------------------------------------------------------------------
                                              8.140018   slack (MET)




===========================================================================
report_checks --slack_max -0.01
============================================================================
======================= nom_ff_n40C_1v95 Corner ===================================

No paths found.


===========================================================================
 report_check_types -max_slew -max_cap -max_fanout -violators
============================================================================
======================= nom_ff_n40C_1v95 Corner ===================================



===========================================================================
report_parasitic_annotation -report_unannotated
============================================================================
Found 460 unannotated drivers.
 rclk
 ren
 rrst_n
 wclk
 wdata[0]
 wdata[1]
 wdata[2]
 wdata[3]
 wdata[4]
 wdata[5]
 wdata[6]
 wdata[7]
 wen
 wrst_n
 _252_/Y
 _253_/Y
 _254_/Y
 _255_/Y
 _256_/Y
 _257_/Y
 _258_/Y
 _259_/X
 _260_/X
 _261_/X
 _262_/X
 _263_/X
 _264_/X
 _265_/X
 _266_/X
 _267_/X
 _268_/X
 _269_/X
 _270_/X
 _271_/X
 _272_/X
 _273_/X
 _274_/X
 _275_/X
 _276_/X
 _277_/X
 _278_/X
 _279_/X
 _280_/X
 _281_/X
 _282_/X
 _283_/X
 _284_/X
 _285_/X
 _286_/X
 _287_/X
 _288_/X
 _289_/X
 _290_/X
 _291_/X
 _292_/Y
 _293_/Y
 _294_/X
 _295_/Y
 _296_/X
 _297_/X
 _298_/Y
 _299_/Y
 _300_/Y
 _301_/X
 _302_/X
 _303_/X
 _304_/X
 _305_/Y
 _306_/X
 _307_/X
 _308_/Y
 _309_/X
 _310_/Y
 _311_/X
 _312_/X
 _313_/Y
 _314_/Y
 _315_/X
 _316_/Y
 _317_/Y
 _318_/Y
 _319_/X
 _320_/Y
 _321_/Y
 _322_/Y
 _323_/Y
 _324_/Y
 _325_/X
 _326_/Y
 _327_/Y
 _328_/Y
 _329_/Y
 _330_/Y
 _331_/X
 _332_/X
 _333_/Y
 _334_/Y
 _335_/Y
 _336_/X
 _337_/X
 _338_/Y
 _339_/X
 _340_/Y
 _341_/X
 _342_/X
 _343_/Y
 _344_/Y
 _345_/X
 _346_/X
 _347_/X
 _348_/X
 _349_/X
 _350_/X
 _351_/X
 _352_/X
 _353_/X
 _354_/X
 _355_/X
 _356_/X
 _357_/X
 _358_/X
 _359_/X
 _360_/X
 _361_/X
 _362_/X
 _363_/X
 _364_/X
 _365_/X
 _366_/X
 _367_/X
 _368_/X
 _369_/X
 _370_/X
 _371_/X
 _372_/X
 _373_/X
 _374_/X
 _375_/X
 _376_/X
 _377_/X
 _378_/Y
 _379_/Y
 _380_/X
 _381_/X
 _382_/X
 _383_/X
 _384_/X
 _385_/X
 _386_/X
 _387_/X
 _388_/X
 _389_/X
 _390_/X
 _391_/X
 _392_/X
 _393_/X
 _394_/X
 _395_/X
 _396_/X
 _397_/Y
 _398_/X
 _399_/X
 _400_/X
 _401_/X
 _402_/X
 _403_/X
 _404_/X
 _405_/X
 _406_/X
 _407_/X
 _408_/X
 _409_/X
 _410_/X
 _411_/X
 _412_/X
 _413_/X
 _414_/X
 _415_/Y
 _416_/X
 _417_/X
 _418_/X
 _419_/X
 _420_/X
 _421_/X
 _422_/X
 _423_/X
 _424_/X
 _425_/X
 _426_/X
 _427_/X
 _428_/X
 _429_/X
 _430_/X
 _431_/X
 _432_/X
 _433_/X
 _434_/Y
 _435_/X
 _436_/X
 _437_/X
 _438_/X
 _439_/X
 _440_/X
 _441_/X
 _442_/X
 _443_/X
 _444_/X
 _445_/X
 _446_/X
 _447_/X
 _448_/X
 _449_/X
 _450_/X
 _451_/X
 _452_/Y
 _453_/X
 _454_/X
 _455_/X
 _456_/X
 _457_/X
 _458_/X
 _459_/X
 _460_/X
 _461_/X
 _462_/Y
 _463_/X
 _464_/X
 _465_/X
 _466_/X
 _467_/X
 _468_/X
 _469_/X
 _470_/X
 _471_/X
 _472_/X
 _473_/X
 _474_/X
 _475_/X
 _476_/X
 _477_/X
 _478_/X
 _479_/X
 _480_/Y
 _481_/X
 _482_/X
 _483_/X
 _484_/X
 _485_/X
 _486_/X
 _487_/X
 _488_/X
 _489_/X
 _490_/X
 _491_/X
 _492_/X
 _493_/X
 _494_/X
 _495_/X
 _496_/X
 _497_/X
 _498_/Y
 _499_/X
 _500_/X
 _501_/X
 _502_/X
 _503_/X
 _504_/X
 _505_/X
 _506_/X
 _507_/X
 _508_/X
 _509_/X
 _510_/X
 _511_/X
 _512_/X
 _513_/X
 _514_/X
 _515_/X
 _516_/X
 _517_/X
 _518_/X
 _519_/X
 _520_/X
 _521_/X
 _522_/X
 _523_/X
 _524_/Q
 _525_/Q
 _526_/Q
 _527_/Q
 _528_/Q
 _529_/Q
 _530_/Q
 _531_/Q
 _532_/Q
 _533_/Q
 _534_/Q
 _535_/Q
 _536_/Q
 _537_/Q
 _538_/Q
 _539_/Q
 _540_/Q
 _541_/Q
 _542_/Q
 _543_/Q
 _544_/Q
 _545_/Q
 _546_/Q
 _547_/Q
 _548_/Q
 _549_/Q
 _550_/Q
 _551_/Q
 _552_/Q
 _553_/Q
 _554_/Q
 _555_/Q
 _556_/Q
 _557_/Q
 _558_/Q
 _559_/Q
 _560_/Q
 _561_/Q
 _562_/Q
 _563_/Q
 _564_/Q
 _565_/Q
 _566_/Q
 _567_/Q
 _568_/Q
 _569_/Q
 _570_/Q
 _571_/Q
 _572_/Q
 _573_/Q
 _574_/Q
 _575_/Q
 _576_/Q
 _577_/Q
 _578_/Q
 _579_/Q
 _580_/Q
 _581_/Q
 _582_/Q
 _583_/Q
 _584_/Q
 _585_/Q
 _586_/Q
 _587_/Q
 _588_/Q
 _589_/Q
 _590_/Q
 _591_/Q
 _592_/Q
 _593_/Q
 _594_/Q
 _595_/Q
 _596_/Q
 _597_/Q
 _598_/Q
 _599_/Q
 _600_/Q
 _601_/Q
 _602_/Q
 _603_/Q
 _604_/Q
 _605_/Q
 _606_/Q
 _607_/Q
 _608_/Q
 _609_/Q
 _610_/Q
 _611_/Q
 _612_/Q
 _613_/Q
 _614_/Q
 _615_/Q
 _616_/Q
 _617_/Q
 _618_/Q
 _619_/Q
 _620_/Q
 _621_/Q
 _622_/Q
 _623_/Q
 _624_/Q
 _625_/Q
 _626_/Q
 _627_/Q
 _628_/Q
 _629_/Q
 _630_/Q
 _631_/Q
 _632_/Q
 _633_/Q
 _634_/Q
 _635_/Q
 _636_/Q
 _637_/Q
 _638_/Q
 _639_/Q
 _640_/Q
 _641_/Q
 _642_/Q
 _643_/Q
 _644_/Q
 _645_/Q
 _646_/Q
 _647_/Q
 _648_/Q
 _649_/Q
 _650_/Q
 _651_/Q
 _652_/Q
 _653_/Q
 _654_/Q
 _655_/Q
 _656_/Q
 _657_/Q
 _658_/Q
 _659_/Q
 _660_/Q
 _661_/Q
 _662_/Q
 _663_/Q
 _664_/Q
 _665_/Q
 _666_/Q
 _667_/Q
 _668_/Q
 _669_/Q
 _670_/Q
 _671_/Q
 _672_/Q
 _673_/Q
 _674_/Q
 _675_/Q
 _676_/Q
 _677_/Q
 _678_/Q
 _679_/Q
 _680_/Q
 _681_/Q
 _682_/Q
 _683_/Q
 _684_/Q
 _685_/Q
 _686_/Q
 _687_/Q
 _688_/Q
 _689_/Q
 _690_/Q
 _691_/Q
 _692_/Q
 _693_/Q
 _694_/Q
 _695_/Q
 _696_/Q
 _697_/Q
Found 0 partially unannotated drivers.

===========================================================================
max slew violation count 0
max fanout violation count 0
max cap violation count 0
============================================================================

===========================================================================
check_setup -verbose -unconstrained_endpoints -multiple_clock -no_clock -no_input_delay -loops -generated_clocks
===========================================================================
Warning: There are 12 input ports missing set_input_delay.
  ren
  rrst_n
  wdata[0]
  wdata[1]
  wdata[2]
  wdata[3]
  wdata[4]
  wdata[5]
  wdata[6]
  wdata[7]
  wen
  wrst_n
Warning: There are 10 unconstrained endpoints.
  empty
  full
  rdata[0]
  rdata[1]
  rdata[2]
  rdata[3]
  rdata[4]
  rdata[5]
  rdata[6]
  rdata[7]
