
===========================================================================
report_checks -unconstrained
===========================================================================
======================= nom_ff_n40C_1v95 Corner ===================================

Startpoint: _657_ (rising edge-triggered flip-flop clocked by rclk)
Endpoint: _548_ (rising edge-triggered flip-flop clocked by rclk)
Path Group: rclk
Path Type: max

Fanout         Cap        Slew       Delay        Time   Description
---------------------------------------------------------------------------------------------
                                  0.000000    0.000000   clock rclk (rise edge)
                                  0.000000    0.000000   clock source latency
     1    0.015147    0.000000    0.000000    0.000000 ^ rclk (in)
                                                         rclk (net)
                      0.000805    0.000402    0.000402 ^ clkbuf_0_rclk/A (sky130_fd_sc_hd__clkbuf_16)
     2    0.018395    0.030057    0.075045    0.075447 ^ clkbuf_0_rclk/X (sky130_fd_sc_hd__clkbuf_16)
                                                         clknet_0_rclk (net)
                      0.030059    0.000423    0.075870 ^ clkbuf_1_1__f_rclk/A (sky130_fd_sc_hd__clkbuf_16)
    16    0.045721    0.049106    0.099734    0.175604 ^ clkbuf_1_1__f_rclk/X (sky130_fd_sc_hd__clkbuf_16)
                                                         clknet_1_1__leaf_rclk (net)
                      0.049123    0.000817    0.176421 ^ _657_/CLK (sky130_fd_sc_hd__dfrtp_4)
    36    0.237474    0.495354    0.584904    0.761325 ^ _657_/Q (sky130_fd_sc_hd__dfrtp_4)
                                                         bram.raddr[0] (net)
                      0.496175    0.016598    0.777923 ^ _280_/S0 (sky130_fd_sc_hd__mux4_1)
     1    0.005638    0.075245    0.312943    1.090866 v _280_/X (sky130_fd_sc_hd__mux4_1)
                                                         _162_ (net)
                      0.075245    0.000195    1.091061 v _281_/A1 (sky130_fd_sc_hd__mux2_1)
     1    0.009899    0.066226    0.195052    1.286114 v _281_/X (sky130_fd_sc_hd__mux2_1)
                                                         _163_ (net)
                      0.066229    0.000526    1.286640 v _282_/B1 (sky130_fd_sc_hd__a22o_1)
     1    0.010331    0.050118    0.120037    1.406677 v _282_/X (sky130_fd_sc_hd__a22o_1)
                                                         _006_ (net)
                      0.050122    0.000462    1.407138 v _548_/D (sky130_fd_sc_hd__dfxtp_1)
                                              1.407138   data arrival time

                                 14.000000   14.000000   clock rclk (rise edge)
                                  0.000000   14.000000   clock source latency
     1    0.015147    0.000000    0.000000   14.000000 ^ rclk (in)
                                                         rclk (net)
                      0.000805    0.000402   14.000402 ^ clkbuf_0_rclk/A (sky130_fd_sc_hd__clkbuf_16)
     2    0.018395    0.030057    0.075045   14.075447 ^ clkbuf_0_rclk/X (sky130_fd_sc_hd__clkbuf_16)
                                                         clknet_0_rclk (net)
                      0.030058    0.000384   14.075830 ^ clkbuf_1_0__f_rclk/A (sky130_fd_sc_hd__clkbuf_16)
    12    0.049894    0.052064    0.101934   14.177765 ^ clkbuf_1_0__f_rclk/X (sky130_fd_sc_hd__clkbuf_16)
                                                         clknet_1_0__leaf_rclk (net)
                      0.052107    0.001299   14.179065 ^ _548_/CLK (sky130_fd_sc_hd__dfxtp_1)
                                  0.000000   14.179065   clock reconvergence pessimism
                                 -0.074535   14.104529   library setup time
                                             14.104529   data required time
---------------------------------------------------------------------------------------------
                                             14.104529   data required time
                                             -1.407138   data arrival time
---------------------------------------------------------------------------------------------
                                             12.697392   slack (MET)


Startpoint: _554_ (rising edge-triggered flip-flop clocked by wclk)
Endpoint: _617_ (rising edge-triggered flip-flop clocked by wclk)
Path Group: wclk
Path Type: max

Fanout         Cap        Slew       Delay        Time   Description
---------------------------------------------------------------------------------------------
                                  0.000000    0.000000   clock wclk (rise edge)
                                  0.000000    0.000000   clock source latency
     1    0.021811    0.000000    0.000000    0.000000 ^ wclk (in)
                                                         wclk (net)
                      0.002573    0.001286    0.001286 ^ clkbuf_0_wclk/A (sky130_fd_sc_hd__clkbuf_16)
    16    0.119684    0.103747    0.131486    0.132773 ^ clkbuf_0_wclk/X (sky130_fd_sc_hd__clkbuf_16)
                                                         clknet_0_wclk (net)
                      0.103842    0.002573    0.135346 ^ clkbuf_4_13_0_wclk/A (sky130_fd_sc_hd__clkbuf_8)
    10    0.035195    0.055923    0.122190    0.257536 ^ clkbuf_4_13_0_wclk/X (sky130_fd_sc_hd__clkbuf_8)
                                                         clknet_4_13_0_wclk (net)
                      0.055930    0.000634    0.258170 ^ _554_/CLK (sky130_fd_sc_hd__dfrtp_1)
     2    0.009435    0.049843    0.252974    0.511144 v _554_/Q (sky130_fd_sc_hd__dfrtp_1)
                                                         r_ptr_gray_sync[4] (net)
                      0.049843    0.000230    0.511373 v _291_/A (sky130_fd_sc_hd__xor2_1)
     3    0.012201    0.201777    0.195160    0.706533 ^ _291_/X (sky130_fd_sc_hd__xor2_1)
                                                         _171_ (net)
                      0.201778    0.000292    0.706824 ^ _292_/B (sky130_fd_sc_hd__xnor2_1)
     3    0.010990    0.195893    0.124805    0.831630 ^ _292_/Y (sky130_fd_sc_hd__xnor2_1)
                                                         _172_ (net)
                      0.195894    0.000367    0.831997 ^ _293_/B (sky130_fd_sc_hd__xnor2_1)
     1    0.004955    0.111870    0.090254    0.922251 ^ _293_/Y (sky130_fd_sc_hd__xnor2_1)
                                                         _173_ (net)
                      0.111870    0.000163    0.922415 ^ _297_/S (sky130_fd_sc_hd__mux2_1)
     2    0.007110    0.054715    0.211240    1.133655 v _297_/X (sky130_fd_sc_hd__mux2_1)
                                                         _177_ (net)
                      0.054715    0.000193    1.133847 v _329_/A1 (sky130_fd_sc_hd__a21boi_2)
     3    0.018258    0.172662    0.172309    1.306157 ^ _329_/Y (sky130_fd_sc_hd__a21boi_2)
                                                         _198_ (net)
                      0.172665    0.000618    1.306774 ^ max_cap23/A (sky130_fd_sc_hd__buf_8)
    20    0.119718    0.148566    0.163296    1.470070 ^ max_cap23/X (sky130_fd_sc_hd__buf_8)
                                                         net23 (net)
                      0.148609    0.002100    1.472170 ^ _453_/C (sky130_fd_sc_hd__and4bb_4)
     8    0.059475    0.160646    0.244072    1.716242 ^ _453_/X (sky130_fd_sc_hd__and4bb_4)
                                                         _245_ (net)
                      0.160653    0.001339    1.717581 ^ _455_/S (sky130_fd_sc_hd__mux2_1)
     1    0.003739    0.042116    0.197529    1.915110 v _455_/X (sky130_fd_sc_hd__mux2_1)
                                                         _073_ (net)
                      0.042116    0.000111    1.915221 v _617_/D (sky130_fd_sc_hd__dfxtp_1)
                                              1.915221   data arrival time

                                 10.000000   10.000000   clock wclk (rise edge)
                                  0.000000   10.000000   clock source latency
     1    0.021811    0.000000    0.000000   10.000000 ^ wclk (in)
                                                         wclk (net)
                      0.002573    0.001286   10.001287 ^ clkbuf_0_wclk/A (sky130_fd_sc_hd__clkbuf_16)
    16    0.119684    0.103747    0.131487   10.132773 ^ clkbuf_0_wclk/X (sky130_fd_sc_hd__clkbuf_16)
                                                         clknet_0_wclk (net)
                      0.103835    0.002474   10.135246 ^ clkbuf_4_7_0_wclk/A (sky130_fd_sc_hd__clkbuf_8)
    11    0.033852    0.054304    0.120928   10.256175 ^ clkbuf_4_7_0_wclk/X (sky130_fd_sc_hd__clkbuf_8)
                                                         clknet_4_7_0_wclk (net)
                      0.054310    0.000604   10.256779 ^ _617_/CLK (sky130_fd_sc_hd__dfxtp_1)
                                  0.000000   10.256779   clock reconvergence pessimism
                                 -0.071466   10.185313   library setup time
                                             10.185313   data required time
---------------------------------------------------------------------------------------------
                                             10.185313   data required time
                                             -1.915221   data arrival time
---------------------------------------------------------------------------------------------
                                              8.270092   slack (MET)




===========================================================================
report_checks --slack_max -0.01
============================================================================
======================= nom_ff_n40C_1v95 Corner ===================================

No paths found.


===========================================================================
 report_check_types -max_slew -max_cap -max_fanout -violators
============================================================================
======================= nom_ff_n40C_1v95 Corner ===================================



===========================================================================
report_parasitic_annotation -report_unannotated
============================================================================
Found 16 unannotated drivers.
 clkload0/X
 clkload1/Y
 clkload10/Y
 clkload11/Y
 clkload12/Y
 clkload13/Y
 clkload14/Y
 clkload15/Y
 clkload2/X
 clkload3/Y
 clkload4/Y
 clkload5/Y
 clkload6/Y
 clkload7/Y
 clkload8/Y
 clkload9/X
Found 0 partially unannotated drivers.

===========================================================================
max slew violation count 0
max fanout violation count 0
max cap violation count 0
============================================================================

===========================================================================
check_setup -verbose -unconstrained_endpoints -multiple_clock -no_clock -no_input_delay -loops -generated_clocks
===========================================================================
Warning: There are 12 input ports missing set_input_delay.
  ren
  rrst_n
  wdata[0]
  wdata[1]
  wdata[2]
  wdata[3]
  wdata[4]
  wdata[5]
  wdata[6]
  wdata[7]
  wen
  wrst_n
Warning: There are 10 unconstrained endpoints.
  empty
  full
  rdata[0]
  rdata[1]
  rdata[2]
  rdata[3]
  rdata[4]
  rdata[5]
  rdata[6]
  rdata[7]
