Clock: wclk
Sources: wclk 
Generated: no
Virtual: yes
Propagated: no
Period: 10.000000

===========================================================================
report_clock_properties
============================================================================
Clock                   Period          Waveform
----------------------------------------------------
wclk                 10.000000    0.000000  5.000000

===========================================================================
report_clock_latency
============================================================================
Clock wclk
rise -> rise
    min     max
0.000000 0.000000 source latency
0.254643         network latency _644_/CLK
        0.261264 network latency _695_/CLK
---------------
0.254643 0.261264 latency
        0.006621 skew

fall -> fall
    min     max
0.000000 0.000000 source latency
0.247137         network latency _644_/CLK
        0.251777 network latency _695_/CLK
---------------
0.247137 0.251777 latency
        0.004640 skew



===========================================================================
report_clock_min_period
============================================================================
wclk period_min = 1.73 fmax = 578.07
Clock: rclk
Sources: rclk 
Generated: no
Virtual: yes
Propagated: no
Period: 14.000000

===========================================================================
report_clock_properties
============================================================================
Clock                   Period          Waveform
----------------------------------------------------
rclk                 14.000000    0.000000  7.000000

===========================================================================
report_clock_latency
============================================================================
Clock rclk
rise -> rise
    min     max
0.000000 0.000000 source latency
0.176251         network latency _532_/CLK
        0.179070 network latency _547_/CLK
---------------
0.176251 0.179070 latency
        0.002818 skew

fall -> fall
    min     max
0.000000 0.000000 source latency
0.193455         network latency _532_/CLK
        0.195535 network latency _547_/CLK
---------------
0.193455 0.195535 latency
        0.002080 skew



===========================================================================
report_clock_min_period
============================================================================
rclk period_min = 1.30 fmax = 767.69
