
===========================================================================
 report_power
============================================================================
======================= nom_ff_n40C_1v95 Corner ===================================

Group                    Internal    Switching      Leakage        Total
                            Power        Power        Power        Power (Watts)
------------------------------------------------------------------------
Sequential           1.202000e-03 3.113924e-04 2.603414e-09 1.513395e-03  48.2%
Combinational        5.981450e-04 3.787604e-04 1.675189e-09 9.769070e-04  31.1%
Clock                3.606558e-04 2.865591e-04 2.910886e-09 6.472178e-04  20.6%
Macro                0.000000e+00 0.000000e+00 0.000000e+00 0.000000e+00   0.0%
Pad                  0.000000e+00 0.000000e+00 0.000000e+00 0.000000e+00   0.0%
------------------------------------------------------------------------
Total                2.160801e-03 9.767121e-04 7.189496e-09 3.137520e-03 100.0%
                            68.9%        31.1%         0.0%

