Reading OpenROAD database at '/home/tcsul/projects/fifo_project/v_files/runs/RUN_2026-08-14_16-06-50/41-openroad-repairantennas/1-diodeinsertion/async_fifo.odb'…
Reading library file at '/home/tcsul/.volare/volare/sky130/versions/0fe599b2afb6708d281543108caf8310912f54af/sky130A/libs.ref/sky130_fd_sc_hd/lib/sky130_fd_sc_hd__tt_025C_1v80.lib'…
Reading design constraints file at '/home/tcsul/projects/fifo_project/v_files/base_async_fifo.sdc'…
[INFO] No information on clock propagation in input SDC file-- propagating all clocks.
[INFO ORD-0030] Using 32 thread(s).
[INFO DRT-0149] Reading tech and libs.
[WARNING DRT-0349] LEF58_ENCLOSURE with no CUTCLASS is not supported. Skipping for layer mcon
[WARNING DRT-0349] LEF58_ENCLOSURE with no CUTCLASS is not supported. Skipping for layer mcon
[WARNING DRT-0349] LEF58_ENCLOSURE with no CUTCLASS is not supported. Skipping for layer via
[WARNING DRT-0349] LEF58_ENCLOSURE with no CUTCLASS is not supported. Skipping for layer via
[WARNING DRT-0349] LEF58_ENCLOSURE with no CUTCLASS is not supported. Skipping for layer via2
[WARNING DRT-0349] LEF58_ENCLOSURE with no CUTCLASS is not supported. Skipping for layer via2
[WARNING DRT-0349] LEF58_ENCLOSURE with no CUTCLASS is not supported. Skipping for layer via3
[WARNING DRT-0349] LEF58_ENCLOSURE with no CUTCLASS is not supported. Skipping for layer via3
[WARNING DRT-0349] LEF58_ENCLOSURE with no CUTCLASS is not supported. Skipping for layer via4
[WARNING DRT-0349] LEF58_ENCLOSURE with no CUTCLASS is not supported. Skipping for layer via4

Units:                1000
Number of layers:     13
Number of macros:     441
Number of vias:       28
Number of viarulegen: 25

[INFO DRT-0150] Reading design.

Design:                   async_fifo
Die area:                 ( 0 0 ) ( 130940 141660 )
Number of track patterns: 12
Number of DEF vias:       0
Number of components:     800
Number of terminals:      26
Number of snets:          2
Number of nets:           503

[INFO DRT-0167] List of default vias:
  Layer via
    default via: M1M2_PR
  Layer via2
    default via: M2M3_PR
  Layer via3
    default via: M3M4_PR
  Layer via4
    default via: M4M5_PR
[INFO DRT-0162] Library cell analysis.
[INFO DRT-0163] Instance analysis.
[INFO DRT-0164] Number of unique instances = 103.
[INFO DRT-0168] Init region query.
[INFO DRT-0024]   Complete FR_MASTERSLICE.
[INFO DRT-0024]   Complete licon.
[INFO DRT-0024]   Complete li1.
[INFO DRT-0024]   Complete mcon.
[INFO DRT-0024]   Complete met1.
[INFO DRT-0024]   Complete via.
[INFO DRT-0024]   Complete met2.
[INFO DRT-0024]   Complete via2.
[INFO DRT-0024]   Complete met3.
[INFO DRT-0024]   Complete via3.
[INFO DRT-0024]   Complete met4.
[INFO DRT-0024]   Complete via4.
[INFO DRT-0024]   Complete met5.
[INFO DRT-0033] FR_MASTERSLICE shape region query size = 0.
[INFO DRT-0033] licon shape region query size = 0.
[INFO DRT-0033] li1 shape region query size = 24269.
[INFO DRT-0033] mcon shape region query size = 0.
[INFO DRT-0033] met1 shape region query size = 3726.
[INFO DRT-0033] via shape region query size = 225.
[INFO DRT-0033] met2 shape region query size = 147.
[INFO DRT-0033] via2 shape region query size = 180.
[INFO DRT-0033] met3 shape region query size = 147.
[INFO DRT-0033] via3 shape region query size = 180.
[INFO DRT-0033] met4 shape region query size = 49.
[INFO DRT-0033] via4 shape region query size = 0.
[INFO DRT-0033] met5 shape region query size = 0.
[INFO DRT-0165] Start pin access.
[INFO DRT-0078]   Complete 338 pins.
[INFO DRT-0081]   Complete 97 unique inst patterns.
[INFO DRT-0084]   Complete 356 groups.
#scanned instances     = 800
#unique  instances     = 103
#stdCellGenAp          = 2723
#stdCellValidPlanarAp  = 32
#stdCellValidViaAp     = 1998
#stdCellPinNoAp        = 0
#stdCellPinCnt         = 1818
#instTermValidViaApCnt = 0
#macroGenAp            = 0
#macroValidPlanarAp    = 0
#macroValidViaAp       = 0
#macroNoAp             = 0
[INFO DRT-0166] Complete pin access.
[INFO DRT-0267] cpu time = 00:00:19, elapsed time = 00:00:00, memory = 142.82 (MB), peak = 142.82 (MB)

[INFO DRT-0157] Number of guides:     3980

[INFO DRT-0169] Post process guides.
[INFO DRT-0176] GCELLGRID X 0 DO 18 STEP 6900 ;
[INFO DRT-0177] GCELLGRID Y 0 DO 20 STEP 6900 ;
[INFO DRT-0028]   Complete FR_MASTERSLICE.
[INFO DRT-0028]   Complete licon.
[INFO DRT-0028]   Complete li1.
[INFO DRT-0028]   Complete mcon.
[INFO DRT-0028]   Complete met1.
[INFO DRT-0028]   Complete via.
[INFO DRT-0028]   Complete met2.
[INFO DRT-0028]   Complete via2.
[INFO DRT-0028]   Complete met3.
[INFO DRT-0028]   Complete via3.
[INFO DRT-0028]   Complete met4.
[INFO DRT-0028]   Complete via4.
[INFO DRT-0028]   Complete met5.
[INFO DRT-0178] Init guide query.
[INFO DRT-0035]   Complete FR_MASTERSLICE (guide).
[INFO DRT-0035]   Complete licon (guide).
[INFO DRT-0035]   Complete li1 (guide).
[INFO DRT-0035]   Complete mcon (guide).
[INFO DRT-0035]   Complete met1 (guide).
[INFO DRT-0035]   Complete via (guide).
[INFO DRT-0035]   Complete met2 (guide).
[INFO DRT-0035]   Complete via2 (guide).
[INFO DRT-0035]   Complete met3 (guide).
[INFO DRT-0035]   Complete via3 (guide).
[INFO DRT-0035]   Complete met4 (guide).
[INFO DRT-0035]   Complete via4 (guide).
[INFO DRT-0035]   Complete met5 (guide).
[INFO DRT-0036] FR_MASTERSLICE guide region query size = 0.
[INFO DRT-0036] licon guide region query size = 0.
[INFO DRT-0036] li1 guide region query size = 1449.
[INFO DRT-0036] mcon guide region query size = 0.
[INFO DRT-0036] met1 guide region query size = 1161.
[INFO DRT-0036] via guide region query size = 0.
[INFO DRT-0036] met2 guide region query size = 608.
[INFO DRT-0036] via2 guide region query size = 0.
[INFO DRT-0036] met3 guide region query size = 18.
[INFO DRT-0036] via3 guide region query size = 0.
[INFO DRT-0036] met4 guide region query size = 1.
[INFO DRT-0036] via4 guide region query size = 0.
[INFO DRT-0036] met5 guide region query size = 0.
[INFO DRT-0179] Init gr pin query.
[INFO DRT-0245] skipped writing guide updates to database.
[INFO DRT-0185] Post process initialize RPin region query.
[INFO DRT-0181] Start track assignment.
[INFO DRT-0184] Done with 2058 vertical wires in 1 frboxes and 1179 horizontal wires in 1 frboxes.
[INFO DRT-0186] Done with 211 vertical wires in 1 frboxes and 348 horizontal wires in 1 frboxes.
[INFO DRT-0182] Complete track assignment.
[INFO DRT-0267] cpu time = 00:00:05, elapsed time = 00:00:00, memory = 149.82 (MB), peak = 149.82 (MB)
[INFO DRT-0187] Start routing data preparation.
[INFO DRT-0267] cpu time = 00:00:00, elapsed time = 00:00:00, memory = 149.82 (MB), peak = 149.82 (MB)
[INFO DRT-0194] Start detail routing.
[INFO DRT-0195] Start 0th optimization iteration.
    Completing 10% with 0 violations.
    elapsed time = 00:00:00, memory = 171.98 (MB).
    Completing 20% with 0 violations.
    elapsed time = 00:00:00, memory = 178.26 (MB).
    Completing 30% with 0 violations.
    elapsed time = 00:00:00, memory = 171.85 (MB).
    Completing 40% with 0 violations.
    elapsed time = 00:00:00, memory = 164.94 (MB).
    Completing 50% with 43 violations.
    elapsed time = 00:00:00, memory = 187.19 (MB).
    Completing 60% with 43 violations.
    elapsed time = 00:00:00, memory = 177.67 (MB).
    Completing 70% with 58 violations.
    elapsed time = 00:00:01, memory = 198.42 (MB).
    Completing 80% with 58 violations.
    elapsed time = 00:00:01, memory = 198.42 (MB).
    Completing 90% with 104 violations.
    elapsed time = 00:00:02, memory = 198.66 (MB).
    Completing 100% with 127 violations.
    elapsed time = 00:00:02, memory = 198.66 (MB).
[INFO DRT-0199]   Number of violations = 188.
Viol/Layer         li1   met1    via   met2   met3
Metal Spacing        1     26      0      4      8
Recheck              0     46      0     15      0
Short                0     77      1     10      0
[INFO DRT-0267] cpu time = 00:00:30, elapsed time = 00:00:02, memory = 555.91 (MB), peak = 555.91 (MB)
Total wire length = 14033 um.
Total wire length on LAYER li1 = 0 um.
Total wire length on LAYER met1 = 7032 um.
Total wire length on LAYER met2 = 6819 um.
Total wire length on LAYER met3 = 126 um.
Total wire length on LAYER met4 = 55 um.
Total wire length on LAYER met5 = 0 um.
Total number of vias = 3772.
Up-via summary (total 3772):

-----------------------
 FR_MASTERSLICE       0
            li1    1780
           met1    1970
           met2      20
           met3       2
           met4       0
-----------------------
                   3772


[INFO DRT-0195] Start 1st optimization iteration.
    Completing 10% with 188 violations.
    elapsed time = 00:00:00, memory = 585.66 (MB).
    Completing 20% with 188 violations.
    elapsed time = 00:00:00, memory = 587.16 (MB).
    Completing 30% with 188 violations.
    elapsed time = 00:00:00, memory = 589.16 (MB).
    Completing 40% with 139 violations.
    elapsed time = 00:00:00, memory = 589.16 (MB).
    Completing 50% with 139 violations.
    elapsed time = 00:00:00, memory = 591.66 (MB).
    Completing 60% with 139 violations.
    elapsed time = 00:00:00, memory = 615.91 (MB).
    Completing 70% with 91 violations.
    elapsed time = 00:00:01, memory = 640.41 (MB).
    Completing 80% with 91 violations.
    elapsed time = 00:00:02, memory = 645.16 (MB).
    Completing 90% with 50 violations.
    elapsed time = 00:00:02, memory = 646.41 (MB).
    Completing 100% with 26 violations.
    elapsed time = 00:00:02, memory = 648.16 (MB).
[INFO DRT-0199]   Number of violations = 26.
Viol/Layer        met1   met2   met3
Metal Spacing        7      1      3
Min Hole             2      0      0
Short               13      0      0
[INFO DRT-0267] cpu time = 00:00:30, elapsed time = 00:00:02, memory = 648.41 (MB), peak = 648.41 (MB)
Total wire length = 13913 um.
Total wire length on LAYER li1 = 0 um.
Total wire length on LAYER met1 = 6889 um.
Total wire length on LAYER met2 = 6820 um.
Total wire length on LAYER met3 = 149 um.
Total wire length on LAYER met4 = 55 um.
Total wire length on LAYER met5 = 0 um.
Total number of vias = 3760.
Up-via summary (total 3760):

-----------------------
 FR_MASTERSLICE       0
            li1    1780
           met1    1953
           met2      25
           met3       2
           met4       0
-----------------------
                   3760


[INFO DRT-0195] Start 2nd optimization iteration.
    Completing 10% with 26 violations.
    elapsed time = 00:00:00, memory = 648.41 (MB).
    Completing 20% with 26 violations.
    elapsed time = 00:00:00, memory = 665.30 (MB).
    Completing 30% with 19 violations.
    elapsed time = 00:00:00, memory = 665.30 (MB).
    Completing 40% with 19 violations.
    elapsed time = 00:00:00, memory = 667.30 (MB).
    Completing 50% with 19 violations.
    elapsed time = 00:00:01, memory = 668.55 (MB).
    Completing 60% with 17 violations.
    elapsed time = 00:00:01, memory = 668.55 (MB).
    Completing 70% with 17 violations.
    elapsed time = 00:00:01, memory = 685.80 (MB).
    Completing 80% with 15 violations.
    elapsed time = 00:00:01, memory = 685.80 (MB).
    Completing 90% with 15 violations.
    elapsed time = 00:00:01, memory = 685.80 (MB).
    Completing 100% with 17 violations.
    elapsed time = 00:00:02, memory = 685.80 (MB).
[INFO DRT-0199]   Number of violations = 24.
Viol/Layer        met1   met2
Metal Spacing        4      1
Recheck              5      2
Short               12      0
[INFO DRT-0267] cpu time = 00:00:28, elapsed time = 00:00:02, memory = 686.05 (MB), peak = 686.05 (MB)
Total wire length = 13903 um.
Total wire length on LAYER li1 = 0 um.
Total wire length on LAYER met1 = 6803 um.
Total wire length on LAYER met2 = 6907 um.
Total wire length on LAYER met3 = 138 um.
Total wire length on LAYER met4 = 55 um.
Total wire length on LAYER met5 = 0 um.
Total number of vias = 3776.
Up-via summary (total 3776):

-----------------------
 FR_MASTERSLICE       0
            li1    1780
           met1    1972
           met2      22
           met3       2
           met4       0
-----------------------
                   3776


[INFO DRT-0195] Start 3rd optimization iteration.
    Completing 10% with 24 violations.
    elapsed time = 00:00:00, memory = 686.05 (MB).
    Completing 20% with 24 violations.
    elapsed time = 00:00:00, memory = 686.05 (MB).
    Completing 30% with 24 violations.
    elapsed time = 00:00:00, memory = 710.80 (MB).
    Completing 40% with 24 violations.
    elapsed time = 00:00:00, memory = 711.05 (MB).
    Completing 50% with 17 violations.
    elapsed time = 00:00:00, memory = 711.05 (MB).
    Completing 60% with 17 violations.
    elapsed time = 00:00:00, memory = 718.55 (MB).
    Completing 70% with 13 violations.
    elapsed time = 00:00:00, memory = 718.55 (MB).
    Completing 80% with 13 violations.
    elapsed time = 00:00:00, memory = 718.55 (MB).
    Completing 90% with 11 violations.
    elapsed time = 00:00:00, memory = 718.55 (MB).
    Completing 100% with 0 violations.
    elapsed time = 00:00:00, memory = 718.55 (MB).
[INFO DRT-0199]   Number of violations = 0.
[INFO DRT-0267] cpu time = 00:00:17, elapsed time = 00:00:00, memory = 718.55 (MB), peak = 718.55 (MB)
Total wire length = 13879 um.
Total wire length on LAYER li1 = 0 um.
Total wire length on LAYER met1 = 6748 um.
Total wire length on LAYER met2 = 6893 um.
Total wire length on LAYER met3 = 182 um.
Total wire length on LAYER met4 = 55 um.
Total wire length on LAYER met5 = 0 um.
Total number of vias = 3781.
Up-via summary (total 3781):

-----------------------
 FR_MASTERSLICE       0
            li1    1780
           met1    1969
           met2      30
           met3       2
           met4       0
-----------------------
                   3781


[INFO DRT-0198] Complete detail routing.
Total wire length = 13879 um.
Total wire length on LAYER li1 = 0 um.
Total wire length on LAYER met1 = 6748 um.
Total wire length on LAYER met2 = 6893 um.
Total wire length on LAYER met3 = 182 um.
Total wire length on LAYER met4 = 55 um.
Total wire length on LAYER met5 = 0 um.
Total number of vias = 3781.
Up-via summary (total 3781):

-----------------------
 FR_MASTERSLICE       0
            li1    1780
           met1    1969
           met2      30
           met3       2
           met4       0
-----------------------
                   3781


[INFO DRT-0267] cpu time = 00:01:47, elapsed time = 00:00:09, memory = 718.55 (MB), peak = 718.55 (MB)

[INFO DRT-0180] Post processing.
Setting global connections for newly added cells…
[INFO] Setting global connections...
Updating metrics…
Cell type report:                       Count       Area
  Fill cell                                88     330.32
  Tap cell                                207     259.00
  Clock buffer                             23     361.60
  Timing Repair Buffer                     23     147.64
  Inverter                                  7      26.28
  Clock inverter                           13     161.40
  Sequential cell                         174    3704.80
  Multi-Input combinational cell          265    3266.88
  Total                                   800    8257.92
Writing OpenROAD database to '/home/tcsul/projects/fifo_project/v_files/runs/RUN_2026-08-14_16-06-50/43-openroad-detailedrouting/async_fifo.odb'…
Writing netlist to '/home/tcsul/projects/fifo_project/v_files/runs/RUN_2026-08-14_16-06-50/43-openroad-detailedrouting/async_fifo.nl.v'…
Writing powered netlist to '/home/tcsul/projects/fifo_project/v_files/runs/RUN_2026-08-14_16-06-50/43-openroad-detailedrouting/async_fifo.pnl.v'…
Writing layout to '/home/tcsul/projects/fifo_project/v_files/runs/RUN_2026-08-14_16-06-50/43-openroad-detailedrouting/async_fifo.def'…
Writing timing constraints to '/home/tcsul/projects/fifo_project/v_files/runs/RUN_2026-08-14_16-06-50/43-openroad-detailedrouting/async_fifo.sdc'…
