
===========================================================================
report_checks -unconstrained
===========================================================================
======================= min_ff_n40C_1v95 Corner ===================================

Startpoint: _657_ (rising edge-triggered flip-flop clocked by rclk)
Endpoint: _548_ (rising edge-triggered flip-flop clocked by rclk)
Path Group: rclk
Path Type: max

Fanout         Cap        Slew       Delay        Time   Description
---------------------------------------------------------------------------------------------
                                  0.000000    0.000000   clock rclk (rise edge)
                                  0.000000    0.000000   clock source latency
     1    0.014648    0.000000    0.000000    0.000000 ^ rclk (in)
                                                         rclk (net)
                      0.000486    0.000243    0.000243 ^ clkbuf_0_rclk/A (sky130_fd_sc_hd__clkbuf_16)
     2    0.018149    0.029901    0.074886    0.075129 ^ clkbuf_0_rclk/X (sky130_fd_sc_hd__clkbuf_16)
                                                         clknet_0_rclk (net)
                      0.029901    0.000150    0.075278 ^ clkbuf_1_1__f_rclk/A (sky130_fd_sc_hd__clkbuf_16)
    16    0.044420    0.048241    0.099207    0.174486 ^ clkbuf_1_1__f_rclk/X (sky130_fd_sc_hd__clkbuf_16)
                                                         clknet_1_1__leaf_rclk (net)
                      0.048242    0.000292    0.174778 ^ _657_/CLK (sky130_fd_sc_hd__dfrtp_4)
    36    0.227996    0.473665    0.575006    0.749783 ^ _657_/Q (sky130_fd_sc_hd__dfrtp_4)
                                                         bram.raddr[0] (net)
                      0.474008    0.010554    0.760337 ^ _280_/S0 (sky130_fd_sc_hd__mux4_1)
     1    0.005186    0.073594    0.309994    1.070331 v _280_/X (sky130_fd_sc_hd__mux4_1)
                                                         _162_ (net)
                      0.073594    0.000090    1.070421 v _281_/A1 (sky130_fd_sc_hd__mux2_1)
     1    0.009204    0.063669    0.191283    1.261705 v _281_/X (sky130_fd_sc_hd__mux2_1)
                                                         _163_ (net)
                      0.063670    0.000359    1.262064 v _282_/B1 (sky130_fd_sc_hd__a22o_1)
     1    0.009331    0.048106    0.115827    1.377891 v _282_/X (sky130_fd_sc_hd__a22o_1)
                                                         _006_ (net)
                      0.048107    0.000317    1.378209 v _548_/D (sky130_fd_sc_hd__dfxtp_1)
                                              1.378209   data arrival time

                                 14.000000   14.000000   clock rclk (rise edge)
                                  0.000000   14.000000   clock source latency
     1    0.014648    0.000000    0.000000   14.000000 ^ rclk (in)
                                                         rclk (net)
                      0.000486    0.000243   14.000243 ^ clkbuf_0_rclk/A (sky130_fd_sc_hd__clkbuf_16)
     2    0.018149    0.029901    0.074885   14.075129 ^ clkbuf_0_rclk/X (sky130_fd_sc_hd__clkbuf_16)
                                                         clknet_0_rclk (net)
                      0.029901    0.000123   14.075252 ^ clkbuf_1_0__f_rclk/A (sky130_fd_sc_hd__clkbuf_16)
    12    0.048048    0.050800    0.101147   14.176398 ^ clkbuf_1_0__f_rclk/X (sky130_fd_sc_hd__clkbuf_16)
                                                         clknet_1_0__leaf_rclk (net)
                      0.050810    0.000685   14.177083 ^ _548_/CLK (sky130_fd_sc_hd__dfxtp_1)
                                  0.000000   14.177083   clock reconvergence pessimism
                                 -0.073941   14.103142   library setup time
                                             14.103142   data required time
---------------------------------------------------------------------------------------------
                                             14.103142   data required time
                                             -1.378209   data arrival time
---------------------------------------------------------------------------------------------
                                             12.724934   slack (MET)


Startpoint: _554_ (rising edge-triggered flip-flop clocked by wclk)
Endpoint: _617_ (rising edge-triggered flip-flop clocked by wclk)
Path Group: wclk
Path Type: max

Fanout         Cap        Slew       Delay        Time   Description
---------------------------------------------------------------------------------------------
                                  0.000000    0.000000   clock wclk (rise edge)
                                  0.000000    0.000000   clock source latency
     1    0.020677    0.000000    0.000000    0.000000 ^ wclk (in)
                                                         wclk (net)
                      0.001933    0.000966    0.000966 ^ clkbuf_0_wclk/A (sky130_fd_sc_hd__clkbuf_16)
    16    0.114399    0.099339    0.129398    0.130365 ^ clkbuf_0_wclk/X (sky130_fd_sc_hd__clkbuf_16)
                                                         clknet_0_wclk (net)
                      0.099362    0.001245    0.131609 ^ clkbuf_4_13_0_wclk/A (sky130_fd_sc_hd__clkbuf_8)
    10    0.034209    0.054782    0.120292    0.251901 ^ clkbuf_4_13_0_wclk/X (sky130_fd_sc_hd__clkbuf_8)
                                                         clknet_4_13_0_wclk (net)
                      0.054782    0.000270    0.252171 ^ _554_/CLK (sky130_fd_sc_hd__dfrtp_1)
     2    0.009359    0.049494    0.252515    0.504687 v _554_/Q (sky130_fd_sc_hd__dfrtp_1)
                                                         r_ptr_gray_sync[4] (net)
                      0.049494    0.000075    0.504762 v _291_/A (sky130_fd_sc_hd__xor2_1)
     3    0.011934    0.198247    0.192535    0.697297 ^ _291_/X (sky130_fd_sc_hd__xor2_1)
                                                         _171_ (net)
                      0.198247    0.000109    0.697405 ^ _292_/B (sky130_fd_sc_hd__xnor2_1)
     3    0.010767    0.192716    0.123612    0.821017 ^ _292_/Y (sky130_fd_sc_hd__xnor2_1)
                                                         _172_ (net)
                      0.192716    0.000152    0.821170 ^ _293_/B (sky130_fd_sc_hd__xnor2_1)
     1    0.004829    0.110160    0.089531    0.910701 ^ _293_/Y (sky130_fd_sc_hd__xnor2_1)
                                                         _173_ (net)
                      0.110160    0.000064    0.910765 ^ _297_/S (sky130_fd_sc_hd__mux2_1)
     2    0.006969    0.054085    0.210544    1.121310 v _297_/X (sky130_fd_sc_hd__mux2_1)
                                                         _177_ (net)
                      0.054085    0.000065    1.121375 v _329_/A1 (sky130_fd_sc_hd__a21boi_2)
     3    0.017787    0.168778    0.169441    1.290816 ^ _329_/Y (sky130_fd_sc_hd__a21boi_2)
                                                         _198_ (net)
                      0.168779    0.000330    1.291145 ^ max_cap23/A (sky130_fd_sc_hd__buf_8)
    20    0.117593    0.145886    0.162433    1.453578 ^ max_cap23/X (sky130_fd_sc_hd__buf_8)
                                                         net23 (net)
                      0.145896    0.000991    1.454569 ^ _453_/C (sky130_fd_sc_hd__and4bb_4)
     8    0.056510    0.153945    0.239389    1.693958 ^ _453_/X (sky130_fd_sc_hd__and4bb_4)
                                                         _245_ (net)
                      0.153945    0.000552    1.694510 ^ _455_/S (sky130_fd_sc_hd__mux2_1)
     1    0.003524    0.041120    0.196156    1.890666 v _455_/X (sky130_fd_sc_hd__mux2_1)
                                                         _073_ (net)
                      0.041120    0.000046    1.890712 v _617_/D (sky130_fd_sc_hd__dfxtp_1)
                                              1.890712   data arrival time

                                 10.000000   10.000000   clock wclk (rise edge)
                                  0.000000   10.000000   clock source latency
     1    0.020677    0.000000    0.000000   10.000000 ^ wclk (in)
                                                         wclk (net)
                      0.001933    0.000966   10.000967 ^ clkbuf_0_wclk/A (sky130_fd_sc_hd__clkbuf_16)
    16    0.114399    0.099339    0.129398   10.130364 ^ clkbuf_0_wclk/X (sky130_fd_sc_hd__clkbuf_16)
                                                         clknet_0_wclk (net)
                      0.099360    0.001192   10.131557 ^ clkbuf_4_7_0_wclk/A (sky130_fd_sc_hd__clkbuf_8)
    11    0.033073    0.053363    0.119250   10.250807 ^ clkbuf_4_7_0_wclk/X (sky130_fd_sc_hd__clkbuf_8)
                                                         clknet_4_7_0_wclk (net)
                      0.053363    0.000217   10.251023 ^ _617_/CLK (sky130_fd_sc_hd__dfxtp_1)
                                  0.000000   10.251023   clock reconvergence pessimism
                                 -0.071202   10.179822   library setup time
                                             10.179822   data required time
---------------------------------------------------------------------------------------------
                                             10.179822   data required time
                                             -1.890712   data arrival time
---------------------------------------------------------------------------------------------
                                              8.289109   slack (MET)




===========================================================================
report_checks --slack_max -0.01
============================================================================
======================= min_ff_n40C_1v95 Corner ===================================

No paths found.


===========================================================================
 report_check_types -max_slew -max_cap -max_fanout -violators
============================================================================
======================= min_ff_n40C_1v95 Corner ===================================



===========================================================================
report_parasitic_annotation -report_unannotated
============================================================================
Found 16 unannotated drivers.
 clkload0/X
 clkload1/Y
 clkload10/Y
 clkload11/Y
 clkload12/Y
 clkload13/Y
 clkload14/Y
 clkload15/Y
 clkload2/X
 clkload3/Y
 clkload4/Y
 clkload5/Y
 clkload6/Y
 clkload7/Y
 clkload8/Y
 clkload9/X
Found 0 partially unannotated drivers.

===========================================================================
max slew violation count 0
max fanout violation count 0
max cap violation count 0
============================================================================

===========================================================================
check_setup -verbose -unconstrained_endpoints -multiple_clock -no_clock -no_input_delay -loops -generated_clocks
===========================================================================
Warning: There are 12 input ports missing set_input_delay.
  ren
  rrst_n
  wdata[0]
  wdata[1]
  wdata[2]
  wdata[3]
  wdata[4]
  wdata[5]
  wdata[6]
  wdata[7]
  wen
  wrst_n
Warning: There are 10 unconstrained endpoints.
  empty
  full
  rdata[0]
  rdata[1]
  rdata[2]
  rdata[3]
  rdata[4]
  rdata[5]
  rdata[6]
  rdata[7]
