Clock: wclk
Sources: wclk 
Generated: no
Virtual: yes
Propagated: no
Period: 10.000000

===========================================================================
report_clock_properties
============================================================================
Clock                   Period          Waveform
----------------------------------------------------
wclk                 10.000000    0.000000  5.000000

===========================================================================
report_clock_latency
============================================================================
Clock wclk
rise -> rise
    min     max
0.000000 0.000000 source latency
0.248773         network latency _644_/CLK
        0.254586 network latency _695_/CLK
---------------
0.248773 0.254586 latency
        0.005813 skew

fall -> fall
    min     max
0.000000 0.000000 source latency
0.242177         network latency _644_/CLK
        0.246203 network latency _695_/CLK
---------------
0.242177 0.246203 latency
        0.004026 skew



===========================================================================
report_clock_min_period
============================================================================
wclk period_min = 1.71 fmax = 584.49
Clock: rclk
Sources: rclk 
Generated: no
Virtual: yes
Propagated: no
Period: 14.000000

===========================================================================
report_clock_properties
============================================================================
Clock                   Period          Waveform
----------------------------------------------------
rclk                 14.000000    0.000000  7.000000

===========================================================================
report_clock_latency
============================================================================
Clock rclk
rise -> rise
    min     max
0.000000 0.000000 source latency
0.174670         network latency _535_/CLK
        0.177083 network latency _548_/CLK
---------------
0.174670 0.177083 latency
        0.002413 skew

fall -> fall
    min     max
0.000000 0.000000 source latency
0.192076         network latency _535_/CLK
        0.193835 network latency _548_/CLK
---------------
0.192076 0.193835 latency
        0.001759 skew



===========================================================================
report_clock_min_period
============================================================================
rclk period_min = 1.28 fmax = 784.27
