Clock: wclk
Sources: wclk 
Generated: no
Virtual: yes
Propagated: no
Period: 10.000000

===========================================================================
report_clock_properties
============================================================================
Clock                   Period          Waveform
----------------------------------------------------
wclk                 10.000000    0.000000  5.000000

===========================================================================
report_clock_latency
============================================================================
Clock wclk
rise -> rise
    min     max
0.000000 0.000000 source latency
0.639234         network latency _644_/CLK
        0.655223 network latency _695_/CLK
---------------
0.639234 0.655223 latency
        0.015989 skew

fall -> fall
    min     max
0.000000 0.000000 source latency
0.625934         network latency _644_/CLK
        0.639300 network latency _695_/CLK
---------------
0.625934 0.639300 latency
        0.013367 skew



===========================================================================
report_clock_min_period
============================================================================
wclk period_min = 5.74 fmax = 174.07
Clock: rclk
Sources: rclk 
Generated: no
Virtual: yes
Propagated: no
Period: 14.000000

===========================================================================
report_clock_properties
============================================================================
Clock                   Period          Waveform
----------------------------------------------------
rclk                 14.000000    0.000000  7.000000

===========================================================================
report_clock_latency
============================================================================
Clock rclk
rise -> rise
    min     max
0.000000 0.000000 source latency
0.445142         network latency _534_/CLK
        0.451593 network latency _548_/CLK
---------------
0.445142 0.451593 latency
        0.006451 skew

fall -> fall
    min     max
0.000000 0.000000 source latency
0.499466         network latency _532_/CLK
        0.504756 network latency _548_/CLK
---------------
0.499466 0.504756 latency
        0.005290 skew



===========================================================================
report_clock_min_period
============================================================================
rclk period_min = 4.66 fmax = 214.68
