
===========================================================================
report_checks -unconstrained
===========================================================================
======================= min_tt_025C_1v80 Corner ===================================

Startpoint: _657_ (rising edge-triggered flip-flop clocked by rclk)
Endpoint: _548_ (rising edge-triggered flip-flop clocked by rclk)
Path Group: rclk
Path Type: max

Fanout         Cap        Slew       Delay        Time   Description
---------------------------------------------------------------------------------------------
                                  0.000000    0.000000   clock rclk (rise edge)
                                  0.000000    0.000000   clock source latency
     1    0.014579    0.000000    0.000000    0.000000 ^ rclk (in)
                                                         rclk (net)
                      0.000483    0.000242    0.000242 ^ clkbuf_0_rclk/A (sky130_fd_sc_hd__clkbuf_16)
     2    0.018011    0.040151    0.107965    0.108206 ^ clkbuf_0_rclk/X (sky130_fd_sc_hd__clkbuf_16)
                                                         clknet_0_rclk (net)
                      0.040151    0.000149    0.108355 ^ clkbuf_1_1__f_rclk/A (sky130_fd_sc_hd__clkbuf_16)
    16    0.043157    0.062589    0.142576    0.250931 ^ clkbuf_1_1__f_rclk/X (sky130_fd_sc_hd__clkbuf_16)
                                                         clknet_1_1__leaf_rclk (net)
                      0.062589    0.000283    0.251214 ^ _657_/CLK (sky130_fd_sc_hd__dfrtp_4)
    36    0.221720    0.613208    0.832700    1.083914 ^ _657_/Q (sky130_fd_sc_hd__dfrtp_4)
                                                         bram.raddr[0] (net)
                      0.613654    0.010263    1.094177 ^ _280_/S0 (sky130_fd_sc_hd__mux4_1)
     1    0.005095    0.096947    0.648122    1.742299 v _280_/X (sky130_fd_sc_hd__mux4_1)
                                                         _162_ (net)
                      0.096947    0.000088    1.742387 v _281_/A1 (sky130_fd_sc_hd__mux2_1)
     1    0.009132    0.085034    0.349374    2.091760 v _281_/X (sky130_fd_sc_hd__mux2_1)
                                                         _163_ (net)
                      0.085034    0.000356    2.092116 v _282_/B1 (sky130_fd_sc_hd__a22o_1)
     1    0.009229    0.068563    0.223104    2.315220 v _282_/X (sky130_fd_sc_hd__a22o_1)
                                                         _006_ (net)
                      0.068563    0.000313    2.315533 v _548_/D (sky130_fd_sc_hd__dfxtp_1)
                                              2.315533   data arrival time

                                 14.000000   14.000000   clock rclk (rise edge)
                                  0.000000   14.000000   clock source latency
     1    0.014579    0.000000    0.000000   14.000000 ^ rclk (in)
                                                         rclk (net)
                      0.000483    0.000242   14.000241 ^ clkbuf_0_rclk/A (sky130_fd_sc_hd__clkbuf_16)
     2    0.018011    0.040151    0.107965   14.108207 ^ clkbuf_0_rclk/X (sky130_fd_sc_hd__clkbuf_16)
                                                         clknet_0_rclk (net)
                      0.040151    0.000122   14.108328 ^ clkbuf_1_0__f_rclk/A (sky130_fd_sc_hd__clkbuf_16)
    12    0.047265    0.066280    0.145579   14.253907 ^ clkbuf_1_0__f_rclk/X (sky130_fd_sc_hd__clkbuf_16)
                                                         clknet_1_0__leaf_rclk (net)
                      0.066286    0.000673   14.254580 ^ _548_/CLK (sky130_fd_sc_hd__dfxtp_1)
                                  0.000000   14.254580   clock reconvergence pessimism
                                 -0.115891   14.138689   library setup time
                                             14.138689   data required time
---------------------------------------------------------------------------------------------
                                             14.138689   data required time
                                             -2.315533   data arrival time
---------------------------------------------------------------------------------------------
                                             11.823156   slack (MET)


Startpoint: _554_ (rising edge-triggered flip-flop clocked by wclk)
Endpoint: _617_ (rising edge-triggered flip-flop clocked by wclk)
Path Group: wclk
Path Type: max

Fanout         Cap        Slew       Delay        Time   Description
---------------------------------------------------------------------------------------------
                                  0.000000    0.000000   clock wclk (rise edge)
                                  0.000000    0.000000   clock source latency
     1    0.020608    0.000000    0.000000    0.000000 ^ wclk (in)
                                                         wclk (net)
                      0.001924    0.000962    0.000962 ^ clkbuf_0_wclk/A (sky130_fd_sc_hd__clkbuf_16)
    16    0.113871    0.127221    0.180784    0.181746 ^ clkbuf_0_wclk/X (sky130_fd_sc_hd__clkbuf_16)
                                                         clknet_0_wclk (net)
                      0.127290    0.001239    0.182985 ^ clkbuf_4_13_0_wclk/A (sky130_fd_sc_hd__clkbuf_8)
    10    0.033412    0.071773    0.178910    0.361895 ^ clkbuf_4_13_0_wclk/X (sky130_fd_sc_hd__clkbuf_8)
                                                         clknet_4_13_0_wclk (net)
                      0.071773    0.000263    0.362158 ^ _554_/CLK (sky130_fd_sc_hd__dfrtp_1)
     2    0.009406    0.067904    0.399296    0.761454 v _554_/Q (sky130_fd_sc_hd__dfrtp_1)
                                                         r_ptr_gray_sync[4] (net)
                      0.067904    0.000076    0.761530 v _291_/A (sky130_fd_sc_hd__xor2_1)
     3    0.011937    0.283125    0.275119    1.036649 ^ _291_/X (sky130_fd_sc_hd__xor2_1)
                                                         _171_ (net)
                      0.283125    0.000109    1.036758 ^ _292_/B (sky130_fd_sc_hd__xnor2_1)
     3    0.010686    0.269939    0.216773    1.253531 ^ _292_/Y (sky130_fd_sc_hd__xnor2_1)
                                                         _172_ (net)
                      0.269939    0.000152    1.253683 ^ _293_/B (sky130_fd_sc_hd__xnor2_1)
     1    0.004663    0.150999    0.168064    1.421747 ^ _293_/Y (sky130_fd_sc_hd__xnor2_1)
                                                         _173_ (net)
                      0.150999    0.000062    1.421809 ^ _297_/S (sky130_fd_sc_hd__mux2_1)
     2    0.006881    0.075268    0.363063    1.784872 v _297_/X (sky130_fd_sc_hd__mux2_1)
                                                         _177_ (net)
                      0.075268    0.000065    1.784937 v _329_/A1 (sky130_fd_sc_hd__a21boi_2)
     3    0.017672    0.229986    0.241452    2.026388 ^ _329_/Y (sky130_fd_sc_hd__a21boi_2)
                                                         _198_ (net)
                      0.229986    0.000328    2.026716 ^ max_cap23/A (sky130_fd_sc_hd__buf_8)
    20    0.117614    0.192028    0.254456    2.281173 ^ max_cap23/X (sky130_fd_sc_hd__buf_8)
                                                         net23 (net)
                      0.192030    0.000991    2.282163 ^ _453_/C (sky130_fd_sc_hd__and4bb_4)
     8    0.055182    0.203944    0.391577    2.673740 ^ _453_/X (sky130_fd_sc_hd__and4bb_4)
                                                         _245_ (net)
                      0.203944    0.000539    2.674279 ^ _455_/S (sky130_fd_sc_hd__mux2_1)
     1    0.003422    0.059133    0.347345    3.021624 v _455_/X (sky130_fd_sc_hd__mux2_1)
                                                         _073_ (net)
                      0.059133    0.000045    3.021669 v _617_/D (sky130_fd_sc_hd__dfxtp_1)
                                              3.021669   data arrival time

                                 10.000000   10.000000   clock wclk (rise edge)
                                  0.000000   10.000000   clock source latency
     1    0.020608    0.000000    0.000000   10.000000 ^ wclk (in)
                                                         wclk (net)
                      0.001924    0.000962   10.000962 ^ clkbuf_0_wclk/A (sky130_fd_sc_hd__clkbuf_16)
    16    0.113871    0.127221    0.180783   10.181746 ^ clkbuf_0_wclk/X (sky130_fd_sc_hd__clkbuf_16)
                                                         clknet_0_wclk (net)
                      0.127288    0.001187   10.182932 ^ clkbuf_4_7_0_wclk/A (sky130_fd_sc_hd__clkbuf_8)
    11    0.032340    0.070112    0.177578   10.360510 ^ clkbuf_4_7_0_wclk/X (sky130_fd_sc_hd__clkbuf_8)
                                                         clknet_4_7_0_wclk (net)
                      0.070112    0.000212   10.360723 ^ _617_/CLK (sky130_fd_sc_hd__dfxtp_1)
                                  0.000000   10.360723   clock reconvergence pessimism
                                 -0.110860   10.249862   library setup time
                                             10.249862   data required time
---------------------------------------------------------------------------------------------
                                             10.249862   data required time
                                             -3.021669   data arrival time
---------------------------------------------------------------------------------------------
                                              7.228192   slack (MET)




===========================================================================
report_checks --slack_max -0.01
============================================================================
======================= min_tt_025C_1v80 Corner ===================================

No paths found.


===========================================================================
 report_check_types -max_slew -max_cap -max_fanout -violators
============================================================================
======================= min_tt_025C_1v80 Corner ===================================



===========================================================================
report_parasitic_annotation -report_unannotated
============================================================================
Found 16 unannotated drivers.
 clkload0/X
 clkload1/Y
 clkload10/Y
 clkload11/Y
 clkload12/Y
 clkload13/Y
 clkload14/Y
 clkload15/Y
 clkload2/X
 clkload3/Y
 clkload4/Y
 clkload5/Y
 clkload6/Y
 clkload7/Y
 clkload8/Y
 clkload9/X
Found 0 partially unannotated drivers.

===========================================================================
max slew violation count 0
max fanout violation count 0
max cap violation count 0
============================================================================

===========================================================================
check_setup -verbose -unconstrained_endpoints -multiple_clock -no_clock -no_input_delay -loops -generated_clocks
===========================================================================
Warning: There are 12 input ports missing set_input_delay.
  ren
  rrst_n
  wdata[0]
  wdata[1]
  wdata[2]
  wdata[3]
  wdata[4]
  wdata[5]
  wdata[6]
  wdata[7]
  wen
  wrst_n
Warning: There are 10 unconstrained endpoints.
  empty
  full
  rdata[0]
  rdata[1]
  rdata[2]
  rdata[3]
  rdata[4]
  rdata[5]
  rdata[6]
  rdata[7]
