Clock: wclk
Sources: wclk 
Generated: no
Virtual: yes
Propagated: no
Period: 10.000000

===========================================================================
report_clock_properties
============================================================================
Clock                   Period          Waveform
----------------------------------------------------
wclk                 10.000000    0.000000  5.000000

===========================================================================
report_clock_latency
============================================================================
Clock wclk
rise -> rise
    min     max
0.000000 0.000000 source latency
0.357580         network latency _644_/CLK
        0.365344 network latency _695_/CLK
---------------
0.357580 0.365344 latency
        0.007764 skew

fall -> fall
    min     max
0.000000 0.000000 source latency
0.349579         network latency _644_/CLK
        0.355151 network latency _695_/CLK
---------------
0.349579 0.355151 latency
        0.005572 skew



===========================================================================
report_clock_min_period
============================================================================
wclk period_min = 2.77 fmax = 360.78
Clock: rclk
Sources: rclk 
Generated: no
Virtual: yes
Propagated: no
Period: 14.000000

===========================================================================
report_clock_properties
============================================================================
Clock                   Period          Waveform
----------------------------------------------------
rclk                 14.000000    0.000000  7.000000

===========================================================================
report_clock_latency
============================================================================
Clock rclk
rise -> rise
    min     max
0.000000 0.000000 source latency
0.251110         network latency _535_/CLK
        0.254580 network latency _548_/CLK
---------------
0.251110 0.254580 latency
        0.003470 skew

fall -> fall
    min     max
0.000000 0.000000 source latency
0.279959         network latency _535_/CLK
        0.282625 network latency _548_/CLK
---------------
0.279959 0.282625 latency
        0.002667 skew



===========================================================================
report_clock_min_period
============================================================================
rclk period_min = 2.18 fmax = 459.38
