
===========================================================================
 report_power
============================================================================
======================= min_tt_025C_1v80 Corner ===================================

Group                    Internal    Switching      Leakage        Total
                            Power        Power        Power        Power (Watts)
------------------------------------------------------------------------
Sequential           1.043126e-03 2.499040e-04 1.582645e-09 1.293032e-03  48.2%
Combinational        5.361206e-04 3.033493e-04 1.373560e-09 8.394712e-04  31.3%
Clock                3.159933e-04 2.329654e-04 1.690127e-09 5.489603e-04  20.5%
Macro                0.000000e+00 0.000000e+00 0.000000e+00 0.000000e+00   0.0%
Pad                  0.000000e+00 0.000000e+00 0.000000e+00 0.000000e+00   0.0%
------------------------------------------------------------------------
Total                1.895240e-03 7.862186e-04 4.646325e-09 2.681463e-03 100.0%
                            70.7%        29.3%         0.0%

